Archive member included to satisfy reference by file (symbol)

C:/ST/STM32CubeIDE_1.15.1/STM32CubeIDE/plugins/com.st.stm32cube.ide.mcu.externaltools.gnu-tools-for-stm32.12.3.rel1.win32_1.0.100.202403111256/tools/bin/../lib/gcc/arm-none-eabi/12.3.1/../../../../arm-none-eabi/lib/thumb/v7e-m+fp/hard\libc_nano.a(libc_a-exit.o)
                              C:/ST/STM32CubeIDE_1.15.1/STM32CubeIDE/plugins/com.st.stm32cube.ide.mcu.externaltools.gnu-tools-for-stm32.12.3.rel1.win32_1.0.100.202403111256/tools/bin/../lib/gcc/arm-none-eabi/12.3.1/../../../../arm-none-eabi/lib/thumb/v7e-m+fp/hard/crt0.o (exit)
C:/ST/STM32CubeIDE_1.15.1/STM32CubeIDE/plugins/com.st.stm32cube.ide.mcu.externaltools.gnu-tools-for-stm32.12.3.rel1.win32_1.0.100.202403111256/tools/bin/../lib/gcc/arm-none-eabi/12.3.1/../../../../arm-none-eabi/lib/thumb/v7e-m+fp/hard\libc_nano.a(libc_a-malloc.o)
                              ./Wiznet_W5500/httpServer.o (malloc)
C:/ST/STM32CubeIDE_1.15.1/STM32CubeIDE/plugins/com.st.stm32cube.ide.mcu.externaltools.gnu-tools-for-stm32.12.3.rel1.win32_1.0.100.202403111256/tools/bin/../lib/gcc/arm-none-eabi/12.3.1/../../../../arm-none-eabi/lib/thumb/v7e-m+fp/hard\libc_nano.a(libc_a-mallocr.o)
                              C:/ST/STM32CubeIDE_1.15.1/STM32CubeIDE/plugins/com.st.stm32cube.ide.mcu.externaltools.gnu-tools-for-stm32.12.3.rel1.win32_1.0.100.202403111256/tools/bin/../lib/gcc/arm-none-eabi/12.3.1/../../../../arm-none-eabi/lib/thumb/v7e-m+fp/hard\libc_nano.a(libc_a-malloc.o) (_malloc_r)
C:/ST/STM32CubeIDE_1.15.1/STM32CubeIDE/plugins/com.st.stm32cube.ide.mcu.externaltools.gnu-tools-for-stm32.12.3.rel1.win32_1.0.100.202403111256/tools/bin/../lib/gcc/arm-none-eabi/12.3.1/../../../../arm-none-eabi/lib/thumb/v7e-m+fp/hard\libc_nano.a(libc_a-mlock.o)
                              C:/ST/STM32CubeIDE_1.15.1/STM32CubeIDE/plugins/com.st.stm32cube.ide.mcu.externaltools.gnu-tools-for-stm32.12.3.rel1.win32_1.0.100.202403111256/tools/bin/../lib/gcc/arm-none-eabi/12.3.1/../../../../arm-none-eabi/lib/thumb/v7e-m+fp/hard\libc_nano.a(libc_a-mallocr.o) (__malloc_lock)
C:/ST/STM32CubeIDE_1.15.1/STM32CubeIDE/plugins/com.st.stm32cube.ide.mcu.externaltools.gnu-tools-for-stm32.12.3.rel1.win32_1.0.100.202403111256/tools/bin/../lib/gcc/arm-none-eabi/12.3.1/../../../../arm-none-eabi/lib/thumb/v7e-m+fp/hard\libc_nano.a(libc_a-findfp.o)
                              C:/ST/STM32CubeIDE_1.15.1/STM32CubeIDE/plugins/com.st.stm32cube.ide.mcu.externaltools.gnu-tools-for-stm32.12.3.rel1.win32_1.0.100.202403111256/tools/bin/../lib/gcc/arm-none-eabi/12.3.1/../../../../arm-none-eabi/lib/thumb/v7e-m+fp/hard\libc_nano.a(libc_a-exit.o) (__stdio_exit_handler)
C:/ST/STM32CubeIDE_1.15.1/STM32CubeIDE/plugins/com.st.stm32cube.ide.mcu.externaltools.gnu-tools-for-stm32.12.3.rel1.win32_1.0.100.202403111256/tools/bin/../lib/gcc/arm-none-eabi/12.3.1/../../../../arm-none-eabi/lib/thumb/v7e-m+fp/hard\libc_nano.a(libc_a-fwalk.o)
                              C:/ST/STM32CubeIDE_1.15.1/STM32CubeIDE/plugins/com.st.stm32cube.ide.mcu.externaltools.gnu-tools-for-stm32.12.3.rel1.win32_1.0.100.202403111256/tools/bin/../lib/gcc/arm-none-eabi/12.3.1/../../../../arm-none-eabi/lib/thumb/v7e-m+fp/hard\libc_nano.a(libc_a-findfp.o) (_fwalk_sglue)
C:/ST/STM32CubeIDE_1.15.1/STM32CubeIDE/plugins/com.st.stm32cube.ide.mcu.externaltools.gnu-tools-for-stm32.12.3.rel1.win32_1.0.100.202403111256/tools/bin/../lib/gcc/arm-none-eabi/12.3.1/../../../../arm-none-eabi/lib/thumb/v7e-m+fp/hard\libc_nano.a(libc_a-printf.o)
                              ./Src/main.o (printf)
C:/ST/STM32CubeIDE_1.15.1/STM32CubeIDE/plugins/com.st.stm32cube.ide.mcu.externaltools.gnu-tools-for-stm32.12.3.rel1.win32_1.0.100.202403111256/tools/bin/../lib/gcc/arm-none-eabi/12.3.1/../../../../arm-none-eabi/lib/thumb/v7e-m+fp/hard\libc_nano.a(libc_a-puts.o)
                              ./Src/main.o (puts)
C:/ST/STM32CubeIDE_1.15.1/STM32CubeIDE/plugins/com.st.stm32cube.ide.mcu.externaltools.gnu-tools-for-stm32.12.3.rel1.win32_1.0.100.202403111256/tools/bin/../lib/gcc/arm-none-eabi/12.3.1/../../../../arm-none-eabi/lib/thumb/v7e-m+fp/hard\libc_nano.a(libc_a-sprintf.o)
                              ./Src/w5500_driver.o (sprintf)
C:/ST/STM32CubeIDE_1.15.1/STM32CubeIDE/plugins/com.st.stm32cube.ide.mcu.externaltools.gnu-tools-for-stm32.12.3.rel1.win32_1.0.100.202403111256/tools/bin/../lib/gcc/arm-none-eabi/12.3.1/../../../../arm-none-eabi/lib/thumb/v7e-m+fp/hard\libc_nano.a(libc_a-stdio.o)
                              C:/ST/STM32CubeIDE_1.15.1/STM32CubeIDE/plugins/com.st.stm32cube.ide.mcu.externaltools.gnu-tools-for-stm32.12.3.rel1.win32_1.0.100.202403111256/tools/bin/../lib/gcc/arm-none-eabi/12.3.1/../../../../arm-none-eabi/lib/thumb/v7e-m+fp/hard\libc_nano.a(libc_a-findfp.o) (__sread)
[...]
Memory Configuration

Name             Origin             Length             Attributes
RAM              0x20000000         0x00020000         xrw
FLASH            0x08000000         0x00080000         xr
*default*        0x00000000         0xffffffff

Linker script and memory map

LOAD C:/ST/STM32CubeIDE_1.15.1/STM32CubeIDE/plugins/com.st.stm32cube.ide.mcu.externaltools.gnu-tools-for-stm32.12.3.rel1.win32_1.0.100.202403111256/tools/bin/../lib/gcc/arm-none-eabi/12.3.1/thumb/v7e-m+fp/hard/crti.o
LOAD C:/ST/STM32CubeIDE_1.15.1/STM32CubeIDE/plugins/com.st.stm32cube.ide.mcu.externaltools.gnu-tools-for-stm32.12.3.rel1.win32_1.0.100.202403111256/tools/bin/../lib/gcc/arm-none-eabi/12.3.1/thumb/v7e-m+fp/hard/crtbegin.o
LOAD C:/ST/STM32CubeIDE_1.15.1/STM32CubeIDE/plugins/com.st.stm32cube.ide.mcu.externaltools.gnu-tools-for-stm32.12.3.rel1.win32_1.0.100.202403111256/tools/bin/../lib/gcc/arm-none-eabi/12.3.1/../../../../arm-none-eabi/lib/thumb/v7e-m+fp/hard/crt0.o
LOAD ./Src/adc.o
LOAD ./Src/bsp.o
LOAD ./Src/fpu.o
LOAD ./Src/main.o
LOAD ./Src/spi.o
LOAD ./Src/syscalls.o
LOAD ./Src/sysmem.o
LOAD ./Src/timebase.o
LOAD ./Src/uart.o
LOAD ./Src/w5500_driver.o
LOAD ./Src/webpages.o
LOAD ./Startup/startup_stm32f411retx.o
LOAD ./Wiznet_W5500/dhcp.o
LOAD ./Wiznet_W5500/httpParser.o
LOAD ./Wiznet_W5500/httpServer.o
LOAD ./Wiznet_W5500/httpUtil.o
LOAD ./Wiznet_W5500/socket.o
LOAD ./Wiznet_W5500/w5500.o
LOAD ./Wiznet_W5500/wizchip_conf.o
START GROUP
LOAD C:/ST/STM32CubeIDE_1.15.1/STM32CubeIDE/plugins/com.st.stm32cube.ide.mcu.externaltools.gnu-tools-for-stm32.12.3.rel1.win32_1.0.100.202403111256/tools/bin/../lib/gcc/arm-none-eabi/12.3.1/../../../../arm-none-eabi/lib/thumb/v7e-m+fp/hard\libc_nano.a
LOAD C:/ST/STM32CubeIDE_1.15.1/STM32CubeIDE/plugins/com.st.stm32cube.ide.mcu.externaltools.gnu-tools-for-stm32.12.3.rel1.win32_1.0.100.202403111256/tools/bin/../lib/gcc/arm-none-eabi/12.3.1/../../../../arm-none-eabi/lib/thumb/v7e-m+fp/hard\libm.a
END GROUP
START GROUP
LOAD C:/ST/STM32CubeIDE_1.15.1/STM32CubeIDE/plugins/com.st.stm32cube.ide.mcu.externaltools.gnu-tools-for-stm32.12.3.rel1.win32_1.0.100.202403111256/tools/bin/../lib/gcc/arm-none-eabi/12.3.1/thumb/v7e-m+fp/hard\libgcc.a
LOAD C:/ST/STM32CubeIDE_1.15.1/STM32CubeIDE/plugins/com.st.stm32cube.ide.mcu.externaltools.gnu-tools-for-stm32.12.3.rel1.win32_1.0.100.202403111256/tools/bin/../lib/gcc/arm-none-eabi/12.3.1/../../../../arm-none-eabi/lib/thumb/v7e-m+fp/hard\libc_nano.a
END GROUP
START GROUP
LOAD C:/ST/STM32CubeIDE_1.15.1/STM32CubeIDE/plugins/com.st.stm32cube.ide.mcu.externaltools.gnu-tools-for-stm32.12.3.rel1.win32_1.0.100.202403111256/tools/bin/../lib/gcc/arm-none-eabi/12.3.1/thumb/v7e-m+fp/hard\libgcc.a
LOAD C:/ST/STM32CubeIDE_1.15.1/STM32CubeIDE/plugins/com.st.stm32cube.ide.mcu.externaltools.gnu-tools-for-stm32.12.3.rel1.win32_1.0.100.202403111256/tools/bin/../lib/gcc/arm-none-eabi/12.3.1/../../../../arm-none-eabi/lib/thumb/v7e-m+fp/hard\libc_nano.a
LOAD C:/ST/STM32CubeIDE_1.15.1/STM32CubeIDE/plugins/com.st.stm32cube.ide.mcu.externaltools.gnu-tools-for-stm32.12.3.rel1.win32_1.0.100.202403111256/tools/bin/../lib/gcc/arm-none-eabi/12.3.1/../../../../arm-none-eabi/lib/thumb/v7e-m+fp/hard\libnosys.a
END GROUP
START GROUP
LOAD C:/ST/STM32CubeIDE_1.15.1/STM32CubeIDE/plugins/com.st.stm32cube.ide.mcu.externaltools.gnu-tools-for-stm32.12.3.rel1.win32_1.0.100.202403111256/tools/bin/../lib/gcc/arm-none-eabi/12.3.1/thumb/v7e-m+fp/hard\libgcc.a
LOAD C:/ST/STM32CubeIDE_1.15.1/STM32CubeIDE/plugins/com.st.stm32cube.ide.mcu.externaltools.gnu-tools-for-stm32.12.3.rel1.win32_1.0.100.202403111256/tools/bin/../lib/gcc/arm-none-eabi/12.3.1/../../../../arm-none-eabi/lib/thumb/v7e-m+fp/hard\libc_nano.a
LOAD C:/ST/STM32CubeIDE_1.15.1/STM32CubeIDE/plugins/com.st.stm32cube.ide.mcu.externaltools.gnu-tools-for-stm32.12.3.rel1.win32_1.0.100.202403111256/tools/bin/../lib/gcc/arm-none-eabi/12.3.1/../../../../arm-none-eabi/lib/thumb/v7e-m+fp/hard\libnosys.a
END GROUP
LOAD C:/ST/STM32CubeIDE_1.15.1/STM32CubeIDE/plugins/com.st.stm32cube.ide.mcu.externaltools.gnu-tools-for-stm32.12.3.rel1.win32_1.0.100.202403111256/tools/bin/../lib/gcc/arm-none-eabi/12.3.1/thumb/v7e-m+fp/hard/crtend.o
LOAD C:/ST/STM32CubeIDE_1.15.1/STM32CubeIDE/plugins/com.st.stm32cube.ide.mcu.externaltools.gnu-tools-for-stm32.12.3.rel1.win32_1.0.100.202403111256/tools/bin/../lib/gcc/arm-none-eabi/12.3.1/thumb/v7e-m+fp/hard/crtn.o
                0x20020000                        _estack = (ORIGIN (RAM) + LENGTH (RAM))
                0x00000200                        _Min_Heap_Size = 0x200
                0x00000400                        _Min_Stack_Size = 0x400

.isr_vector     0x08000000      0x198
                0x08000000                        . = ALIGN (0x4)
 *(.isr_vector)
 .isr_vector    0x08000000      0x198 ./Startup/startup_stm32f411retx.o
                0x08000000                g_pfnVectors
                0x08000198                        . = ALIGN (0x4)

.text           0x080001a0     0x7614
                0x080001a0                        . = ALIGN (0x4)
 *(.text)
 .text          0x080001a0       0x40 C:/ST/STM32CubeIDE_1.15.1/STM32CubeIDE/plugins/com.st.stm32cube.ide.mcu.externaltools.gnu-tools-for-stm32.12.3.rel1.win32_1.0.100.202403111256/tools/bin/../lib/gcc/arm-none-eabi/12.3.1/thumb/v7e-m+fp/hard/crtbegin.o
 .text          0x080001e0       0x14 C:/ST/STM32CubeIDE_1.15.1/STM32CubeIDE/plugins/com.st.stm32cube.ide.mcu.externaltools.gnu-tools-for-stm32.12.3.rel1.win32_1.0.100.202403111256/tools/bin/../lib/gcc/arm-none-eabi/12.3.1/../../../../arm-none-eabi/lib/thumb/v7e-m+fp/hard\libc_nano.a(libc_a-strcmp.o)
                0x080001e0                strcmp
 .text          0x080001f4       0x10 C:/ST/STM32CubeIDE_1.15.1/STM32CubeIDE/plugins/com.st.stm32cube.ide.mcu.externaltools.gnu-tools-for-stm32.12.3.rel1.win32_1.0.100.202403111256/tools/bin/../lib/gcc/arm-none-eabi/12.3.1/../../../../arm-none-eabi/lib/thumb/v7e-m+fp/hard\libc_nano.a(libc_a-strlen.o)
                0x080001f4                strlen
 *fill*         0x08000204        0xc 
 .text          0x08000210       0xa0 C:/ST/STM32CubeIDE_1.15.1/STM32CubeIDE/plugins/com.st.stm32cube.ide.mcu.externaltools.gnu-tools-for-stm32.12.3.rel1.win32_1.0.100.202403111256/tools/bin/../lib/gcc/arm-none-eabi/12.3.1/../../../../arm-none-eabi/lib/thumb/v7e-m+fp/hard\libc_nano.a(libc_a-memchr.o)
                0x08000210                memchr
 *(.text*)
 .text.pa1_adc_init
                0x080002b0       0x64 ./Src/adc.o
                0x080002b0                pa1_adc_init
 .text.start_conversion
                0x08000314       0x2c ./Src/adc.o
                0x08000314                start_conversion
 .text.led_init
                0x08000340       0x3c ./Src/bsp.o
                0x08000340                led_init
 .text.button_init
                0x0800037c       0x3c ./Src/bsp.o
                0x0800037c                button_init
 .text.fpu_enable
                0x080003b8       0x54 ./Src/fpu.o
                0x080003b8                fpu_enable
 .text.__NVIC_SystemReset
                0x0800040c       0x2c ./Src/main.o
 .text.check_cable_connection
                0x08000438       0x4c ./Src/main.o
                0x08000438                check_cable_connection
 .text.display_phy_config
                0x08000484       0x98 ./Src/main.o
                0x08000484                display_phy_config
 .text.main     0x0800051c       0xd8 ./Src/main.o
                0x0800051c                main
 .text.spi1_gpio_init
                0x080005f4      0x108 ./Src/spi.o
                0x080005f4                spi1_gpio_init
 .text.spi_init
                0x080006fc       0xd0 ./Src/spi.o
                0x080006fc                spi_init
 .text.spi_transmit
                0x080007cc      0x240 ./Src/spi.o
                0x080007cc                spi_transmit
 .text.spi_receive
                0x08000a0c      0x1da ./Src/spi.o
                0x08000a0c                spi_receive
 .text.spi_transmit_receive
                0x08000be6      0x292 ./Src/spi.o
                0x08000be6                spi_transmit_receive
 .text._getpid  0x08000e78       0x10 ./Src/syscalls.o
                0x08000e78                _getpid
 .text._kill    0x08000e88       0x20 ./Src/syscalls.o
                0x08000e88                _kill
 .text._exit    0x08000ea8       0x16 ./Src/syscalls.o
                0x08000ea8                _exit
 .text._read    0x08000ebe       0x3a ./Src/syscalls.o
                0x08000ebe                _read
 .text._write   0x08000ef8       0x38 ./Src/syscalls.o
                0x08000ef8                _write
 .text._close   0x08000f30       0x18 ./Src/syscalls.o
                0x08000f30                _close
 .text._fstat   0x08000f48       0x20 ./Src/syscalls.o
                0x08000f48                _fstat
 .text._isatty  0x08000f68       0x16 ./Src/syscalls.o
                0x08000f68                _isatty
 .text._lseek   0x08000f7e       0x1a ./Src/syscalls.o
                0x08000f7e                _lseek
 .text._sbrk    0x08000f98       0x6c ./Src/sysmem.o
                0x08000f98                _sbrk
 .text.delay    0x08001004       0x3c ./Src/timebase.o
                0x08001004                delay
 .text.get_tick
                0x08001040       0x2c ./Src/timebase.o
                0x08001040                get_tick
 .text.tick_increment
                0x0800106c       0x1c ./Src/timebase.o
 .text.timebase_init
                0x08001088       0x48 ./Src/timebase.o
                0x08001088                timebase_init
 .text.SysTick_Handler
                0x080010d0        0xc ./Src/timebase.o
                0x080010d0                SysTick_Handler
 .text.__io_putchar
                0x080010dc       0x18 ./Src/uart.o
                0x080010dc                __io_putchar
 .text.debug_uart_init
                0x080010f4       0x94 ./Src/uart.o
                0x080010f4                debug_uart_init
 .text.uart_write
                0x08001188       0x30 ./Src/uart.o
 .text.compute_uart_bd
                0x080011b8       0x26 ./Src/uart.o
 *fill*         0x080011de        0x2 
 .text.uart_set_baudrate
                0x080011e0       0x28 ./Src/uart.o
 .text.ip_assigned_callback
                0x08001208       0x18 ./Src/w5500_driver.o
                0x08001208                ip_assigned_callback
 .text.ip_update_callback
                0x08001220       0x18 ./Src/w5500_driver.o
                0x08001220                ip_update_callback
 .text.ip_conflict_callback
                0x08001238       0x18 ./Src/w5500_driver.o
                0x08001238                ip_conflict_callback
 .text.wizchip_cs_pin_init
                0x08001250       0x3c ./Src/w5500_driver.o
                0x08001250                wizchip_cs_pin_init
 .text.wizchip_pin_cs_select
                0x0800128c       0x20 ./Src/w5500_driver.o
                0x0800128c                wizchip_pin_cs_select
 .text.wizchip_pin_cs_deselect
                0x080012ac       0x20 ./Src/w5500_driver.o
                0x080012ac                wizchip_pin_cs_deselect
 .text.wizchip_read_burst
                0x080012cc       0x28 ./Src/w5500_driver.o
                0x080012cc                wizchip_read_burst
 .text.wizchip_read_byte
                0x080012f4       0x1a ./Src/w5500_driver.o
                0x080012f4                wizchip_read_byte
 *fill*         0x0800130e        0x2 
 .text.wizchip_write_burst
                0x08001310       0x28 ./Src/w5500_driver.o
                0x08001310                wizchip_write_burst
 .text.wizchip_write_byte
                0x08001338       0x1c ./Src/w5500_driver.o
                0x08001338                wizchip_write_byte
 .text.w5500_spi_init
                0x08001354       0x58 ./Src/w5500_driver.o
                0x08001354                w5500_spi_init
 .text.w5500_init
                0x080013ac      0x180 ./Src/w5500_driver.o
                0x080013ac                w5500_init
 .text.Reset_Handler
                0x0800152c       0x50 ./Startup/startup_stm32f411retx.o
                0x0800152c                Reset_Handler
 .text.Default_Handler
                0x0800157c        0x2 ./Startup/startup_stm32f411retx.o
                0x0800157c                RTC_Alarm_IRQHandler
                0x0800157c                EXTI2_IRQHandler
                0x0800157c                DebugMon_Handler
                0x0800157c                SPI4_IRQHandler
                0x0800157c                TIM1_CC_IRQHandler
                0x0800157c                DMA2_Stream5_IRQHandler
                0x0800157c                HardFault_Handler
                0x0800157c                DMA1_Stream5_IRQHandler
                0x0800157c                PVD_IRQHandler
                0x0800157c                SDIO_IRQHandler
                0x0800157c                TAMP_STAMP_IRQHandler
                0x0800157c                PendSV_Handler
                0x0800157c                NMI_Handler
                0x0800157c                EXTI3_IRQHandler
                0x0800157c                TIM1_UP_TIM10_IRQHandler
                0x0800157c                I2C3_ER_IRQHandler
                0x0800157c                EXTI0_IRQHandler
                0x0800157c                I2C2_EV_IRQHandler
                0x0800157c                DMA1_Stream2_IRQHandler
                0x0800157c                FPU_IRQHandler
                0x0800157c                UsageFault_Handler
                0x0800157c                DMA2_Stream2_IRQHandler
                0x0800157c                SPI1_IRQHandler
                0x0800157c                TIM1_BRK_TIM9_IRQHandler
                0x0800157c                DMA2_Stream3_IRQHandler
                0x0800157c                USART6_IRQHandler
                0x0800157c                DMA2_Stream0_IRQHandler
                0x0800157c                TIM4_IRQHandler
                0x0800157c                I2C1_EV_IRQHandler
                0x0800157c                DMA1_Stream6_IRQHandler
                0x0800157c                DMA1_Stream1_IRQHandler
                0x0800157c                TIM3_IRQHandler
                0x0800157c                RCC_IRQHandler
                0x0800157c                Default_Handler
                0x0800157c                EXTI15_10_IRQHandler
                0x0800157c                ADC_IRQHandler
                0x0800157c                DMA1_Stream7_IRQHandler
                0x0800157c                SPI5_IRQHandler
                0x0800157c                TIM5_IRQHandler
                0x0800157c                DMA2_Stream7_IRQHandler
                0x0800157c                I2C3_EV_IRQHandler
                0x0800157c                EXTI9_5_IRQHandler
                0x0800157c                RTC_WKUP_IRQHandler
                0x0800157c                SPI2_IRQHandler
                0x0800157c                MemManage_Handler
                0x0800157c                DMA1_Stream0_IRQHandler
                0x0800157c                SVC_Handler
                0x0800157c                EXTI4_IRQHandler
                0x0800157c                WWDG_IRQHandler
                0x0800157c                TIM2_IRQHandler
                0x0800157c                OTG_FS_WKUP_IRQHandler
                0x0800157c                TIM1_TRG_COM_TIM11_IRQHandler
                0x0800157c                EXTI1_IRQHandler
                0x0800157c                USART2_IRQHandler
                0x0800157c                I2C2_ER_IRQHandler
                0x0800157c                DMA2_Stream1_IRQHandler
                0x0800157c                FLASH_IRQHandler
                0x0800157c                DMA2_Stream4_IRQHandler
                0x0800157c                BusFault_Handler
                0x0800157c                USART1_IRQHandler
                0x0800157c                OTG_FS_IRQHandler
                0x0800157c                SPI3_IRQHandler
                0x0800157c                DMA1_Stream4_IRQHandler
                0x0800157c                I2C1_ER_IRQHandler
                0x0800157c                DMA2_Stream6_IRQHandler
                0x0800157c                DMA1_Stream3_IRQHandler
 *fill*         0x0800157e        0x2 
 .text.default_ip_assign
                0x08001580       0x38 ./Wiznet_W5500/dhcp.o
                0x08001580                default_ip_assign
 .text.default_ip_update
                0x080015b8       0x2c ./Wiznet_W5500/dhcp.o
                0x080015b8                default_ip_update
 .text.default_ip_conflict
                0x080015e4       0x28 ./Wiznet_W5500/dhcp.o
                0x080015e4                default_ip_conflict
 .text.reg_dhcp_cbfunc
                0x0800160c       0x68 ./Wiznet_W5500/dhcp.o
                0x0800160c                reg_dhcp_cbfunc
 .text.makeDHCPMSG
                0x08001674      0x1ec ./Wiznet_W5500/dhcp.o
                0x08001674                makeDHCPMSG
 .text.send_DHCP_DISCOVER
                0x08001860      0x38c ./Wiznet_W5500/dhcp.o
                0x08001860                send_DHCP_DISCOVER
 .text.send_DHCP_REQUEST
                0x08001bec      0x514 ./Wiznet_W5500/dhcp.o
                0x08001bec                send_DHCP_REQUEST
 .text.send_DHCP_DECLINE
                0x08002100      0x2a4 ./Wiznet_W5500/dhcp.o
                0x08002100                send_DHCP_DECLINE
 .text.parseDHCPMSG
                0x080023a4      0x43c ./Wiznet_W5500/dhcp.o
                0x080023a4                parseDHCPMSG
 .text.DHCP_run
                0x080027e0      0x234 ./Wiznet_W5500/dhcp.o
                0x080027e0                DHCP_run
 .text.check_DHCP_timeout
                0x08002a14       0xc0 ./Wiznet_W5500/dhcp.o
                0x08002a14                check_DHCP_timeout
 .text.check_DHCP_leasedIP
                0x08002ad4       0x7c ./Wiznet_W5500/dhcp.o
                0x08002ad4                check_DHCP_leasedIP
 .text.DHCP_init
                0x08002b50      0x128 ./Wiznet_W5500/dhcp.o
                0x08002b50                DHCP_init
 .text.reset_DHCP_timeout
                0x08002c78       0x2c ./Wiznet_W5500/dhcp.o
                0x08002c78                reset_DHCP_timeout
 .text.getIPfromDHCP
                0x08002ca4       0x40 ./Wiznet_W5500/dhcp.o
                0x08002ca4                getIPfromDHCP
 .text.getGWfromDHCP
                0x08002ce4       0x40 ./Wiznet_W5500/dhcp.o
                0x08002ce4                getGWfromDHCP
 .text.getSNfromDHCP
                0x08002d24       0x40 ./Wiznet_W5500/dhcp.o
                0x08002d24                getSNfromDHCP
 .text.NibbleToHex
                0x08002d64       0x32 ./Wiznet_W5500/dhcp.o
                0x08002d64                NibbleToHex
 *fill*         0x08002d96        0x2 
 .text.make_http_response_head
                0x08002d98      0x16c ./Wiznet_W5500/httpParser.o
                0x08002d98                make_http_response_head
 .text.find_http_uri_type
                0x08002f04      0x30c ./Wiznet_W5500/httpParser.o
                0x08002f04                find_http_uri_type
 .text.parse_http_request
                0x08003210       0xf4 ./Wiznet_W5500/httpParser.o
                0x08003210                parse_http_request
 .text.get_http_uri_name
                0x08003304       0x54 ./Wiznet_W5500/httpParser.o
                0x08003304                get_http_uri_name
 .text.mid      0x08003358       0x56 ./Wiznet_W5500/httpParser.o
                0x08003358                mid
 .text.default_mcu_reset
                0x080033ae        0xe ./Wiznet_W5500/httpServer.o
                0x080033ae                default_mcu_reset
 .text.default_wdt_reset
                0x080033bc        0xe ./Wiznet_W5500/httpServer.o
                0x080033bc                default_wdt_reset
 *fill*         0x080033ca        0x2 
 .text.httpServer_Sockinit
                0x080033cc       0x40 ./Wiznet_W5500/httpServer.o
                0x080033cc                httpServer_Sockinit
 .text.getHTTPSocketNum
                0x0800340c       0x20 ./Wiznet_W5500/httpServer.o
 .text.getHTTPSequenceNum
                0x0800342c       0x44 ./Wiznet_W5500/httpServer.o
 .text.httpServer_init
                0x08003470       0x38 ./Wiznet_W5500/httpServer.o
                0x08003470                httpServer_init
 .text.reg_httpServer_cbfunc
                0x080034a8       0x38 ./Wiznet_W5500/httpServer.o
                0x080034a8                reg_httpServer_cbfunc
 .text.httpServer_run
                0x080034e0      0x3c0 ./Wiznet_W5500/httpServer.o
                0x080034e0                httpServer_run
 .text.send_http_response_header
                0x080038a0      0x108 ./Wiznet_W5500/httpServer.o
 .text.send_http_response_body
                0x080039a8      0x288 ./Wiznet_W5500/httpServer.o
 .text.send_http_response_cgi
                0x08003c30       0x68 ./Wiznet_W5500/httpServer.o
 .text.http_disconnect
                0x08003c98       0x42 ./Wiznet_W5500/httpServer.o
 *fill*         0x08003cda        0x2 
 .text.http_process_handler
                0x08003cdc      0x558 ./Wiznet_W5500/httpServer.o
 .text.get_httpServer_timecount
                0x08004234       0x18 ./Wiznet_W5500/httpServer.o
                0x08004234                get_httpServer_timecount
 .text.reg_httpServer_webContent
                0x0800424c       0xc4 ./Wiznet_W5500/httpServer.o
                0x0800424c                reg_httpServer_webContent
 .text.find_userReg_webContent
                0x08004310       0x78 ./Wiznet_W5500/httpServer.o
                0x08004310                find_userReg_webContent
 .text.read_userReg_webContent
                0x08004388       0x7c ./Wiznet_W5500/httpServer.o
                0x08004388                read_userReg_webContent
 .text.http_get_cgi_handler
                0x08004404       0x58 ./Wiznet_W5500/httpUtil.o
                0x08004404                http_get_cgi_handler
 .text.http_post_cgi_handler
                0x0800445c       0x7c ./Wiznet_W5500/httpUtil.o
                0x0800445c                http_post_cgi_handler
 .text.predefined_get_cgi_processor
                0x080044d8       0x1a ./Wiznet_W5500/httpUtil.o
                0x080044d8                predefined_get_cgi_processor
 .text.predefined_set_cgi_processor
                0x080044f2       0x1c ./Wiznet_W5500/httpUtil.o
                0x080044f2                predefined_set_cgi_processor
 *fill*         0x0800450e        0x2 
 .text.socket   0x08004510      0x228 ./Wiznet_W5500/socket.o
                0x08004510                socket
 .text.close    0x08004738       0xdc ./Wiznet_W5500/socket.o
                0x08004738                close
 .text.listen   0x08004814       0xb2 ./Wiznet_W5500/socket.o
                0x08004814                listen
 *fill*         0x080048c6        0x2 
 .text.disconnect
                0x080048c8       0xec ./Wiznet_W5500/socket.o
                0x080048c8                disconnect
 .text.send     0x080049b4      0x1f0 ./Wiznet_W5500/socket.o
                0x080049b4                send
 .text.recv     0x08004ba4      0x168 ./Wiznet_W5500/socket.o
                0x08004ba4                recv
 .text.sendto   0x08004d0c      0x268 ./Wiznet_W5500/socket.o
                0x08004d0c                sendto
 .text.recvfrom
                0x08004f74      0x3d8 ./Wiznet_W5500/socket.o
                0x08004f74                recvfrom
 .text.WIZCHIP_READ
                0x0800534c       0x98 ./Wiznet_W5500/w5500.o
                0x0800534c                WIZCHIP_READ
 .text.WIZCHIP_WRITE
                0x080053e4       0x9c ./Wiznet_W5500/w5500.o
                0x080053e4                WIZCHIP_WRITE
 .text.WIZCHIP_READ_BUF
                0x08005480       0xc0 ./Wiznet_W5500/w5500.o
                0x08005480                WIZCHIP_READ_BUF
 .text.WIZCHIP_WRITE_BUF
                0x08005540       0xc0 ./Wiznet_W5500/w5500.o
                0x08005540                WIZCHIP_WRITE_BUF
 .text.getSn_TX_FSR
                0x08005600       0x92 ./Wiznet_W5500/w5500.o
                0x08005600                getSn_TX_FSR
 .text.getSn_RX_RSR
                0x08005692       0x92 ./Wiznet_W5500/w5500.o
                0x08005692                getSn_RX_RSR
 .text.wiz_send_data
                0x08005724       0xb4 ./Wiznet_W5500/w5500.o
                0x08005724                wiz_send_data
 .text.wiz_recv_data
                0x080057d8       0xb4 ./Wiznet_W5500/w5500.o
                0x080057d8                wiz_recv_data
 .text.wiz_recv_ignore
                0x0800588c       0x8c ./Wiznet_W5500/w5500.o
                0x0800588c                wiz_recv_ignore
 .text.wizchip_cris_enter
                0x08005918        0xe ./Wiznet_W5500/wizchip_conf.o
                0x08005918                wizchip_cris_enter
 .text.wizchip_cris_exit
                0x08005926        0xe ./Wiznet_W5500/wizchip_conf.o
                0x08005926                wizchip_cris_exit
 .text.wizchip_cs_select
                0x08005934        0xe ./Wiznet_W5500/wizchip_conf.o
                0x08005934                wizchip_cs_select
 .text.wizchip_cs_deselect
                0x08005942        0xe ./Wiznet_W5500/wizchip_conf.o
                0x08005942                wizchip_cs_deselect
 .text.wizchip_bus_readdata
                0x08005950       0x1a ./Wiznet_W5500/wizchip_conf.o
                0x08005950                wizchip_bus_readdata
 .text.wizchip_bus_writedata
                0x0800596a       0x1e ./Wiznet_W5500/wizchip_conf.o
                0x0800596a                wizchip_bus_writedata
 .text.wizchip_spi_readbyte
                0x08005988       0x10 ./Wiznet_W5500/wizchip_conf.o
                0x08005988                wizchip_spi_readbyte
 .text.wizchip_spi_writebyte
                0x08005998       0x16 ./Wiznet_W5500/wizchip_conf.o
                0x08005998                wizchip_spi_writebyte
 .text.wizchip_spi_readburst
                0x080059ae       0x18 ./Wiznet_W5500/wizchip_conf.o
                0x080059ae                wizchip_spi_readburst
 .text.wizchip_spi_writeburst
                0x080059c6       0x18 ./Wiznet_W5500/wizchip_conf.o
                0x080059c6                wizchip_spi_writeburst
 *fill*         0x080059de        0x2 
 .text.reg_wizchip_cs_cbfunc
                0x080059e0       0x4c ./Wiznet_W5500/wizchip_conf.o
                0x080059e0                reg_wizchip_cs_cbfunc
 .text.reg_wizchip_spi_cbfunc
                0x08005a2c       0x58 ./Wiznet_W5500/wizchip_conf.o
                0x08005a2c                reg_wizchip_spi_cbfunc
 .text.reg_wizchip_spiburst_cbfunc
                0x08005a84       0x58 ./Wiznet_W5500/wizchip_conf.o
                0x08005a84                reg_wizchip_spiburst_cbfunc
 .text.ctlwizchip
                0x08005adc      0x1c0 ./Wiznet_W5500/wizchip_conf.o
                0x08005adc                ctlwizchip
 .text.wizchip_sw_reset
                0x08005c9c       0x98 ./Wiznet_W5500/wizchip_conf.o
                0x08005c9c                wizchip_sw_reset
 .text.wizchip_init
                0x08005d34      0x118 ./Wiznet_W5500/wizchip_conf.o
                0x08005d34                wizchip_init
 .text.wizchip_clrinterrupt
                0x08005e4c       0x68 ./Wiznet_W5500/wizchip_conf.o
                0x08005e4c                wizchip_clrinterrupt
 .text.wizchip_getinterrupt
                0x08005eb4       0x4a ./Wiznet_W5500/wizchip_conf.o
                0x08005eb4                wizchip_getinterrupt
 .text.wizchip_setinterruptmask
                0x08005efe       0x36 ./Wiznet_W5500/wizchip_conf.o
                0x08005efe                wizchip_setinterruptmask
 .text.wizchip_getinterruptmask
                0x08005f34       0x46 ./Wiznet_W5500/wizchip_conf.o
                0x08005f34                wizchip_getinterruptmask
 .text.wizphy_getphylink
                0x08005f7a       0x2c ./Wiznet_W5500/wizchip_conf.o
                0x08005f7a                wizphy_getphylink
 .text.wizphy_getphypmode
                0x08005fa6       0x32 ./Wiznet_W5500/wizchip_conf.o
                0x08005fa6                wizphy_getphypmode
 .text.wizphy_reset
                0x08005fd8       0x4e ./Wiznet_W5500/wizchip_conf.o
                0x08005fd8                wizphy_reset
 .text.wizphy_setphyconf
                0x08006026       0x84 ./Wiznet_W5500/wizchip_conf.o
                0x08006026                wizphy_setphyconf
 *fill*         0x080060aa        0x2 
 .text.wizphy_getphyconf
                0x080060ac       0xd4 ./Wiznet_W5500/wizchip_conf.o
                0x080060ac                wizphy_getphyconf
 .text.wizphy_setphypmode
                0x08006180       0x94 ./Wiznet_W5500/wizchip_conf.o
                0x08006180                wizphy_setphypmode
 .text.wizchip_setnetinfo
                0x08006214       0x80 ./Wiznet_W5500/wizchip_conf.o
                0x08006214                wizchip_setnetinfo
 .text.malloc   0x08006294       0x10 C:/ST/STM32CubeIDE_1.15.1/STM32CubeIDE/plugins/com.st.stm32cube.ide.mcu.externaltools.gnu-tools-for-stm32.12.3.rel1.win32_1.0.100.202403111256/tools/bin/../lib/gcc/arm-none-eabi/12.3.1/../../../../arm-none-eabi/lib/thumb/v7e-m+fp/hard\libc_nano.a(libc_a-malloc.o)
                0x08006294                malloc
 .text.sbrk_aligned
                0x080062a4       0x44 C:/ST/STM32CubeIDE_1.15.1/STM32CubeIDE/plugins/com.st.stm32cube.ide.mcu.externaltools.gnu-tools-for-stm32.12.3.rel1.win32_1.0.100.202403111256/tools/bin/../lib/gcc/arm-none-eabi/12.3.1/../../../../arm-none-eabi/lib/thumb/v7e-m+fp/hard\libc_nano.a(libc_a-mallocr.o)
 .text._malloc_r
                0x080062e8      0x100 C:/ST/STM32CubeIDE_1.15.1/STM32CubeIDE/plugins/com.st.stm32cube.ide.mcu.externaltools.gnu-tools-for-stm32.12.3.rel1.win32_1.0.100.202403111256/tools/bin/../lib/gcc/arm-none-eabi/12.3.1/../../../../arm-none-eabi/lib/thumb/v7e-m+fp/hard\libc_nano.a(libc_a-mallocr.o)
                0x080062e8                _malloc_r
 .text.__malloc_lock
                0x080063e8        0xc C:/ST/STM32CubeIDE_1.15.1/STM32CubeIDE/plugins/com.st.stm32cube.ide.mcu.externaltools.gnu-tools-for-stm32.12.3.rel1.win32_1.0.100.202403111256/tools/bin/../lib/gcc/arm-none-eabi/12.3.1/../../../../arm-none-eabi/lib/thumb/v7e-m+fp/hard\libc_nano.a(libc_a-mlock.o)
                0x080063e8                __malloc_lock
 .text.__malloc_unlock
                0x080063f4        0xc C:/ST/STM32CubeIDE_1.15.1/STM32CubeIDE/plugins/com.st.stm32cube.ide.mcu.externaltools.gnu-tools-for-stm32.12.3.rel1.win32_1.0.100.202403111256/tools/bin/../lib/gcc/arm-none-eabi/12.3.1/../../../../arm-none-eabi/lib/thumb/v7e-m+fp/hard\libc_nano.a(libc_a-mlock.o)
                0x080063f4                __malloc_unlock
 .text.std      0x08006400       0x6c C:/ST/STM32CubeIDE_1.15.1/STM32CubeIDE/plugins/com.st.stm32cube.ide.mcu.externaltools.gnu-tools-for-stm32.12.3.rel1.win32_1.0.100.202403111256/tools/bin/../lib/gcc/arm-none-eabi/12.3.1/../../../../arm-none-eabi/lib/thumb/v7e-m+fp/hard\libc_nano.a(libc_a-findfp.o)
 .text.stdio_exit_handler
                0x0800646c       0x18 C:/ST/STM32CubeIDE_1.15.1/STM32CubeIDE/plugins/com.st.stm32cube.ide.mcu.externaltools.gnu-tools-for-stm32.12.3.rel1.win32_1.0.100.202403111256/tools/bin/../lib/gcc/arm-none-eabi/12.3.1/../../../../arm-none-eabi/lib/thumb/v7e-m+fp/hard\libc_nano.a(libc_a-findfp.o)
 .text.cleanup_stdio
                0x08006484       0x40 C:/ST/STM32CubeIDE_1.15.1/STM32CubeIDE/plugins/com.st.stm32cube.ide.mcu.externaltools.gnu-tools-for-stm32.12.3.rel1.win32_1.0.100.202403111256/tools/bin/../lib/gcc/arm-none-eabi/12.3.1/../../../../arm-none-eabi/lib/thumb/v7e-m+fp/hard\libc_nano.a(libc_a-findfp.o)
 .text.global_stdio_init.part.0
                0x080064c4       0x3c C:/ST/STM32CubeIDE_1.15.1/STM32CubeIDE/plugins/com.st.stm32cube.ide.mcu.externaltools.gnu-tools-for-stm32.12.3.rel1.win32_1.0.100.202403111256/tools/bin/../lib/gcc/arm-none-eabi/12.3.1/../../../../arm-none-eabi/lib/thumb/v7e-m+fp/hard\libc_nano.a(libc_a-findfp.o)
 .text.__sfp_lock_acquire
                0x08006500        0xc C:/ST/STM32CubeIDE_1.15.1/STM32CubeIDE/plugins/com.st.stm32cube.ide.mcu.externaltools.gnu-tools-for-stm32.12.3.rel1.win32_1.0.100.202403111256/tools/bin/../lib/gcc/arm-none-eabi/12.3.1/../../../../arm-none-eabi/lib/thumb/v7e-m+fp/hard\libc_nano.a(libc_a-findfp.o)
                0x08006500                __sfp_lock_acquire
 .text.__sfp_lock_release
                0x0800650c        0xc C:/ST/STM32CubeIDE_1.15.1/STM32CubeIDE/plugins/com.st.stm32cube.ide.mcu.externaltools.gnu-tools-for-stm32.12.3.rel1.win32_1.0.100.202403111256/tools/bin/../lib/gcc/arm-none-eabi/12.3.1/../../../../arm-none-eabi/lib/thumb/v7e-m+fp/hard\libc_nano.a(libc_a-findfp.o)
                0x0800650c                __sfp_lock_release
 .text.__sinit  0x08006518       0x30 C:/ST/STM32CubeIDE_1.15.1/STM32CubeIDE/plugins/com.st.stm32cube.ide.mcu.externaltools.gnu-tools-for-stm32.12.3.rel1.win32_1.0.100.202403111256/tools/bin/../lib/gcc/arm-none-eabi/12.3.1/../../../../arm-none-eabi/lib/thumb/v7e-m+fp/hard\libc_nano.a(libc_a-findfp.o)
                0x08006518                __sinit
 .text._fwalk_sglue
                0x08006548       0x3c C:/ST/STM32CubeIDE_1.15.1/STM32CubeIDE/plugins/com.st.stm32cube.ide.mcu.externaltools.gnu-tools-for-stm32.12.3.rel1.win32_1.0.100.202403111256/tools/bin/../lib/gcc/arm-none-eabi/12.3.1/../../../../arm-none-eabi/lib/thumb/v7e-m+fp/hard\libc_nano.a(libc_a-fwalk.o)
                0x08006548                _fwalk_sglue
 .text.printf   0x08006584       0x24 C:/ST/STM32CubeIDE_1.15.1/STM32CubeIDE/plugins/com.st.stm32cube.ide.mcu.externaltools.gnu-tools-for-stm32.12.3.rel1.win32_1.0.100.202403111256/tools/bin/../lib/gcc/arm-none-eabi/12.3.1/../../../../arm-none-eabi/lib/thumb/v7e-m+fp/hard\libc_nano.a(libc_a-printf.o)
                0x08006584                iprintf
                0x08006584                printf
 .text._puts_r  0x080065a8       0xaa C:/ST/STM32CubeIDE_1.15.1/STM32CubeIDE/plugins/com.st.stm32cube.ide.mcu.externaltools.gnu-tools-for-stm32.12.3.rel1.win32_1.0.100.202403111256/tools/bin/../lib/gcc/arm-none-eabi/12.3.1/../../../../arm-none-eabi/lib/thumb/v7e-m+fp/hard\libc_nano.a(libc_a-puts.o)
                0x080065a8                _puts_r
 *fill*         0x08006652        0x2 
 .text.puts     0x08006654       0x10 C:/ST/STM32CubeIDE_1.15.1/STM32CubeIDE/plugins/com.st.stm32cube.ide.mcu.externaltools.gnu-tools-for-stm32.12.3.rel1.win32_1.0.100.202403111256/tools/bin/../lib/gcc/arm-none-eabi/12.3.1/../../../../arm-none-eabi/lib/thumb/v7e-m+fp/hard\libc_nano.a(libc_a-puts.o)
                0x08006654                puts
 .text.sprintf  0x08006664       0x40 C:/ST/STM32CubeIDE_1.15.1/STM32CubeIDE/plugins/com.st.stm32cube.ide.mcu.externaltools.gnu-tools-for-stm32.12.3.rel1.win32_1.0.100.202403111256/tools/bin/../lib/gcc/arm-none-eabi/12.3.1/../../../../arm-none-eabi/lib/thumb/v7e-m+fp/hard\libc_nano.a(libc_a-sprintf.o)
                0x08006664                siprintf
                0x08006664                sprintf
 .text.__sread  0x080066a4       0x22 C:/ST/STM32CubeIDE_1.15.1/STM32CubeIDE/plugins/com.st.stm32cube.ide.mcu.externaltools.gnu-tools-for-stm32.12.3.rel1.win32_1.0.100.202403111256/tools/bin/../lib/gcc/arm-none-eabi/12.3.1/../../../../arm-none-eabi/lib/thumb/v7e-m+fp/hard\libc_nano.a(libc_a-stdio.o)
                0x080066a4                __sread
 .text.__swrite
                0x080066c6       0x38 C:/ST/STM32CubeIDE_1.15.1/STM32CubeIDE/plugins/com.st.stm32cube.ide.mcu.externaltools.gnu-tools-for-stm32.12.3.rel1.win32_1.0.100.202403111256/tools/bin/../lib/gcc/arm-none-eabi/12.3.1/../../../../arm-none-eabi/lib/thumb/v7e-m+fp/hard\libc_nano.a(libc_a-stdio.o)
                0x080066c6                __swrite
 .text.__sseek  0x080066fe       0x24 C:/ST/STM32CubeIDE_1.15.1/STM32CubeIDE/plugins/com.st.stm32cube.ide.mcu.externaltools.gnu-tools-for-stm32.12.3.rel1.win32_1.0.100.202403111256/tools/bin/../lib/gcc/arm-none-eabi/12.3.1/../../../../arm-none-eabi/lib/thumb/v7e-m+fp/hard\libc_nano.a(libc_a-stdio.o)
                0x080066fe                __sseek
 .text.__sclose
                0x08006722        0x8 C:/ST/STM32CubeIDE_1.15.1/STM32CubeIDE/plugins/com.st.stm32cube.ide.mcu.externaltools.gnu-tools-for-stm32.12.3.rel1.win32_1.0.100.202403111256/tools/bin/../lib/gcc/arm-none-eabi/12.3.1/../../../../arm-none-eabi/lib/thumb/v7e-m+fp/hard\libc_nano.a(libc_a-stdio.o)
                0x08006722                __sclose
 .text.__swbuf_r
                0x0800672a       0x7c C:/ST/STM32CubeIDE_1.15.1/STM32CubeIDE/plugins/com.st.stm32cube.ide.mcu.externaltools.gnu-tools-for-stm32.12.3.rel1.win32_1.0.100.202403111256/tools/bin/../lib/gcc/arm-none-eabi/12.3.1/../../../../arm-none-eabi/lib/thumb/v7e-m+fp/hard\libc_nano.a(libc_a-wbuf.o)
                0x0800672a                __swbuf_r
 *fill*         0x080067a6        0x2 
 .text.__swsetup_r
                0x080067a8       0xac C:/ST/STM32CubeIDE_1.15.1/STM32CubeIDE/plugins/com.st.stm32cube.ide.mcu.externaltools.gnu-tools-for-stm32.12.3.rel1.win32_1.0.100.202403111256/tools/bin/../lib/gcc/arm-none-eabi/12.3.1/../../../../arm-none-eabi/lib/thumb/v7e-m+fp/hard\libc_nano.a(libc_a-wsetup.o)
                0x080067a8                __swsetup_r
 .text.memset   0x08006854       0x10 C:/ST/STM32CubeIDE_1.15.1/STM32CubeIDE/plugins/com.st.stm32cube.ide.mcu.externaltools.gnu-tools-for-stm32.12.3.rel1.win32_1.0.100.202403111256/tools/bin/../lib/gcc/arm-none-eabi/12.3.1/../../../../arm-none-eabi/lib/thumb/v7e-m+fp/hard\libc_nano.a(libc_a-memset.o)
                0x08006854                memset
 .text.strcat   0x08006864       0x1e C:/ST/STM32CubeIDE_1.15.1/STM32CubeIDE/plugins/com.st.stm32cube.ide.mcu.externaltools.gnu-tools-for-stm32.12.3.rel1.win32_1.0.100.202403111256/tools/bin/../lib/gcc/arm-none-eabi/12.3.1/../../../../arm-none-eabi/lib/thumb/v7e-m+fp/hard\libc_nano.a(libc_a-strcat.o)
                0x08006864                strcat
 .text.strncpy  0x08006882       0x26 C:/ST/STM32CubeIDE_1.15.1/STM32CubeIDE/plugins/com.st.stm32cube.ide.mcu.externaltools.gnu-tools-for-stm32.12.3.rel1.win32_1.0.100.202403111256/tools/bin/../lib/gcc/arm-none-eabi/12.3.1/../../../../arm-none-eabi/lib/thumb/v7e-m+fp/hard\libc_nano.a(libc_a-strncpy.o)
                0x08006882                strncpy
 .text.strtok   0x080068a8       0x68 C:/ST/STM32CubeIDE_1.15.1/STM32CubeIDE/plugins/com.st.stm32cube.ide.mcu.externaltools.gnu-tools-for-stm32.12.3.rel1.win32_1.0.100.202403111256/tools/bin/../lib/gcc/arm-none-eabi/12.3.1/../../../../arm-none-eabi/lib/thumb/v7e-m+fp/hard\libc_nano.a(libc_a-strtok.o)
                0x080068a8                strtok
 .text.__strtok_r
                0x08006910       0x50 C:/ST/STM32CubeIDE_1.15.1/STM32CubeIDE/plugins/com.st.stm32cube.ide.mcu.externaltools.gnu-tools-for-stm32.12.3.rel1.win32_1.0.100.202403111256/tools/bin/../lib/gcc/arm-none-eabi/12.3.1/../../../../arm-none-eabi/lib/thumb/v7e-m+fp/hard\libc_nano.a(libc_a-strtok_r.o)
                0x08006910                __strtok_r
 .text.strstr   0x08006960       0x2c C:/ST/STM32CubeIDE_1.15.1/STM32CubeIDE/plugins/com.st.stm32cube.ide.mcu.externaltools.gnu-tools-for-stm32.12.3.rel1.win32_1.0.100.202403111256/tools/bin/../lib/gcc/arm-none-eabi/12.3.1/../../../../arm-none-eabi/lib/thumb/v7e-m+fp/hard\libc_nano.a(libc_a-strstr.o)
                0x08006960                strstr
 .text._close_r
                0x0800698c       0x20 C:/ST/STM32CubeIDE_1.15.1/STM32CubeIDE/plugins/com.st.stm32cube.ide.mcu.externaltools.gnu-tools-for-stm32.12.3.rel1.win32_1.0.100.202403111256/tools/bin/../lib/gcc/arm-none-eabi/12.3.1/../../../../arm-none-eabi/lib/thumb/v7e-m+fp/hard\libc_nano.a(libc_a-closer.o)
                0x0800698c                _close_r
 .text._lseek_r
                0x080069ac       0x24 C:/ST/STM32CubeIDE_1.15.1/STM32CubeIDE/plugins/com.st.stm32cube.ide.mcu.externaltools.gnu-tools-for-stm32.12.3.rel1.win32_1.0.100.202403111256/tools/bin/../lib/gcc/arm-none-eabi/12.3.1/../../../../arm-none-eabi/lib/thumb/v7e-m+fp/hard\libc_nano.a(libc_a-lseekr.o)
                0x080069ac                _lseek_r
 .text._read_r  0x080069d0       0x24 C:/ST/STM32CubeIDE_1.15.1/STM32CubeIDE/plugins/com.st.stm32cube.ide.mcu.externaltools.gnu-tools-for-stm32.12.3.rel1.win32_1.0.100.202403111256/tools/bin/../lib/gcc/arm-none-eabi/12.3.1/../../../../arm-none-eabi/lib/thumb/v7e-m+fp/hard\libc_nano.a(libc_a-readr.o)
                0x080069d0                _read_r
 .text._sbrk_r  0x080069f4       0x20 C:/ST/STM32CubeIDE_1.15.1/STM32CubeIDE/plugins/com.st.stm32cube.ide.mcu.externaltools.gnu-tools-for-stm32.12.3.rel1.win32_1.0.100.202403111256/tools/bin/../lib/gcc/arm-none-eabi/12.3.1/../../../../arm-none-eabi/lib/thumb/v7e-m+fp/hard\libc_nano.a(libc_a-sbrkr.o)
                0x080069f4                _sbrk_r
 .text._write_r
                0x08006a14       0x24 C:/ST/STM32CubeIDE_1.15.1/STM32CubeIDE/plugins/com.st.stm32cube.ide.mcu.externaltools.gnu-tools-for-stm32.12.3.rel1.win32_1.0.100.202403111256/tools/bin/../lib/gcc/arm-none-eabi/12.3.1/../../../../arm-none-eabi/lib/thumb/v7e-m+fp/hard\libc_nano.a(libc_a-writer.o)
                0x08006a14                _write_r
 .text.__errno  0x08006a38        0xc C:/ST/STM32CubeIDE_1.15.1/STM32CubeIDE/plugins/com.st.stm32cube.ide.mcu.externaltools.gnu-tools-for-stm32.12.3.rel1.win32_1.0.100.202403111256/tools/bin/../lib/gcc/arm-none-eabi/12.3.1/../../../../arm-none-eabi/lib/thumb/v7e-m+fp/hard\libc_nano.a(libc_a-errno.o)
                0x08006a38                __errno
 .text.__libc_init_array
                0x08006a44       0x48 C:/ST/STM32CubeIDE_1.15.1/STM32CubeIDE/plugins/com.st.stm32cube.ide.mcu.externaltools.gnu-tools-for-stm32.12.3.rel1.win32_1.0.100.202403111256/tools/bin/../lib/gcc/arm-none-eabi/12.3.1/../../../../arm-none-eabi/lib/thumb/v7e-m+fp/hard\libc_nano.a(libc_a-init.o)
                0x08006a44                __libc_init_array
 .text.__retarget_lock_init_recursive
                0x08006a8c        0x2 C:/ST/STM32CubeIDE_1.15.1/STM32CubeIDE/plugins/com.st.stm32cube.ide.mcu.externaltools.gnu-tools-for-stm32.12.3.rel1.win32_1.0.100.202403111256/tools/bin/../lib/gcc/arm-none-eabi/12.3.1/../../../../arm-none-eabi/lib/thumb/v7e-m+fp/hard\libc_nano.a(libc_a-lock.o)
                0x08006a8c                __retarget_lock_init_recursive
 .text.__retarget_lock_acquire_recursive
                0x08006a8e        0x2 C:/ST/STM32CubeIDE_1.15.1/STM32CubeIDE/plugins/com.st.stm32cube.ide.mcu.externaltools.gnu-tools-for-stm32.12.3.rel1.win32_1.0.100.202403111256/tools/bin/../lib/gcc/arm-none-eabi/12.3.1/../../../../arm-none-eabi/lib/thumb/v7e-m+fp/hard\libc_nano.a(libc_a-lock.o)
                0x08006a8e                __retarget_lock_acquire_recursive
 .text.__retarget_lock_release_recursive
                0x08006a90        0x2 C:/ST/STM32CubeIDE_1.15.1/STM32CubeIDE/plugins/com.st.stm32cube.ide.mcu.externaltools.gnu-tools-for-stm32.12.3.rel1.win32_1.0.100.202403111256/tools/bin/../lib/gcc/arm-none-eabi/12.3.1/../../../../arm-none-eabi/lib/thumb/v7e-m+fp/hard\libc_nano.a(libc_a-lock.o)
                0x08006a90                __retarget_lock_release_recursive
 .text.strcpy   0x08006a92       0x10 C:/ST/STM32CubeIDE_1.15.1/STM32CubeIDE/plugins/com.st.stm32cube.ide.mcu.externaltools.gnu-tools-for-stm32.12.3.rel1.win32_1.0.100.202403111256/tools/bin/../lib/gcc/arm-none-eabi/12.3.1/../../../../arm-none-eabi/lib/thumb/v7e-m+fp/hard\libc_nano.a(libc_a-strcpy.o)
                0x08006a92                strcpy
 .text.memcpy   0x08006aa2       0x1c C:/ST/STM32CubeIDE_1.15.1/STM32CubeIDE/plugins/com.st.stm32cube.ide.mcu.externaltools.gnu-tools-for-stm32.12.3.rel1.win32_1.0.100.202403111256/tools/bin/../lib/gcc/arm-none-eabi/12.3.1/../../../../arm-none-eabi/lib/thumb/v7e-m+fp/hard\libc_nano.a(libc_a-memcpy-stub.o)
                0x08006aa2                memcpy
 *fill*         0x08006abe        0x2 
 .text.__assert_func
                0x08006ac0       0x3c C:/ST/STM32CubeIDE_1.15.1/STM32CubeIDE/plugins/com.st.stm32cube.ide.mcu.externaltools.gnu-tools-for-stm32.12.3.rel1.win32_1.0.100.202403111256/tools/bin/../lib/gcc/arm-none-eabi/12.3.1/../../../../arm-none-eabi/lib/thumb/v7e-m+fp/hard\libc_nano.a(libc_a-assert.o)
                0x08006ac0                __assert_func
 .text._free_r  0x08006afc       0x94 C:/ST/STM32CubeIDE_1.15.1/STM32CubeIDE/plugins/com.st.stm32cube.ide.mcu.externaltools.gnu-tools-for-stm32.12.3.rel1.win32_1.0.100.202403111256/tools/bin/../lib/gcc/arm-none-eabi/12.3.1/../../../../arm-none-eabi/lib/thumb/v7e-m+fp/hard\libc_nano.a(libc_a-freer.o)
                0x08006afc                _free_r
 .text.__ssputs_r
                0x08006b90       0xb6 C:/ST/STM32CubeIDE_1.15.1/STM32CubeIDE/plugins/com.st.stm32cube.ide.mcu.externaltools.gnu-tools-for-stm32.12.3.rel1.win32_1.0.100.202403111256/tools/bin/../lib/gcc/arm-none-eabi/12.3.1/../../../../arm-none-eabi/lib/thumb/v7e-m+fp/hard\libc_nano.a(libc_a-nano-svfprintf.o)
                0x08006b90                __ssputs_r
 *fill*         0x08006c46        0x2 
 .text._svfprintf_r
                0x08006c48      0x1f8 C:/ST/STM32CubeIDE_1.15.1/STM32CubeIDE/plugins/com.st.stm32cube.ide.mcu.externaltools.gnu-tools-for-stm32.12.3.rel1.win32_1.0.100.202403111256/tools/bin/../lib/gcc/arm-none-eabi/12.3.1/../../../../arm-none-eabi/lib/thumb/v7e-m+fp/hard\libc_nano.a(libc_a-nano-svfprintf.o)
                0x08006c48                _svfiprintf_r
                0x08006c48                _svfprintf_r
 .text.__sfputc_r
                0x08006e40       0x2e C:/ST/STM32CubeIDE_1.15.1/STM32CubeIDE/plugins/com.st.stm32cube.ide.mcu.externaltools.gnu-tools-for-stm32.12.3.rel1.win32_1.0.100.202403111256/tools/bin/../lib/gcc/arm-none-eabi/12.3.1/../../../../arm-none-eabi/lib/thumb/v7e-m+fp/hard\libc_nano.a(libc_a-nano-vfprintf.o)
 .text.__sfputs_r
                0x08006e6e       0x24 C:/ST/STM32CubeIDE_1.15.1/STM32CubeIDE/plugins/com.st.stm32cube.ide.mcu.externaltools.gnu-tools-for-stm32.12.3.rel1.win32_1.0.100.202403111256/tools/bin/../lib/gcc/arm-none-eabi/12.3.1/../../../../arm-none-eabi/lib/thumb/v7e-m+fp/hard\libc_nano.a(libc_a-nano-vfprintf.o)
                0x08006e6e                __sfputs_r
 *fill*         0x08006e92        0x2 
 .text._vfprintf_r
                0x08006e94      0x230 C:/ST/STM32CubeIDE_1.15.1/STM32CubeIDE/plugins/com.st.stm32cube.ide.mcu.externaltools.gnu-tools-for-stm32.12.3.rel1.win32_1.0.100.202403111256/tools/bin/../lib/gcc/arm-none-eabi/12.3.1/../../../../arm-none-eabi/lib/thumb/v7e-m+fp/hard\libc_nano.a(libc_a-nano-vfprintf.o)
                0x08006e94                _vfprintf_r
                0x08006e94                _vfiprintf_r
 .text._printf_common
                0x080070c4       0xda C:/ST/STM32CubeIDE_1.15.1/STM32CubeIDE/plugins/com.st.stm32cube.ide.mcu.externaltools.gnu-tools-for-stm32.12.3.rel1.win32_1.0.100.202403111256/tools/bin/../lib/gcc/arm-none-eabi/12.3.1/../../../../arm-none-eabi/lib/thumb/v7e-m+fp/hard\libc_nano.a(libc_a-nano-vfprintf_i.o)
                0x080070c4                _printf_common
 *fill*         0x0800719e        0x2 
 .text._printf_i
                0x080071a0      0x240 C:/ST/STM32CubeIDE_1.15.1/STM32CubeIDE/plugins/com.st.stm32cube.ide.mcu.externaltools.gnu-tools-for-stm32.12.3.rel1.win32_1.0.100.202403111256/tools/bin/../lib/gcc/arm-none-eabi/12.3.1/../../../../arm-none-eabi/lib/thumb/v7e-m+fp/hard\libc_nano.a(libc_a-nano-vfprintf_i.o)
                0x080071a0                _printf_i
 .text.__sflush_r
                0x080073e0      0x108 C:/ST/STM32CubeIDE_1.15.1/STM32CubeIDE/plugins/com.st.stm32cube.ide.mcu.externaltools.gnu-tools-for-stm32.12.3.rel1.win32_1.0.100.202403111256/tools/bin/../lib/gcc/arm-none-eabi/12.3.1/../../../../arm-none-eabi/lib/thumb/v7e-m+fp/hard\libc_nano.a(libc_a-fflush.o)
                0x080073e0                __sflush_r
 .text._fflush_r
                0x080074e8       0x50 C:/ST/STM32CubeIDE_1.15.1/STM32CubeIDE/plugins/com.st.stm32cube.ide.mcu.externaltools.gnu-tools-for-stm32.12.3.rel1.win32_1.0.100.202403111256/tools/bin/../lib/gcc/arm-none-eabi/12.3.1/../../../../arm-none-eabi/lib/thumb/v7e-m+fp/hard\libc_nano.a(libc_a-fflush.o)
                0x080074e8                _fflush_r
 .text.fprintf  0x08007538       0x24 C:/ST/STM32CubeIDE_1.15.1/STM32CubeIDE/plugins/com.st.stm32cube.ide.mcu.externaltools.gnu-tools-for-stm32.12.3.rel1.win32_1.0.100.202403111256/tools/bin/../lib/gcc/arm-none-eabi/12.3.1/../../../../arm-none-eabi/lib/thumb/v7e-m+fp/hard\libc_nano.a(libc_a-fprintf.o)
                0x08007538                fiprintf
                0x08007538                fprintf
 .text.__swhatbuf_r
                0x0800755c       0x4c C:/ST/STM32CubeIDE_1.15.1/STM32CubeIDE/plugins/com.st.stm32cube.ide.mcu.externaltools.gnu-tools-for-stm32.12.3.rel1.win32_1.0.100.202403111256/tools/bin/../lib/gcc/arm-none-eabi/12.3.1/../../../../arm-none-eabi/lib/thumb/v7e-m+fp/hard\libc_nano.a(libc_a-makebuf.o)
                0x0800755c                __swhatbuf_r
 .text.__smakebuf_r
                0x080075a8       0x78 C:/ST/STM32CubeIDE_1.15.1/STM32CubeIDE/plugins/com.st.stm32cube.ide.mcu.externaltools.gnu-tools-for-stm32.12.3.rel1.win32_1.0.100.202403111256/tools/bin/../lib/gcc/arm-none-eabi/12.3.1/../../../../arm-none-eabi/lib/thumb/v7e-m+fp/hard\libc_nano.a(libc_a-makebuf.o)
                0x080075a8                __smakebuf_r
 .text.memmove  0x08007620       0x34 C:/ST/STM32CubeIDE_1.15.1/STM32CubeIDE/plugins/com.st.stm32cube.ide.mcu.externaltools.gnu-tools-for-stm32.12.3.rel1.win32_1.0.100.202403111256/tools/bin/../lib/gcc/arm-none-eabi/12.3.1/../../../../arm-none-eabi/lib/thumb/v7e-m+fp/hard\libc_nano.a(libc_a-memmove.o)
                0x08007620                memmove
 .text._fstat_r
                0x08007654       0x24 C:/ST/STM32CubeIDE_1.15.1/STM32CubeIDE/plugins/com.st.stm32cube.ide.mcu.externaltools.gnu-tools-for-stm32.12.3.rel1.win32_1.0.100.202403111256/tools/bin/../lib/gcc/arm-none-eabi/12.3.1/../../../../arm-none-eabi/lib/thumb/v7e-m+fp/hard\libc_nano.a(libc_a-fstatr.o)
                0x08007654                _fstat_r
 .text._isatty_r
                0x08007678       0x20 C:/ST/STM32CubeIDE_1.15.1/STM32CubeIDE/plugins/com.st.stm32cube.ide.mcu.externaltools.gnu-tools-for-stm32.12.3.rel1.win32_1.0.100.202403111256/tools/bin/../lib/gcc/arm-none-eabi/12.3.1/../../../../arm-none-eabi/lib/thumb/v7e-m+fp/hard\libc_nano.a(libc_a-isattyr.o)
                0x08007678                _isatty_r
 .text.abort    0x08007698        0xe C:/ST/STM32CubeIDE_1.15.1/STM32CubeIDE/plugins/com.st.stm32cube.ide.mcu.externaltools.gnu-tools-for-stm32.12.3.rel1.win32_1.0.100.202403111256/tools/bin/../lib/gcc/arm-none-eabi/12.3.1/../../../../arm-none-eabi/lib/thumb/v7e-m+fp/hard\libc_nano.a(libc_a-abort.o)
                0x08007698                abort
 .text._realloc_r
                0x080076a6       0x5c C:/ST/STM32CubeIDE_1.15.1/STM32CubeIDE/plugins/com.st.stm32cube.ide.mcu.externaltools.gnu-tools-for-stm32.12.3.rel1.win32_1.0.100.202403111256/tools/bin/../lib/gcc/arm-none-eabi/12.3.1/../../../../arm-none-eabi/lib/thumb/v7e-m+fp/hard\libc_nano.a(libc_a-reallocr.o)
                0x080076a6                _realloc_r
 .text._raise_r
                0x08007702       0x50 C:/ST/STM32CubeIDE_1.15.1/STM32CubeIDE/plugins/com.st.stm32cube.ide.mcu.externaltools.gnu-tools-for-stm32.12.3.rel1.win32_1.0.100.202403111256/tools/bin/../lib/gcc/arm-none-eabi/12.3.1/../../../../arm-none-eabi/lib/thumb/v7e-m+fp/hard\libc_nano.a(libc_a-signal.o)
                0x08007702                _raise_r
 *fill*         0x08007752        0x2 
 .text.raise    0x08007754       0x10 C:/ST/STM32CubeIDE_1.15.1/STM32CubeIDE/plugins/com.st.stm32cube.ide.mcu.externaltools.gnu-tools-for-stm32.12.3.rel1.win32_1.0.100.202403111256/tools/bin/../lib/gcc/arm-none-eabi/12.3.1/../../../../arm-none-eabi/lib/thumb/v7e-m+fp/hard\libc_nano.a(libc_a-signal.o)
                0x08007754                raise
 .text._kill_r  0x08007764       0x24 C:/ST/STM32CubeIDE_1.15.1/STM32CubeIDE/plugins/com.st.stm32cube.ide.mcu.externaltools.gnu-tools-for-stm32.12.3.rel1.win32_1.0.100.202403111256/tools/bin/../lib/gcc/arm-none-eabi/12.3.1/../../../../arm-none-eabi/lib/thumb/v7e-m+fp/hard\libc_nano.a(libc_a-signalr.o)
                0x08007764                _kill_r
 .text._getpid_r
                0x08007788        0x4 C:/ST/STM32CubeIDE_1.15.1/STM32CubeIDE/plugins/com.st.stm32cube.ide.mcu.externaltools.gnu-tools-for-stm32.12.3.rel1.win32_1.0.100.202403111256/tools/bin/../lib/gcc/arm-none-eabi/12.3.1/../../../../arm-none-eabi/lib/thumb/v7e-m+fp/hard\libc_nano.a(libc_a-signalr.o)
                0x08007788                _getpid_r
 .text._malloc_usable_size_r
                0x0800778c       0x10 C:/ST/STM32CubeIDE_1.15.1/STM32CubeIDE/plugins/com.st.stm32cube.ide.mcu.externaltools.gnu-tools-for-stm32.12.3.rel1.win32_1.0.100.202403111256/tools/bin/../lib/gcc/arm-none-eabi/12.3.1/../../../../arm-none-eabi/lib/thumb/v7e-m+fp/hard\libc_nano.a(libc_a-msizer.o)
                0x0800778c                _malloc_usable_size_r
 *(.glue_7)
 .glue_7        0x0800779c        0x0 linker stubs
 *(.glue_7t)
 .glue_7t       0x0800779c        0x0 linker stubs
 *(.eh_frame)
 .eh_frame      0x0800779c        0x0 C:/ST/STM32CubeIDE_1.15.1/STM32CubeIDE/plugins/com.st.stm32cube.ide.mcu.externaltools.gnu-tools-for-stm32.12.3.rel1.win32_1.0.100.202403111256/tools/bin/../lib/gcc/arm-none-eabi/12.3.1/thumb/v7e-m+fp/hard/crtbegin.o
 *(.init)
 .init          0x0800779c        0x4 C:/ST/STM32CubeIDE_1.15.1/STM32CubeIDE/plugins/com.st.stm32cube.ide.mcu.externaltools.gnu-tools-for-stm32.12.3.rel1.win32_1.0.100.202403111256/tools/bin/../lib/gcc/arm-none-eabi/12.3.1/thumb/v7e-m+fp/hard/crti.o
                0x0800779c                _init
 .init          0x080077a0        0x8 C:/ST/STM32CubeIDE_1.15.1/STM32CubeIDE/plugins/com.st.stm32cube.ide.mcu.externaltools.gnu-tools-for-stm32.12.3.rel1.win32_1.0.100.202403111256/tools/bin/../lib/gcc/arm-none-eabi/12.3.1/thumb/v7e-m+fp/hard/crtn.o
 *(.fini)
 .fini          0x080077a8        0x4 C:/ST/STM32CubeIDE_1.15.1/STM32CubeIDE/plugins/com.st.stm32cube.ide.mcu.externaltools.gnu-tools-for-stm32.12.3.rel1.win32_1.0.100.202403111256/tools/bin/../lib/gcc/arm-none-eabi/12.3.1/thumb/v7e-m+fp/hard/crti.o
                0x080077a8                _fini
 .fini          0x080077ac        0x8 C:/ST/STM32CubeIDE_1.15.1/STM32CubeIDE/plugins/com.st.stm32cube.ide.mcu.externaltools.gnu-tools-for-stm32.12.3.rel1.win32_1.0.100.202403111256/tools/bin/../lib/gcc/arm-none-eabi/12.3.1/thumb/v7e-m+fp/hard/crtn.o
                0x080077b4                        . = ALIGN (0x4)
                0x080077b4                        _etext = .

.vfp11_veneer   0x080077b4        0x0
 .vfp11_veneer  0x080077b4        0x0 linker stubs

.v4_bx          0x080077b4        0x0
 .v4_bx         0x080077b4        0x0 linker stubs

.iplt           0x080077b4        0x0
 .iplt          0x080077b4        0x0 C:/ST/STM32CubeIDE_1.15.1/STM32CubeIDE/plugins/com.st.stm32cube.ide.mcu.externaltools.gnu-tools-for-stm32.12.3.rel1.win32_1.0.100.202403111256/tools/bin/../lib/gcc/arm-none-eabi/12.3.1/thumb/v7e-m+fp/hard/crtbegin.o

.rodata         0x080077b4    0x10f64
                0x080077b4                        . = ALIGN (0x4)
 *(.rodata)
 .rodata        0x080077b4      0x150 ./Src/main.o
 .rodata        0x08007904       0x94 ./Src/w5500_driver.o
 .rodata        0x08007998     0xfd42 ./Src/webpages.o
 *fill*         0x080176da        0x2 
 .rodata        0x080176dc       0x12 ./Wiznet_W5500/dhcp.o
 *fill*         0x080176ee        0x2 
 .rodata        0x080176f0      0x5fa ./Wiznet_W5500/httpParser.o
 *fill*         0x08017cea        0x2 
 .rodata        0x08017cec      0x825 ./Wiznet_W5500/httpServer.o
 *fill*         0x08018511        0x3 
 .rodata        0x08018514        0xf ./Wiznet_W5500/httpUtil.o
 *(.rodata*)
 *fill*         0x08018523        0x1 
 .rodata.ERROR_HTML_PAGE
                0x08018524       0x99 ./Wiznet_W5500/httpServer.o
 *fill*         0x080185bd        0x3 
 .rodata.ERROR_REQUEST_PAGE
                0x080185c0       0x76 ./Wiznet_W5500/httpServer.o
 .rodata.strtok.str1.1
                0x08018636       0x71 C:/ST/STM32CubeIDE_1.15.1/STM32CubeIDE/plugins/com.st.stm32cube.ide.mcu.externaltools.gnu-tools-for-stm32.12.3.rel1.win32_1.0.100.202403111256/tools/bin/../lib/gcc/arm-none-eabi/12.3.1/../../../../arm-none-eabi/lib/thumb/v7e-m+fp/hard\libc_nano.a(libc_a-strtok.o)
 .rodata.__assert_func.str1.1
                0x080186a7       0x3c C:/ST/STM32CubeIDE_1.15.1/STM32CubeIDE/plugins/com.st.stm32cube.ide.mcu.externaltools.gnu-tools-for-stm32.12.3.rel1.win32_1.0.100.202403111256/tools/bin/../lib/gcc/arm-none-eabi/12.3.1/../../../../arm-none-eabi/lib/thumb/v7e-m+fp/hard\libc_nano.a(libc_a-assert.o)
                                 0x3d (size before relaxing)
 .rodata._svfprintf_r.str1.1
                0x080186e3       0x11 C:/ST/STM32CubeIDE_1.15.1/STM32CubeIDE/plugins/com.st.stm32cube.ide.mcu.externaltools.gnu-tools-for-stm32.12.3.rel1.win32_1.0.100.202403111256/tools/bin/../lib/gcc/arm-none-eabi/12.3.1/../../../../arm-none-eabi/lib/thumb/v7e-m+fp/hard\libc_nano.a(libc_a-nano-svfprintf.o)
 .rodata._vfprintf_r.str1.1
                0x080186f4       0x11 C:/ST/STM32CubeIDE_1.15.1/STM32CubeIDE/plugins/com.st.stm32cube.ide.mcu.externaltools.gnu-tools-for-stm32.12.3.rel1.win32_1.0.100.202403111256/tools/bin/../lib/gcc/arm-none-eabi/12.3.1/../../../../arm-none-eabi/lib/thumb/v7e-m+fp/hard\libc_nano.a(libc_a-nano-vfprintf.o)
 .rodata._printf_i.str1.1
                0x080186f4       0x22 C:/ST/STM32CubeIDE_1.15.1/STM32CubeIDE/plugins/com.st.stm32cube.ide.mcu.externaltools.gnu-tools-for-stm32.12.3.rel1.win32_1.0.100.202403111256/tools/bin/../lib/gcc/arm-none-eabi/12.3.1/../../../../arm-none-eabi/lib/thumb/v7e-m+fp/hard\libc_nano.a(libc_a-nano-vfprintf_i.o)
                0x08018718                        . = ALIGN (0x4)
 *fill*         0x08018716        0x2 

.ARM.extab      0x08018718        0x0
                0x08018718                        . = ALIGN (0x4)
 *(.ARM.extab* .gnu.linkonce.armextab.*)
                0x08018718                        . = ALIGN (0x4)

.ARM            0x08018718        0x8
                0x08018718                        . = ALIGN (0x4)
                0x08018718                        __exidx_start = .
 *(.ARM.exidx*)
 .ARM.exidx     0x08018718        0x8 C:/ST/STM32CubeIDE_1.15.1/STM32CubeIDE/plugins/com.st.stm32cube.ide.mcu.externaltools.gnu-tools-for-stm32.12.3.rel1.win32_1.0.100.202403111256/tools/bin/../lib/gcc/arm-none-eabi/12.3.1/../../../../arm-none-eabi/lib/thumb/v7e-m+fp/hard\libc_nano.a(libc_a-strcmp.o)
 .ARM.exidx     0x08018720        0x0 C:/ST/STM32CubeIDE_1.15.1/STM32CubeIDE/plugins/com.st.stm32cube.ide.mcu.externaltools.gnu-tools-for-stm32.12.3.rel1.win32_1.0.100.202403111256/tools/bin/../lib/gcc/arm-none-eabi/12.3.1/../../../../arm-none-eabi/lib/thumb/v7e-m+fp/hard\libc_nano.a(libc_a-strlen.o)
                                  0x8 (size before relaxing)
 .ARM.exidx     0x08018720        0x0 C:/ST/STM32CubeIDE_1.15.1/STM32CubeIDE/plugins/com.st.stm32cube.ide.mcu.externaltools.gnu-tools-for-stm32.12.3.rel1.win32_1.0.100.202403111256/tools/bin/../lib/gcc/arm-none-eabi/12.3.1/../../../../arm-none-eabi/lib/thumb/v7e-m+fp/hard\libc_nano.a(libc_a-memchr.o)
                                  0x8 (size before relaxing)
                0x08018720                        __exidx_end = .
                0x08018720                        . = ALIGN (0x4)

.rel.dyn        0x08018720        0x0
 .rel.iplt      0x08018720        0x0 C:/ST/STM32CubeIDE_1.15.1/STM32CubeIDE/plugins/com.st.stm32cube.ide.mcu.externaltools.gnu-tools-for-stm32.12.3.rel1.win32_1.0.100.202403111256/tools/bin/../lib/gcc/arm-none-eabi/12.3.1/thumb/v7e-m+fp/hard/crtbegin.o

.preinit_array  0x08018720        0x0
                0x08018720                        . = ALIGN (0x4)
                0x08018720                        PROVIDE (__preinit_array_start = .)
 *(.preinit_array*)
                0x08018720                        PROVIDE (__preinit_array_end = .)
                0x08018720                        . = ALIGN (0x4)

.init_array     0x08018720        0x4
                0x08018720                        . = ALIGN (0x4)
                0x08018720                        PROVIDE (__init_array_start = .)
 *(SORT_BY_NAME(.init_array.*))
 *(.init_array*)
 .init_array    0x08018720        0x4 C:/ST/STM32CubeIDE_1.15.1/STM32CubeIDE/plugins/com.st.stm32cube.ide.mcu.externaltools.gnu-tools-for-stm32.12.3.rel1.win32_1.0.100.202403111256/tools/bin/../lib/gcc/arm-none-eabi/12.3.1/thumb/v7e-m+fp/hard/crtbegin.o
                0x08018724                        PROVIDE (__init_array_end = .)
                0x08018724                        . = ALIGN (0x4)

.fini_array     0x08018724        0x4
                0x08018724                        . = ALIGN (0x4)
                [!provide]                        PROVIDE (__fini_array_start = .)
 *(SORT_BY_NAME(.fini_array.*))
 *(.fini_array*)
 .fini_array    0x08018724        0x4 C:/ST/STM32CubeIDE_1.15.1/STM32CubeIDE/plugins/com.st.stm32cube.ide.mcu.externaltools.gnu-tools-for-stm32.12.3.rel1.win32_1.0.100.202403111256/tools/bin/../lib/gcc/arm-none-eabi/12.3.1/thumb/v7e-m+fp/hard/crtbegin.o
                [!provide]                        PROVIDE (__fini_array_end = .)
                0x08018728                        . = ALIGN (0x4)
                0x08018728                        _sidata = LOADADDR (.data)

.data           0x20000000       0xdc load address 0x08018728
                0x20000000                        . = ALIGN (0x4)
                0x20000000                        _sdata = .
 *(.data)
 *(.data*)
 .data.sockets_to_use
                0x20000000        0x6 ./Src/main.o
                0x20000000                sockets_to_use
 *fill*         0x20000006        0x2 
 .data.net_info
                0x20000008       0x17 ./Src/w5500_driver.o
                0x20000008                net_info
 *fill*         0x2000001f        0x1 
 .data.STATUS   0x20000020        0x4 ./Src/webpages.o
                0x20000020                STATUS
 .data.SYS_OFF  0x20000024        0x4 ./Src/webpages.o
                0x20000024                SYS_OFF
 .data.SYS_ON   0x20000028        0x4 ./Src/webpages.o
                0x20000028                SYS_ON
 .data.dhcp_lease_time
                0x2000002c        0x4 ./Wiznet_W5500/dhcp.o
                0x2000002c                dhcp_lease_time
 .data.dhcp_tick_next
                0x20000030        0x4 ./Wiznet_W5500/dhcp.o
                0x20000030                dhcp_tick_next
 .data.HOST_NAME
                0x20000034        0x8 ./Wiznet_W5500/dhcp.o
                0x20000034                HOST_NAME
 .data.dhcp_ip_assign
                0x2000003c        0x4 ./Wiznet_W5500/dhcp.o
                0x2000003c                dhcp_ip_assign
 .data.dhcp_ip_update
                0x20000040        0x4 ./Wiznet_W5500/dhcp.o
                0x20000040                dhcp_ip_update
 .data.dhcp_ip_conflict
                0x20000044        0x4 ./Wiznet_W5500/dhcp.o
                0x20000044                dhcp_ip_conflict
 .data.HTTPServer_ReStart
                0x20000048        0x4 ./Wiznet_W5500/httpServer.o
                0x20000048                HTTPServer_ReStart
 .data.HTTPServer_WDT_Reset
                0x2000004c        0x4 ./Wiznet_W5500/httpServer.o
                0x2000004c                HTTPServer_WDT_Reset
 .data.sock_any_port
                0x20000050        0x2 ./Wiznet_W5500/socket.o
 *fill*         0x20000052        0x2 
 .data.WIZCHIP  0x20000054       0x2c ./Wiznet_W5500/wizchip_conf.o
                0x20000054                WIZCHIP
 .data.__sglue  0x20000080        0xc C:/ST/STM32CubeIDE_1.15.1/STM32CubeIDE/plugins/com.st.stm32cube.ide.mcu.externaltools.gnu-tools-for-stm32.12.3.rel1.win32_1.0.100.202403111256/tools/bin/../lib/gcc/arm-none-eabi/12.3.1/../../../../arm-none-eabi/lib/thumb/v7e-m+fp/hard\libc_nano.a(libc_a-findfp.o)
                0x20000080                __sglue
 .data._impure_ptr
                0x2000008c        0x4 C:/ST/STM32CubeIDE_1.15.1/STM32CubeIDE/plugins/com.st.stm32cube.ide.mcu.externaltools.gnu-tools-for-stm32.12.3.rel1.win32_1.0.100.202403111256/tools/bin/../lib/gcc/arm-none-eabi/12.3.1/../../../../arm-none-eabi/lib/thumb/v7e-m+fp/hard\libc_nano.a(libc_a-impure.o)
                0x2000008c                _impure_ptr
 .data._impure_data
                0x20000090       0x4c C:/ST/STM32CubeIDE_1.15.1/STM32CubeIDE/plugins/com.st.stm32cube.ide.mcu.externaltools.gnu-tools-for-stm32.12.3.rel1.win32_1.0.100.202403111256/tools/bin/../lib/gcc/arm-none-eabi/12.3.1/../../../../arm-none-eabi/lib/thumb/v7e-m+fp/hard\libc_nano.a(libc_a-impure.o)
                0x20000090                _impure_data
 *(.RamFunc)
 *(.RamFunc*)
                0x200000dc                        . = ALIGN (0x4)
                0x200000dc                        _edata = .

.igot.plt       0x200000dc        0x0 load address 0x08018804
 .igot.plt      0x200000dc        0x0 C:/ST/STM32CubeIDE_1.15.1/STM32CubeIDE/plugins/com.st.stm32cube.ide.mcu.externaltools.gnu-tools-for-stm32.12.3.rel1.win32_1.0.100.202403111256/tools/bin/../lib/gcc/arm-none-eabi/12.3.1/thumb/v7e-m+fp/hard/crtbegin.o
                0x200000dc                        . = ALIGN (0x4)

.bss            0x200000dc     0x1478 load address 0x08018804
                0x200000dc                        _sbss = .
                0x200000dc                        __bss_start__ = _sbss
 *(.bss)
 .bss           0x200000dc       0x1c C:/ST/STM32CubeIDE_1.15.1/STM32CubeIDE/plugins/com.st.stm32cube.ide.mcu.externaltools.gnu-tools-for-stm32.12.3.rel1.win32_1.0.100.202403111256/tools/bin/../lib/gcc/arm-none-eabi/12.3.1/thumb/v7e-m+fp/hard/crtbegin.o
 *(.bss*)
 .bss.current_phy_conf
                0x200000f8        0x4 ./Src/main.o
                0x200000f8                current_phy_conf
 .bss.RX_BUFF   0x200000fc      0x400 ./Src/main.o
                0x200000fc                RX_BUFF
 .bss.TX_BUFF   0x200004fc      0x400 ./Src/main.o
                0x200004fc                TX_BUFF
 .bss.__sbrk_heap_end
                0x200008fc        0x4 ./Src/sysmem.o
 .bss.g_curr_tick
                0x20000900        0x4 ./Src/timebase.o
                0x20000900                g_curr_tick
 .bss.g_curr_tick_p
                0x20000904        0x4 ./Src/timebase.o
                0x20000904                g_curr_tick_p
 .bss.hspi1     0x20000908       0x44 ./Src/w5500_driver.o
                0x20000908                hspi1
 .bss.temp_buffer
                0x2000094c       0xaa ./Src/w5500_driver.o
                0x2000094c                temp_buffer
 *fill*         0x200009f6        0x2 
 .bss.dhcp_buffer
                0x200009f8      0x400 ./Src/w5500_driver.o
                0x200009f8                dhcp_buffer
 .bss.is_ip_assigned
                0x20000df8        0x1 ./Src/w5500_driver.o
                0x20000df8                is_ip_assigned
 .bss.DHCP_SOCKET
                0x20000df9        0x1 ./Wiznet_W5500/dhcp.o
                0x20000df9                DHCP_SOCKET
 *fill*         0x20000dfa        0x2 
 .bss.DHCP_SIP  0x20000dfc        0x4 ./Wiznet_W5500/dhcp.o
                0x20000dfc                DHCP_SIP
 .bss.DHCP_REAL_SIP
                0x20000e00        0x4 ./Wiznet_W5500/dhcp.o
                0x20000e00                DHCP_REAL_SIP
 .bss.OLD_allocated_ip
                0x20000e04        0x4 ./Wiznet_W5500/dhcp.o
                0x20000e04                OLD_allocated_ip
 .bss.DHCP_allocated_ip
                0x20000e08        0x4 ./Wiznet_W5500/dhcp.o
                0x20000e08                DHCP_allocated_ip
 .bss.DHCP_allocated_gw
                0x20000e0c        0x4 ./Wiznet_W5500/dhcp.o
                0x20000e0c                DHCP_allocated_gw
 .bss.DHCP_allocated_sn
                0x20000e10        0x4 ./Wiznet_W5500/dhcp.o
                0x20000e10                DHCP_allocated_sn
 .bss.DHCP_allocated_dns
                0x20000e14        0x4 ./Wiznet_W5500/dhcp.o
                0x20000e14                DHCP_allocated_dns
 .bss.dhcp_state
                0x20000e18        0x1 ./Wiznet_W5500/dhcp.o
                0x20000e18                dhcp_state
 .bss.dhcp_retry_count
                0x20000e19        0x1 ./Wiznet_W5500/dhcp.o
                0x20000e19                dhcp_retry_count
 *fill*         0x20000e1a        0x2 
 .bss.dhcp_tick_1s
                0x20000e1c        0x4 ./Wiznet_W5500/dhcp.o
                0x20000e1c                dhcp_tick_1s
 .bss.DHCP_XID  0x20000e20        0x4 ./Wiznet_W5500/dhcp.o
                0x20000e20                DHCP_XID
 .bss.pDHCPMSG  0x20000e24        0x4 ./Wiznet_W5500/dhcp.o
                0x20000e24                pDHCPMSG
 .bss.DHCP_CHADDR
                0x20000e28        0x6 ./Wiznet_W5500/dhcp.o
                0x20000e28                DHCP_CHADDR
 *fill*         0x20000e2e        0x2 
 .bss.HTTPSock_Num
                0x20000e30        0x8 ./Wiznet_W5500/httpServer.o
 .bss.http_request
                0x20000e38        0x4 ./Wiznet_W5500/httpServer.o
 .bss.parsed_http_request
                0x20000e3c        0x4 ./Wiznet_W5500/httpServer.o
 .bss.http_response
                0x20000e40        0x4 ./Wiznet_W5500/httpServer.o
 .bss.total_content_cnt
                0x20000e44        0x2 ./Wiznet_W5500/httpServer.o
 *fill*         0x20000e46        0x2 
 .bss.pHTTP_TX  0x20000e48        0x4 ./Wiznet_W5500/httpServer.o
                0x20000e48                pHTTP_TX
 .bss.pHTTP_RX  0x20000e4c        0x4 ./Wiznet_W5500/httpServer.o
                0x20000e4c                pHTTP_RX
 .bss.httpServer_tick_1s
                0x20000e50        0x4 ./Wiznet_W5500/httpServer.o
                0x20000e50                httpServer_tick_1s
 .bss.HTTPSock_Status
                0x20000e54      0x4a0 ./Wiznet_W5500/httpServer.o
                0x20000e54                HTTPSock_Status
 .bss.web_content
                0x200012f4       0xf0 ./Wiznet_W5500/httpServer.o
                0x200012f4                web_content
 .bss.sock_io_mode
                0x200013e4        0x2 ./Wiznet_W5500/socket.o
 .bss.sock_is_sending
                0x200013e6        0x2 ./Wiznet_W5500/socket.o
 .bss.sock_remained_size
                0x200013e8       0x10 ./Wiznet_W5500/socket.o
 .bss.sock_pack_info
                0x200013f8        0x8 ./Wiznet_W5500/socket.o
                0x200013f8                sock_pack_info
 .bss._DNS_     0x20001400        0x4 ./Wiznet_W5500/wizchip_conf.o
 .bss._DHCP_    0x20001404        0x1 ./Wiznet_W5500/wizchip_conf.o
 *fill*         0x20001405        0x3 
 .bss.__malloc_sbrk_start
                0x20001408        0x4 C:/ST/STM32CubeIDE_1.15.1/STM32CubeIDE/plugins/com.st.stm32cube.ide.mcu.externaltools.gnu-tools-for-stm32.12.3.rel1.win32_1.0.100.202403111256/tools/bin/../lib/gcc/arm-none-eabi/12.3.1/../../../../arm-none-eabi/lib/thumb/v7e-m+fp/hard\libc_nano.a(libc_a-mallocr.o)
                0x20001408                __malloc_sbrk_start
 .bss.__malloc_free_list
                0x2000140c        0x4 C:/ST/STM32CubeIDE_1.15.1/STM32CubeIDE/plugins/com.st.stm32cube.ide.mcu.externaltools.gnu-tools-for-stm32.12.3.rel1.win32_1.0.100.202403111256/tools/bin/../lib/gcc/arm-none-eabi/12.3.1/../../../../arm-none-eabi/lib/thumb/v7e-m+fp/hard\libc_nano.a(libc_a-mallocr.o)
                0x2000140c                __malloc_free_list
 .bss.__sf      0x20001410      0x138 C:/ST/STM32CubeIDE_1.15.1/STM32CubeIDE/plugins/com.st.stm32cube.ide.mcu.externaltools.gnu-tools-for-stm32.12.3.rel1.win32_1.0.100.202403111256/tools/bin/../lib/gcc/arm-none-eabi/12.3.1/../../../../arm-none-eabi/lib/thumb/v7e-m+fp/hard\libc_nano.a(libc_a-findfp.o)
                0x20001410                __sf
 .bss.__stdio_exit_handler
                0x20001548        0x4 C:/ST/STM32CubeIDE_1.15.1/STM32CubeIDE/plugins/com.st.stm32cube.ide.mcu.externaltools.gnu-tools-for-stm32.12.3.rel1.win32_1.0.100.202403111256/tools/bin/../lib/gcc/arm-none-eabi/12.3.1/../../../../arm-none-eabi/lib/thumb/v7e-m+fp/hard\libc_nano.a(libc_a-findfp.o)
                0x20001548                __stdio_exit_handler
 .bss.errno     0x2000154c        0x4 C:/ST/STM32CubeIDE_1.15.1/STM32CubeIDE/plugins/com.st.stm32cube.ide.mcu.externaltools.gnu-tools-for-stm32.12.3.rel1.win32_1.0.100.202403111256/tools/bin/../lib/gcc/arm-none-eabi/12.3.1/../../../../arm-none-eabi/lib/thumb/v7e-m+fp/hard\libc_nano.a(libc_a-reent.o)
                0x2000154c                errno
 .bss.__lock___malloc_recursive_mutex
                0x20001550        0x1 C:/ST/STM32CubeIDE_1.15.1/STM32CubeIDE/plugins/com.st.stm32cube.ide.mcu.externaltools.gnu-tools-for-stm32.12.3.rel1.win32_1.0.100.202403111256/tools/bin/../lib/gcc/arm-none-eabi/12.3.1/../../../../arm-none-eabi/lib/thumb/v7e-m+fp/hard\libc_nano.a(libc_a-lock.o)
                0x20001550                __lock___malloc_recursive_mutex
 .bss.__lock___sfp_recursive_mutex
                0x20001551        0x1 C:/ST/STM32CubeIDE_1.15.1/STM32CubeIDE/plugins/com.st.stm32cube.ide.mcu.externaltools.gnu-tools-for-stm32.12.3.rel1.win32_1.0.100.202403111256/tools/bin/../lib/gcc/arm-none-eabi/12.3.1/../../../../arm-none-eabi/lib/thumb/v7e-m+fp/hard\libc_nano.a(libc_a-lock.o)
                0x20001551                __lock___sfp_recursive_mutex
 *(COMMON)
                0x20001554                        . = ALIGN (0x4)
 *fill*         0x20001552        0x2 
                0x20001554                        _ebss = .
                0x20001554                        __bss_end__ = _ebss

._user_heap_stack
                0x20001554      0x604 load address 0x08018804
                0x20001558                        . = ALIGN (0x8)
 *fill*         0x20001554        0x4 
                [!provide]                        PROVIDE (end = .)
                0x20001558                        PROVIDE (_end = .)
                0x20001758                        . = (. + _Min_Heap_Size)
 *fill*         0x20001558      0x200 
                0x20001b58                        . = (. + _Min_Stack_Size)
 *fill*         0x20001758      0x400 
                0x20001b58                        . = ALIGN (0x8)

/DISCARD/
 libc.a(*)
 libm.a(*)
 libgcc.a(*)

.ARM.attributes
                0x00000000       0x30
 *(.ARM.attributes)
 .ARM.attributes
                0x00000000       0x22 C:/ST/STM32CubeIDE_1.15.1/STM32CubeIDE/plugins/com.st.stm32cube.ide.mcu.externaltools.gnu-tools-for-stm32.12.3.rel1.win32_1.0.100.202403111256/tools/bin/../lib/gcc/arm-none-eabi/12.3.1/thumb/v7e-m+fp/hard/crti.o
 .ARM.attributes
                0x00000022       0x34 C:/ST/STM32CubeIDE_1.15.1/STM32CubeIDE/plugins/com.st.stm32cube.ide.mcu.externaltools.gnu-tools-for-stm32.12.3.rel1.win32_1.0.100.202403111256/tools/bin/../lib/gcc/arm-none-eabi/12.3.1/thumb/v7e-m+fp/hard/crtbegin.o
 .ARM.attributes
                0x00000056       0x34 ./Src/adc.o
 .ARM.attributes
                0x0000008a       0x34 ./Src/bsp.o
 .ARM.attributes
                0x000000be       0x34 ./Src/fpu.o
 .ARM.attributes
                0x000000f2       0x34 ./Src/main.o
 .ARM.attributes
                0x00000126       0x34 ./Src/spi.o
 .ARM.attributes
                0x0000015a       0x34 ./Src/syscalls.o
 .ARM.attributes
                0x0000018e       0x34 ./Src/sysmem.o
 .ARM.attributes
                0x000001c2       0x34 ./Src/timebase.o
 .ARM.attributes
                0x000001f6       0x34 ./Src/uart.o
 .ARM.attributes
                0x0000022a       0x34 ./Src/w5500_driver.o
 .ARM.attributes
                0x0000025e       0x34 ./Src/webpages.o
 .ARM.attributes
                0x00000292       0x21 ./Startup/startup_stm32f411retx.o
 .ARM.attributes
                0x000002b3       0x34 ./Wiznet_W5500/dhcp.o
 .ARM.attributes
                0x000002e7       0x34 ./Wiznet_W5500/httpParser.o
 .ARM.attributes
                0x0000031b       0x34 ./Wiznet_W5500/httpServer.o
 .ARM.attributes
                0x0000034f       0x34 ./Wiznet_W5500/httpUtil.o
 .ARM.attributes
                0x00000383       0x34 ./Wiznet_W5500/socket.o
 .ARM.attributes
                0x000003b7       0x34 ./Wiznet_W5500/w5500.o
 .ARM.attributes
                0x000003eb       0x34 ./Wiznet_W5500/wizchip_conf.o
 .ARM.attributes
                0x0000041f       0x34 C:/ST/STM32CubeIDE_1.15.1/STM32CubeIDE/plugins/com.st.stm32cube.ide.mcu.externaltools.gnu-tools-for-stm32.12.3.rel1.win32_1.0.100.202403111256/tools/bin/../lib/gcc/arm-none-eabi/12.3.1/../../../../arm-none-eabi/lib/thumb/v7e-m+fp/hard\libc_nano.a(libc_a-malloc.o)
 .ARM.attributes
                0x00000453       0x34 C:/ST/STM32CubeIDE_1.15.1/STM32CubeIDE/plugins/com.st.stm32cube.ide.mcu.externaltools.gnu-tools-for-stm32.12.3.rel1.win32_1.0.100.202403111256/tools/bin/../lib/gcc/arm-none-eabi/12.3.1/../../../../arm-none-eabi/lib/thumb/v7e-m+fp/hard\libc_nano.a(libc_a-mallocr.o)
 .ARM.attributes
                0x00000487       0x34 C:/ST/STM32CubeIDE_1.15.1/STM32CubeIDE/plugins/com.st.stm32cube.ide.mcu.externaltools.gnu-tools-for-stm32.12.3.rel1.win32_1.0.100.202403111256/tools/bin/../lib/gcc/arm-none-eabi/12.3.1/../../../../arm-none-eabi/lib/thumb/v7e-m+fp/hard\libc_nano.a(libc_a-mlock.o)
 .ARM.attributes
                0x000004bb       0x34 C:/ST/STM32CubeIDE_1.15.1/STM32CubeIDE/plugins/com.st.stm32cube.ide.mcu.externaltools.gnu-tools-for-stm32.12.3.rel1.win32_1.0.100.202403111256/tools/bin/../lib/gcc/arm-none-eabi/12.3.1/../../../../arm-none-eabi/lib/thumb/v7e-m+fp/hard\libc_nano.a(libc_a-findfp.o)
 .ARM.attributes
                0x000004ef       0x34 C:/ST/STM32CubeIDE_1.15.1/STM32CubeIDE/plugins/com.st.stm32cube.ide.mcu.externaltools.gnu-tools-for-stm32.12.3.rel1.win32_1.0.100.202403111256/tools/bin/../lib/gcc/arm-none-eabi/12.3.1/../../../../arm-none-eabi/lib/thumb/v7e-m+fp/hard\libc_nano.a(libc_a-fwalk.o)
 .ARM.attributes
                0x00000523       0x34 C:/ST/STM32CubeIDE_1.15.1/STM32CubeIDE/plugins/com.st.stm32cube.ide.mcu.externaltools.gnu-tools-for-stm32.12.3.rel1.win32_1.0.100.202403111256/tools/bin/../lib/gcc/arm-none-eabi/12.3.1/../../../../arm-none-eabi/lib/thumb/v7e-m+fp/hard\libc_nano.a(libc_a-printf.o)
 .ARM.attributes
                0x00000557       0x34 C:/ST/STM32CubeIDE_1.15.1/STM32CubeIDE/plugins/com.st.stm32cube.ide.mcu.externaltools.gnu-tools-for-stm32.12.3.rel1.win32_1.0.100.202403111256/tools/bin/../lib/gcc/arm-none-eabi/12.3.1/../../../../arm-none-eabi/lib/thumb/v7e-m+fp/hard\libc_nano.a(libc_a-puts.o)
 .ARM.attributes
                0x0000058b       0x34 C:/ST/STM32CubeIDE_1.15.1/STM32CubeIDE/plugins/com.st.stm32cube.ide.mcu.externaltools.gnu-tools-for-stm32.12.3.rel1.win32_1.0.100.202403111256/tools/bin/../lib/gcc/arm-none-eabi/12.3.1/../../../../arm-none-eabi/lib/thumb/v7e-m+fp/hard\libc_nano.a(libc_a-sprintf.o)
 .ARM.attributes
                0x000005bf       0x34 C:/ST/STM32CubeIDE_1.15.1/STM32CubeIDE/plugins/com.st.stm32cube.ide.mcu.externaltools.gnu-tools-for-stm32.12.3.rel1.win32_1.0.100.202403111256/tools/bin/../lib/gcc/arm-none-eabi/12.3.1/../../../../arm-none-eabi/lib/thumb/v7e-m+fp/hard\libc_nano.a(libc_a-stdio.o)
 .ARM.attributes
                0x000005f3       0x34 C:/ST/STM32CubeIDE_1.15.1/STM32CubeIDE/plugins/com.st.stm32cube.ide.mcu.externaltools.gnu-tools-for-stm32.12.3.rel1.win32_1.0.100.202403111256/tools/bin/../lib/gcc/arm-none-eabi/12.3.1/../../../../arm-none-eabi/lib/thumb/v7e-m+fp/hard\libc_nano.a(libc_a-wbuf.o)
 .ARM.attributes
                0x00000627       0x34 C:/ST/STM32CubeIDE_1.15.1/STM32CubeIDE/plugins/com.st.stm32cube.ide.mcu.externaltools.gnu-tools-for-stm32.12.3.rel1.win32_1.0.100.202403111256/tools/bin/../lib/gcc/arm-none-eabi/12.3.1/../../../../arm-none-eabi/lib/thumb/v7e-m+fp/hard\libc_nano.a(libc_a-wsetup.o)
 .ARM.attributes
                0x0000065b       0x34 C:/ST/STM32CubeIDE_1.15.1/STM32CubeIDE/plugins/com.st.stm32cube.ide.mcu.externaltools.gnu-tools-for-stm32.12.3.rel1.win32_1.0.100.202403111256/tools/bin/../lib/gcc/arm-none-eabi/12.3.1/../../../../arm-none-eabi/lib/thumb/v7e-m+fp/hard\libc_nano.a(libc_a-memset.o)
 .ARM.attributes
                0x0000068f       0x34 C:/ST/STM32CubeIDE_1.15.1/STM32CubeIDE/plugins/com.st.stm32cube.ide.mcu.externaltools.gnu-tools-for-stm32.12.3.rel1.win32_1.0.100.202403111256/tools/bin/../lib/gcc/arm-none-eabi/12.3.1/../../../../arm-none-eabi/lib/thumb/v7e-m+fp/hard\libc_nano.a(libc_a-strcat.o)
 .ARM.attributes
                0x000006c3       0x34 C:/ST/STM32CubeIDE_1.15.1/STM32CubeIDE/plugins/com.st.stm32cube.ide.mcu.externaltools.gnu-tools-for-stm32.12.3.rel1.win32_1.0.100.202403111256/tools/bin/../lib/gcc/arm-none-eabi/12.3.1/../../../../arm-none-eabi/lib/thumb/v7e-m+fp/hard\libc_nano.a(libc_a-strncpy.o)
 .ARM.attributes
                0x000006f7       0x34 C:/ST/STM32CubeIDE_1.15.1/STM32CubeIDE/plugins/com.st.stm32cube.ide.mcu.externaltools.gnu-tools-for-stm32.12.3.rel1.win32_1.0.100.202403111256/tools/bin/../lib/gcc/arm-none-eabi/12.3.1/../../../../arm-none-eabi/lib/thumb/v7e-m+fp/hard\libc_nano.a(libc_a-strtok.o)
 .ARM.attributes
                0x0000072b       0x34 C:/ST/STM32CubeIDE_1.15.1/STM32CubeIDE/plugins/com.st.stm32cube.ide.mcu.externaltools.gnu-tools-for-stm32.12.3.rel1.win32_1.0.100.202403111256/tools/bin/../lib/gcc/arm-none-eabi/12.3.1/../../../../arm-none-eabi/lib/thumb/v7e-m+fp/hard\libc_nano.a(libc_a-strtok_r.o)
 .ARM.attributes
                0x0000075f       0x34 C:/ST/STM32CubeIDE_1.15.1/STM32CubeIDE/plugins/com.st.stm32cube.ide.mcu.externaltools.gnu-tools-for-stm32.12.3.rel1.win32_1.0.100.202403111256/tools/bin/../lib/gcc/arm-none-eabi/12.3.1/../../../../arm-none-eabi/lib/thumb/v7e-m+fp/hard\libc_nano.a(libc_a-strstr.o)
 .ARM.attributes
                0x00000793       0x34 C:/ST/STM32CubeIDE_1.15.1/STM32CubeIDE/plugins/com.st.stm32cube.ide.mcu.externaltools.gnu-tools-for-stm32.12.3.rel1.win32_1.0.100.202403111256/tools/bin/../lib/gcc/arm-none-eabi/12.3.1/../../../../arm-none-eabi/lib/thumb/v7e-m+fp/hard\libc_nano.a(libc_a-closer.o)
 .ARM.attributes
                0x000007c7       0x34 C:/ST/STM32CubeIDE_1.15.1/STM32CubeIDE/plugins/com.st.stm32cube.ide.mcu.externaltools.gnu-tools-for-stm32.12.3.rel1.win32_1.0.100.202403111256/tools/bin/../lib/gcc/arm-none-eabi/12.3.1/../../../../arm-none-eabi/lib/thumb/v7e-m+fp/hard\libc_nano.a(libc_a-reent.o)
 .ARM.attributes
                0x000007fb       0x34 C:/ST/STM32CubeIDE_1.15.1/STM32CubeIDE/plugins/com.st.stm32cube.ide.mcu.externaltools.gnu-tools-for-stm32.12.3.rel1.win32_1.0.100.202403111256/tools/bin/../lib/gcc/arm-none-eabi/12.3.1/../../../../arm-none-eabi/lib/thumb/v7e-m+fp/hard\libc_nano.a(libc_a-impure.o)
 .ARM.attributes
                0x0000082f       0x34 C:/ST/STM32CubeIDE_1.15.1/STM32CubeIDE/plugins/com.st.stm32cube.ide.mcu.externaltools.gnu-tools-for-stm32.12.3.rel1.win32_1.0.100.202403111256/tools/bin/../lib/gcc/arm-none-eabi/12.3.1/../../../../arm-none-eabi/lib/thumb/v7e-m+fp/hard\libc_nano.a(libc_a-lseekr.o)
 .ARM.attributes
                0x00000863       0x34 C:/ST/STM32CubeIDE_1.15.1/STM32CubeIDE/plugins/com.st.stm32cube.ide.mcu.externaltools.gnu-tools-for-stm32.12.3.rel1.win32_1.0.100.202403111256/tools/bin/../lib/gcc/arm-none-eabi/12.3.1/../../../../arm-none-eabi/lib/thumb/v7e-m+fp/hard\libc_nano.a(libc_a-readr.o)
 .ARM.attributes
                0x00000897       0x34 C:/ST/STM32CubeIDE_1.15.1/STM32CubeIDE/plugins/com.st.stm32cube.ide.mcu.externaltools.gnu-tools-for-stm32.12.3.rel1.win32_1.0.100.202403111256/tools/bin/../lib/gcc/arm-none-eabi/12.3.1/../../../../arm-none-eabi/lib/thumb/v7e-m+fp/hard\libc_nano.a(libc_a-sbrkr.o)
 .ARM.attributes
                0x000008cb       0x34 C:/ST/STM32CubeIDE_1.15.1/STM32CubeIDE/plugins/com.st.stm32cube.ide.mcu.externaltools.gnu-tools-for-stm32.12.3.rel1.win32_1.0.100.202403111256/tools/bin/../lib/gcc/arm-none-eabi/12.3.1/../../../../arm-none-eabi/lib/thumb/v7e-m+fp/hard\libc_nano.a(libc_a-writer.o)
 .ARM.attributes
                0x000008ff       0x34 C:/ST/STM32CubeIDE_1.15.1/STM32CubeIDE/plugins/com.st.stm32cube.ide.mcu.externaltools.gnu-tools-for-stm32.12.3.rel1.win32_1.0.100.202403111256/tools/bin/../lib/gcc/arm-none-eabi/12.3.1/../../../../arm-none-eabi/lib/thumb/v7e-m+fp/hard\libc_nano.a(libc_a-errno.o)
 .ARM.attributes
                0x00000933       0x34 C:/ST/STM32CubeIDE_1.15.1/STM32CubeIDE/plugins/com.st.stm32cube.ide.mcu.externaltools.gnu-tools-for-stm32.12.3.rel1.win32_1.0.100.202403111256/tools/bin/../lib/gcc/arm-none-eabi/12.3.1/../../../../arm-none-eabi/lib/thumb/v7e-m+fp/hard\libc_nano.a(libc_a-init.o)
 .ARM.attributes
                0x00000967       0x34 C:/ST/STM32CubeIDE_1.15.1/STM32CubeIDE/plugins/com.st.stm32cube.ide.mcu.externaltools.gnu-tools-for-stm32.12.3.rel1.win32_1.0.100.202403111256/tools/bin/../lib/gcc/arm-none-eabi/12.3.1/../../../../arm-none-eabi/lib/thumb/v7e-m+fp/hard\libc_nano.a(libc_a-lock.o)
 .ARM.attributes
                0x0000099b       0x20 C:/ST/STM32CubeIDE_1.15.1/STM32CubeIDE/plugins/com.st.stm32cube.ide.mcu.externaltools.gnu-tools-for-stm32.12.3.rel1.win32_1.0.100.202403111256/tools/bin/../lib/gcc/arm-none-eabi/12.3.1/../../../../arm-none-eabi/lib/thumb/v7e-m+fp/hard\libc_nano.a(libc_a-strcmp.o)
 .ARM.attributes
                0x000009bb       0x34 C:/ST/STM32CubeIDE_1.15.1/STM32CubeIDE/plugins/com.st.stm32cube.ide.mcu.externaltools.gnu-tools-for-stm32.12.3.rel1.win32_1.0.100.202403111256/tools/bin/../lib/gcc/arm-none-eabi/12.3.1/../../../../arm-none-eabi/lib/thumb/v7e-m+fp/hard\libc_nano.a(libc_a-strcpy.o)
 .ARM.attributes
                0x000009ef       0x34 C:/ST/STM32CubeIDE_1.15.1/STM32CubeIDE/plugins/com.st.stm32cube.ide.mcu.externaltools.gnu-tools-for-stm32.12.3.rel1.win32_1.0.100.202403111256/tools/bin/../lib/gcc/arm-none-eabi/12.3.1/../../../../arm-none-eabi/lib/thumb/v7e-m+fp/hard\libc_nano.a(libc_a-memcpy-stub.o)
 .ARM.attributes
                0x00000a23       0x17 C:/ST/STM32CubeIDE_1.15.1/STM32CubeIDE/plugins/com.st.stm32cube.ide.mcu.externaltools.gnu-tools-for-stm32.12.3.rel1.win32_1.0.100.202403111256/tools/bin/../lib/gcc/arm-none-eabi/12.3.1/../../../../arm-none-eabi/lib/thumb/v7e-m+fp/hard\libc_nano.a(libc_a-strlen.o)
 .ARM.attributes
                0x00000a3a       0x34 C:/ST/STM32CubeIDE_1.15.1/STM32CubeIDE/plugins/com.st.stm32cube.ide.mcu.externaltools.gnu-tools-for-stm32.12.3.rel1.win32_1.0.100.202403111256/tools/bin/../lib/gcc/arm-none-eabi/12.3.1/../../../../arm-none-eabi/lib/thumb/v7e-m+fp/hard\libc_nano.a(libc_a-assert.o)
 .ARM.attributes
                0x00000a6e       0x34 C:/ST/STM32CubeIDE_1.15.1/STM32CubeIDE/plugins/com.st.stm32cube.ide.mcu.externaltools.gnu-tools-for-stm32.12.3.rel1.win32_1.0.100.202403111256/tools/bin/../lib/gcc/arm-none-eabi/12.3.1/../../../../arm-none-eabi/lib/thumb/v7e-m+fp/hard\libc_nano.a(libc_a-freer.o)
 .ARM.attributes
                0x00000aa2       0x34 C:/ST/STM32CubeIDE_1.15.1/STM32CubeIDE/plugins/com.st.stm32cube.ide.mcu.externaltools.gnu-tools-for-stm32.12.3.rel1.win32_1.0.100.202403111256/tools/bin/../lib/gcc/arm-none-eabi/12.3.1/../../../../arm-none-eabi/lib/thumb/v7e-m+fp/hard\libc_nano.a(libc_a-nano-svfprintf.o)
 .ARM.attributes
                0x00000ad6       0x34 C:/ST/STM32CubeIDE_1.15.1/STM32CubeIDE/plugins/com.st.stm32cube.ide.mcu.externaltools.gnu-tools-for-stm32.12.3.rel1.win32_1.0.100.202403111256/tools/bin/../lib/gcc/arm-none-eabi/12.3.1/../../../../arm-none-eabi/lib/thumb/v7e-m+fp/hard\libc_nano.a(libc_a-nano-vfprintf.o)
 .ARM.attributes
                0x00000b0a       0x34 C:/ST/STM32CubeIDE_1.15.1/STM32CubeIDE/plugins/com.st.stm32cube.ide.mcu.externaltools.gnu-tools-for-stm32.12.3.rel1.win32_1.0.100.202403111256/tools/bin/../lib/gcc/arm-none-eabi/12.3.1/../../../../arm-none-eabi/lib/thumb/v7e-m+fp/hard\libc_nano.a(libc_a-nano-vfprintf_i.o)
 .ARM.attributes
                0x00000b3e       0x34 C:/ST/STM32CubeIDE_1.15.1/STM32CubeIDE/plugins/com.st.stm32cube.ide.mcu.externaltools.gnu-tools-for-stm32.12.3.rel1.win32_1.0.100.202403111256/tools/bin/../lib/gcc/arm-none-eabi/12.3.1/../../../../arm-none-eabi/lib/thumb/v7e-m+fp/hard\libc_nano.a(libc_a-fflush.o)
 .ARM.attributes
                0x00000b72       0x34 C:/ST/STM32CubeIDE_1.15.1/STM32CubeIDE/plugins/com.st.stm32cube.ide.mcu.externaltools.gnu-tools-for-stm32.12.3.rel1.win32_1.0.100.202403111256/tools/bin/../lib/gcc/arm-none-eabi/12.3.1/../../../../arm-none-eabi/lib/thumb/v7e-m+fp/hard\libc_nano.a(libc_a-fprintf.o)
 .ARM.attributes
                0x00000ba6       0x34 C:/ST/STM32CubeIDE_1.15.1/STM32CubeIDE/plugins/com.st.stm32cube.ide.mcu.externaltools.gnu-tools-for-stm32.12.3.rel1.win32_1.0.100.202403111256/tools/bin/../lib/gcc/arm-none-eabi/12.3.1/../../../../arm-none-eabi/lib/thumb/v7e-m+fp/hard\libc_nano.a(libc_a-makebuf.o)
 .ARM.attributes
                0x00000bda       0x34 C:/ST/STM32CubeIDE_1.15.1/STM32CubeIDE/plugins/com.st.stm32cube.ide.mcu.externaltools.gnu-tools-for-stm32.12.3.rel1.win32_1.0.100.202403111256/tools/bin/../lib/gcc/arm-none-eabi/12.3.1/../../../../arm-none-eabi/lib/thumb/v7e-m+fp/hard\libc_nano.a(libc_a-memmove.o)
 .ARM.attributes
                0x00000c0e       0x34 C:/ST/STM32CubeIDE_1.15.1/STM32CubeIDE/plugins/com.st.stm32cube.ide.mcu.externaltools.gnu-tools-for-stm32.12.3.rel1.win32_1.0.100.202403111256/tools/bin/../lib/gcc/arm-none-eabi/12.3.1/../../../../arm-none-eabi/lib/thumb/v7e-m+fp/hard\libc_nano.a(libc_a-fstatr.o)
 .ARM.attributes
                0x00000c42       0x34 C:/ST/STM32CubeIDE_1.15.1/STM32CubeIDE/plugins/com.st.stm32cube.ide.mcu.externaltools.gnu-tools-for-stm32.12.3.rel1.win32_1.0.100.202403111256/tools/bin/../lib/gcc/arm-none-eabi/12.3.1/../../../../arm-none-eabi/lib/thumb/v7e-m+fp/hard\libc_nano.a(libc_a-isattyr.o)
 .ARM.attributes
                0x00000c76       0x1c C:/ST/STM32CubeIDE_1.15.1/STM32CubeIDE/plugins/com.st.stm32cube.ide.mcu.externaltools.gnu-tools-for-stm32.12.3.rel1.win32_1.0.100.202403111256/tools/bin/../lib/gcc/arm-none-eabi/12.3.1/../../../../arm-none-eabi/lib/thumb/v7e-m+fp/hard\libc_nano.a(libc_a-memchr.o)
 .ARM.attributes
                0x00000c92       0x34 C:/ST/STM32CubeIDE_1.15.1/STM32CubeIDE/plugins/com.st.stm32cube.ide.mcu.externaltools.gnu-tools-for-stm32.12.3.rel1.win32_1.0.100.202403111256/tools/bin/../lib/gcc/arm-none-eabi/12.3.1/../../../../arm-none-eabi/lib/thumb/v7e-m+fp/hard\libc_nano.a(libc_a-abort.o)
 .ARM.attributes
                0x00000cc6       0x34 C:/ST/STM32CubeIDE_1.15.1/STM32CubeIDE/plugins/com.st.stm32cube.ide.mcu.externaltools.gnu-tools-for-stm32.12.3.rel1.win32_1.0.100.202403111256/tools/bin/../lib/gcc/arm-none-eabi/12.3.1/../../../../arm-none-eabi/lib/thumb/v7e-m+fp/hard\libc_nano.a(libc_a-reallocr.o)
 .ARM.attributes
                0x00000cfa       0x34 C:/ST/STM32CubeIDE_1.15.1/STM32CubeIDE/plugins/com.st.stm32cube.ide.mcu.externaltools.gnu-tools-for-stm32.12.3.rel1.win32_1.0.100.202403111256/tools/bin/../lib/gcc/arm-none-eabi/12.3.1/../../../../arm-none-eabi/lib/thumb/v7e-m+fp/hard\libc_nano.a(libc_a-signal.o)
 .ARM.attributes
                0x00000d2e       0x34 C:/ST/STM32CubeIDE_1.15.1/STM32CubeIDE/plugins/com.st.stm32cube.ide.mcu.externaltools.gnu-tools-for-stm32.12.3.rel1.win32_1.0.100.202403111256/tools/bin/../lib/gcc/arm-none-eabi/12.3.1/../../../../arm-none-eabi/lib/thumb/v7e-m+fp/hard\libc_nano.a(libc_a-signalr.o)
 .ARM.attributes
                0x00000d62       0x34 C:/ST/STM32CubeIDE_1.15.1/STM32CubeIDE/plugins/com.st.stm32cube.ide.mcu.externaltools.gnu-tools-for-stm32.12.3.rel1.win32_1.0.100.202403111256/tools/bin/../lib/gcc/arm-none-eabi/12.3.1/../../../../arm-none-eabi/lib/thumb/v7e-m+fp/hard\libc_nano.a(libc_a-msizer.o)
 .ARM.attributes
                0x00000d96       0x22 C:/ST/STM32CubeIDE_1.15.1/STM32CubeIDE/plugins/com.st.stm32cube.ide.mcu.externaltools.gnu-tools-for-stm32.12.3.rel1.win32_1.0.100.202403111256/tools/bin/../lib/gcc/arm-none-eabi/12.3.1/thumb/v7e-m+fp/hard/crtn.o
OUTPUT(10_w5500_http_server.elf elf32-littlearm)
LOAD linker stubs
LOAD C:/ST/STM32CubeIDE_1.15.1/STM32CubeIDE/plugins/com.st.stm32cube.ide.mcu.externaltools.gnu-tools-for-stm32.12.3.rel1.win32_1.0.100.202403111256/tools/bin/../lib/gcc/arm-none-eabi/12.3.1/../../../../arm-none-eabi/lib/thumb/v7e-m+fp/hard\libc.a
LOAD C:/ST/STM32CubeIDE_1.15.1/STM32CubeIDE/plugins/com.st.stm32cube.ide.mcu.externaltools.gnu-tools-for-stm32.12.3.rel1.win32_1.0.100.202403111256/tools/bin/../lib/gcc/arm-none-eabi/12.3.1/../../../../arm-none-eabi/lib/thumb/v7e-m+fp/hard\libm.a
LOAD C:/ST/STM32CubeIDE_1.15.1/STM32CubeIDE/plugins/com.st.stm32cube.ide.mcu.externaltools.gnu-tools-for-stm32.12.3.rel1.win32_1.0.100.202403111256/tools/bin/../lib/gcc/arm-none-eabi/12.3.1/thumb/v7e-m+fp/hard\libgcc.a

.debug_info     0x00000000     0x66d5
 .debug_info    0x00000000      0x3fc ./Src/adc.o
 .debug_info    0x000003fc      0x333 ./Src/bsp.o
 .debug_info    0x0000072f      0x249 ./Src/fpu.o
 .debug_info    0x00000978      0x590 ./Src/main.o
 .debug_info    0x00000f08      0x708 ./Src/spi.o
 .debug_info    0x00001610      0x6a3 ./Src/syscalls.o
 .debug_info    0x00001cb3      0x168 ./Src/sysmem.o
 .debug_info    0x00001e1b      0x1d7 ./Src/timebase.o
 .debug_info    0x00001ff2      0x418 ./Src/uart.o
 .debug_info    0x0000240a      0xa1d ./Src/w5500_driver.o
 .debug_info    0x00002e27       0x65 ./Src/webpages.o
 .debug_info    0x00002e8c       0x30 ./Startup/startup_stm32f411retx.o
 .debug_info    0x00002ebc      0xa1e ./Wiznet_W5500/dhcp.o
 .debug_info    0x000038da      0x658 ./Wiznet_W5500/httpParser.o
 .debug_info    0x00003f32      0xba4 ./Wiznet_W5500/httpServer.o
 .debug_info    0x00004ad6      0x329 ./Wiznet_W5500/httpUtil.o
 .debug_info    0x00004dff      0x727 ./Wiznet_W5500/socket.o
 .debug_info    0x00005526      0x539 ./Wiznet_W5500/w5500.o
 .debug_info    0x00005a5f      0xc76 ./Wiznet_W5500/wizchip_conf.o

.debug_abbrev   0x00000000     0x1e30
 .debug_abbrev  0x00000000      0x107 ./Src/adc.o
 .debug_abbrev  0x00000107       0xd2 ./Src/bsp.o
 .debug_abbrev  0x000001d9       0xb8 ./Src/fpu.o
 .debug_abbrev  0x00000291      0x21a ./Src/main.o
 .debug_abbrev  0x000004ab      0x1af ./Src/spi.o
 .debug_abbrev  0x0000065a      0x1b6 ./Src/syscalls.o
 .debug_abbrev  0x00000810       0xbc ./Src/sysmem.o
 .debug_abbrev  0x000008cc      0x16e ./Src/timebase.o
 .debug_abbrev  0x00000a3a      0x141 ./Src/uart.o
 .debug_abbrev  0x00000b7b      0x261 ./Src/w5500_driver.o
 .debug_abbrev  0x00000ddc       0x42 ./Src/webpages.o
 .debug_abbrev  0x00000e1e       0x24 ./Startup/startup_stm32f411retx.o