Archive member included to satisfy reference by file (symbol)

C:/ST/STM32CubeIDE_1.15.1/STM32CubeIDE/plugins/com.st.stm32cube.ide.mcu.externaltools.gnu-tools-for-stm32.12.3.rel1.win32_1.0.100.202403111256/tools/bin/../lib/gcc/arm-none-eabi/12.3.1/../../../../arm-none-eabi/lib/thumb/v7e-m+fp/hard\libc_nano.a(libc_a-exit.o)
                              C:/ST/STM32CubeIDE_1.15.1/STM32CubeIDE/plugins/com.st.stm32cube.ide.mcu.externaltools.gnu-tools-for-stm32.12.3.rel1.win32_1.0.100.202403111256/tools/bin/../lib/gcc/arm-none-eabi/12.3.1/../../../../arm-none-eabi/lib/thumb/v7e-m+fp/hard/crt0.o (exit)
C:/ST/STM32CubeIDE_1.15.1/STM32CubeIDE/plugins/com.st.stm32cube.ide.mcu.externaltools.gnu-tools-for-stm32.12.3.rel1.win32_1.0.100.202403111256/tools/bin/../lib/gcc/arm-none-eabi/12.3.1/../../../../arm-none-eabi/lib/thumb/v7e-m+fp/hard\libc_nano.a(libc_a-malloc.o)
                              ./Wiznet_W5500/httpServer.o (malloc)
C:/ST/STM32CubeIDE_1.15.1/STM32CubeIDE/plugins/com.st.stm32cube.ide.mcu.externaltools.gnu-tools-for-stm32.12.3.rel1.win32_1.0.100.202403111256/tools/bin/../lib/gcc/arm-none-eabi/12.3.1/../../../../arm-none-eabi/lib/thumb/v7e-m+fp/hard\libc_nano.a(libc_a-mallocr.o)
                              C:/ST/STM32CubeIDE_1.15.1/STM32CubeIDE/plugins/com.st.stm32cube.ide.mcu.externaltools.gnu-tools-for-stm32.12.3.rel1.win32_1.0.100.202403111256/tools/bin/../lib/gcc/arm-none-eabi/12.3.1/../../../../arm-none-eabi/lib/thumb/v7e-m+fp/hard\libc_nano.a(libc_a-malloc.o) (_malloc_r)
C:/ST/STM32CubeIDE_1.15.1/STM32CubeIDE/plugins/com.st.stm32cube.ide.mcu.externaltools.gnu-tools-for-stm32.12.3.rel1.win32_1.0.100.202403111256/tools/bin/../lib/gcc/arm-none-eabi/12.3.1/../../../../arm-none-eabi/lib/thumb/v7e-m+fp/hard\libc_nano.a(libc_a-mlock.o)
                              C:/ST/STM32CubeIDE_1.15.1/STM32CubeIDE/plugins/com.st.stm32cube.ide.mcu.externaltools.gnu-tools-for-stm32.12.3.rel1.win32_1.0.100.202403111256/tools/bin/../lib/gcc/arm-none-eabi/12.3.1/../../../../arm-none-eabi/lib/thumb/v7e-m+fp/hard\libc_nano.a(libc_a-mallocr.o) (__malloc_lock)
C:/ST/STM32CubeIDE_1.15.1/STM32CubeIDE/plugins/com.st.stm32cube.ide.mcu.externaltools.gnu-tools-for-stm32.12.3.rel1.win32_1.0.100.202403111256/tools/bin/../lib/gcc/arm-none-eabi/12.3.1/../../../../arm-none-eabi/lib/thumb/v7e-m+fp/hard\libc_nano.a(libc_a-findfp.o)
                              C:/ST/STM32CubeIDE_1.15.1/STM32CubeIDE/plugins/com.st.stm32cube.ide.mcu.externaltools.gnu-tools-for-stm32.12.3.rel1.win32_1.0.100.202403111256/tools/bin/../lib/gcc/arm-none-eabi/12.3.1/../../../../arm-none-eabi/lib/thumb/v7e-m+fp/hard\libc_nano.a(libc_a-exit.o) (__stdio_exit_handler)
C:/ST/STM32CubeIDE_1.15.1/STM32CubeIDE/plugins/com.st.stm32cube.ide.mcu.externaltools.gnu-tools-for-stm32.12.3.rel1.win32_1.0.100.202403111256/tools/bin/../lib/gcc/arm-none-eabi/12.3.1/../../../../arm-none-eabi/lib/thumb/v7e-m+fp/hard\libc_nano.a(libc_a-fwalk.o)
                              C:/ST/STM32CubeIDE_1.15.1/STM32CubeIDE/plugins/com.st.stm32cube.ide.mcu.externaltools.gnu-tools-for-stm32.12.3.rel1.win32_1.0.100.202403111256/tools/bin/../lib/gcc/arm-none-eabi/12.3.1/../../../../arm-none-eabi/lib/thumb/v7e-m+fp/hard\libc_nano.a(libc_a-findfp.o) (_fwalk_sglue)
C:/ST/STM32CubeIDE_1.15.1/STM32CubeIDE/plugins/com.st.stm32cube.ide.mcu.externaltools.gnu-tools-for-stm32.12.3.rel1.win32_1.0.100.202403111256/tools/bin/../lib/gcc/arm-none-eabi/12.3.1/../../../../arm-none-eabi/lib/thumb/v7e-m+fp/hard\libc_nano.a(libc_a-printf.o)
                              ./Src/main.o (printf)
C:/ST/STM32CubeIDE_1.15.1/STM32CubeIDE/plugins/com.st.stm32cube.ide.mcu.externaltools.gnu-tools-for-stm32.12.3.rel1.win32_1.0.100.202403111256/tools/bin/../lib/gcc/arm-none-eabi/12.3.1/../../../../arm-none-eabi/lib/thumb/v7e-m+fp/hard\libc_nano.a(libc_a-puts.o)
                              ./Src/main.o (puts)
C:/ST/STM32CubeIDE_1.15.1/STM32CubeIDE/plugins/com.st.stm32cube.ide.mcu.externaltools.gnu-tools-for-stm32.12.3.rel1.win32_1.0.100.202403111256/tools/bin/../lib/gcc/arm-none-eabi/12.3.1/../../../../arm-none-eabi/lib/thumb/v7e-m+fp/hard\libc_nano.a(libc_a-sprintf.o)
                              ./Src/main.o (sprintf)
C:/ST/STM32CubeIDE_1.15.1/STM32CubeIDE/plugins/com.st.stm32cube.ide.mcu.externaltools.gnu-tools-for-stm32.12.3.rel1.win32_1.0.100.202403111256/tools/bin/../lib/gcc/arm-none-eabi/12.3.1/../../../../arm-none-eabi/lib/thumb/v7e-m+fp/hard\libc_nano.a(libc_a-stdio.o)
                              C:/ST/STM32CubeIDE_1.15.1/STM32CubeIDE/plugins/com.st.stm32cube.ide.mcu.externaltools.gnu-tools-for-stm32.12.3.rel1.win32_1.0.100.202403111256/tools/bin/../lib/gcc/arm-none-eabi/12.3.1/../../../../arm-none-eabi/lib/thumb/v7e-m+fp/hard\libc_nano.a(libc_a-findfp.o) (__sread)
[...]
Memory Configuration

Name             Origin             Length             Attributes
RAM              0x20000000         0x00020000         xrw
FLASH            0x08000000         0x00080000         xr
*default*        0x00000000         0xffffffff

Linker script and memory map

LOAD C:/ST/STM32CubeIDE_1.15.1/STM32CubeIDE/plugins/com.st.stm32cube.ide.mcu.externaltools.gnu-tools-for-stm32.12.3.rel1.win32_1.0.100.202403111256/tools/bin/../lib/gcc/arm-none-eabi/12.3.1/thumb/v7e-m+fp/hard/crti.o
LOAD C:/ST/STM32CubeIDE_1.15.1/STM32CubeIDE/plugins/com.st.stm32cube.ide.mcu.externaltools.gnu-tools-for-stm32.12.3.rel1.win32_1.0.100.202403111256/tools/bin/../lib/gcc/arm-none-eabi/12.3.1/thumb/v7e-m+fp/hard/crtbegin.o
LOAD C:/ST/STM32CubeIDE_1.15.1/STM32CubeIDE/plugins/com.st.stm32cube.ide.mcu.externaltools.gnu-tools-for-stm32.12.3.rel1.win32_1.0.100.202403111256/tools/bin/../lib/gcc/arm-none-eabi/12.3.1/../../../../arm-none-eabi/lib/thumb/v7e-m+fp/hard/crt0.o
LOAD ./Src/adc.o
LOAD ./Src/bsp.o
LOAD ./Src/fpu.o
LOAD ./Src/main.o
LOAD ./Src/spi.o
LOAD ./Src/syscalls.o
LOAD ./Src/sysmem.o
LOAD ./Src/timebase.o
LOAD ./Src/uart.o
LOAD ./Src/w5500_driver.o
LOAD ./Src/webpages.o
LOAD ./Startup/startup_stm32f411retx.o
LOAD ./Wiznet_W5500/dhcp.o
LOAD ./Wiznet_W5500/httpParser.o
LOAD ./Wiznet_W5500/httpServer.o
LOAD ./Wiznet_W5500/httpUtil.o
LOAD ./Wiznet_W5500/socket.o
LOAD ./Wiznet_W5500/w5500.o
LOAD ./Wiznet_W5500/wizchip_conf.o
START GROUP
LOAD C:/ST/STM32CubeIDE_1.15.1/STM32CubeIDE/plugins/com.st.stm32cube.ide.mcu.externaltools.gnu-tools-for-stm32.12.3.rel1.win32_1.0.100.202403111256/tools/bin/../lib/gcc/arm-none-eabi/12.3.1/../../../../arm-none-eabi/lib/thumb/v7e-m+fp/hard\libc_nano.a
LOAD C:/ST/STM32CubeIDE_1.15.1/STM32CubeIDE/plugins/com.st.stm32cube.ide.mcu.externaltools.gnu-tools-for-stm32.12.3.rel1.win32_1.0.100.202403111256/tools/bin/../lib/gcc/arm-none-eabi/12.3.1/../../../../arm-none-eabi/lib/thumb/v7e-m+fp/hard\libm.a
END GROUP
START GROUP
LOAD C:/ST/STM32CubeIDE_1.15.1/STM32CubeIDE/plugins/com.st.stm32cube.ide.mcu.externaltools.gnu-tools-for-stm32.12.3.rel1.win32_1.0.100.202403111256/tools/bin/../lib/gcc/arm-none-eabi/12.3.1/thumb/v7e-m+fp/hard\libgcc.a
LOAD C:/ST/STM32CubeIDE_1.15.1/STM32CubeIDE/plugins/com.st.stm32cube.ide.mcu.externaltools.gnu-tools-for-stm32.12.3.rel1.win32_1.0.100.202403111256/tools/bin/../lib/gcc/arm-none-eabi/12.3.1/../../../../arm-none-eabi/lib/thumb/v7e-m+fp/hard\libc_nano.a
END GROUP
START GROUP
LOAD C:/ST/STM32CubeIDE_1.15.1/STM32CubeIDE/plugins/com.st.stm32cube.ide.mcu.externaltools.gnu-tools-for-stm32.12.3.rel1.win32_1.0.100.202403111256/tools/bin/../lib/gcc/arm-none-eabi/12.3.1/thumb/v7e-m+fp/hard\libgcc.a
LOAD C:/ST/STM32CubeIDE_1.15.1/STM32CubeIDE/plugins/com.st.stm32cube.ide.mcu.externaltools.gnu-tools-for-stm32.12.3.rel1.win32_1.0.100.202403111256/tools/bin/../lib/gcc/arm-none-eabi/12.3.1/../../../../arm-none-eabi/lib/thumb/v7e-m+fp/hard\libc_nano.a
LOAD C:/ST/STM32CubeIDE_1.15.1/STM32CubeIDE/plugins/com.st.stm32cube.ide.mcu.externaltools.gnu-tools-for-stm32.12.3.rel1.win32_1.0.100.202403111256/tools/bin/../lib/gcc/arm-none-eabi/12.3.1/../../../../arm-none-eabi/lib/thumb/v7e-m+fp/hard\libnosys.a
END GROUP
START GROUP
LOAD C:/ST/STM32CubeIDE_1.15.1/STM32CubeIDE/plugins/com.st.stm32cube.ide.mcu.externaltools.gnu-tools-for-stm32.12.3.rel1.win32_1.0.100.202403111256/tools/bin/../lib/gcc/arm-none-eabi/12.3.1/thumb/v7e-m+fp/hard\libgcc.a
LOAD C:/ST/STM32CubeIDE_1.15.1/STM32CubeIDE/plugins/com.st.stm32cube.ide.mcu.externaltools.gnu-tools-for-stm32.12.3.rel1.win32_1.0.100.202403111256/tools/bin/../lib/gcc/arm-none-eabi/12.3.1/../../../../arm-none-eabi/lib/thumb/v7e-m+fp/hard\libc_nano.a
LOAD C:/ST/STM32CubeIDE_1.15.1/STM32CubeIDE/plugins/com.st.stm32cube.ide.mcu.externaltools.gnu-tools-for-stm32.12.3.rel1.win32_1.0.100.202403111256/tools/bin/../lib/gcc/arm-none-eabi/12.3.1/../../../../arm-none-eabi/lib/thumb/v7e-m+fp/hard\libnosys.a
END GROUP
LOAD C:/ST/STM32CubeIDE_1.15.1/STM32CubeIDE/plugins/com.st.stm32cube.ide.mcu.externaltools.gnu-tools-for-stm32.12.3.rel1.win32_1.0.100.202403111256/tools/bin/../lib/gcc/arm-none-eabi/12.3.1/thumb/v7e-m+fp/hard/crtend.o
LOAD C:/ST/STM32CubeIDE_1.15.1/STM32CubeIDE/plugins/com.st.stm32cube.ide.mcu.externaltools.gnu-tools-for-stm32.12.3.rel1.win32_1.0.100.202403111256/tools/bin/../lib/gcc/arm-none-eabi/12.3.1/thumb/v7e-m+fp/hard/crtn.o
                0x20020000                        _estack = (ORIGIN (RAM) + LENGTH (RAM))
                0x00000200                        _Min_Heap_Size = 0x200
                0x00000400                        _Min_Stack_Size = 0x400

.isr_vector     0x08000000      0x198
                0x08000000                        . = ALIGN (0x4)
 *(.isr_vector)
 .isr_vector    0x08000000      0x198 ./Startup/startup_stm32f411retx.o
                0x08000000                g_pfnVectors
                0x08000198                        . = ALIGN (0x4)

.text           0x080001a0     0x6028
                0x080001a0                        . = ALIGN (0x4)
 *(.text)
 .text          0x080001a0       0x40 C:/ST/STM32CubeIDE_1.15.1/STM32CubeIDE/plugins/com.st.stm32cube.ide.mcu.externaltools.gnu-tools-for-stm32.12.3.rel1.win32_1.0.100.202403111256/tools/bin/../lib/gcc/arm-none-eabi/12.3.1/thumb/v7e-m+fp/hard/crtbegin.o
 .text          0x080001e0       0x14 C:/ST/STM32CubeIDE_1.15.1/STM32CubeIDE/plugins/com.st.stm32cube.ide.mcu.externaltools.gnu-tools-for-stm32.12.3.rel1.win32_1.0.100.202403111256/tools/bin/../lib/gcc/arm-none-eabi/12.3.1/../../../../arm-none-eabi/lib/thumb/v7e-m+fp/hard\libc_nano.a(libc_a-strcmp.o)
                0x080001e0                strcmp
 .text          0x080001f4       0x10 C:/ST/STM32CubeIDE_1.15.1/STM32CubeIDE/plugins/com.st.stm32cube.ide.mcu.externaltools.gnu-tools-for-stm32.12.3.rel1.win32_1.0.100.202403111256/tools/bin/../lib/gcc/arm-none-eabi/12.3.1/../../../../arm-none-eabi/lib/thumb/v7e-m+fp/hard\libc_nano.a(libc_a-strlen.o)
                0x080001f4                strlen
 *fill*         0x08000204        0xc 
 .text          0x08000210       0xa0 C:/ST/STM32CubeIDE_1.15.1/STM32CubeIDE/plugins/com.st.stm32cube.ide.mcu.externaltools.gnu-tools-for-stm32.12.3.rel1.win32_1.0.100.202403111256/tools/bin/../lib/gcc/arm-none-eabi/12.3.1/../../../../arm-none-eabi/lib/thumb/v7e-m+fp/hard\libc_nano.a(libc_a-memchr.o)
                0x08000210                memchr
 *(.text*)
 .text.pa1_adc_init
                0x080002b0       0x64 ./Src/adc.o
                0x080002b0                pa1_adc_init
 .text.start_conversion
                0x08000314       0x2c ./Src/adc.o
                0x08000314                start_conversion
 .text.adc_read
                0x08000340       0x24 ./Src/adc.o
                0x08000340                adc_read
 .text.led_init
                0x08000364       0x3c ./Src/bsp.o
                0x08000364                led_init
 .text.button_init
                0x080003a0       0x3c ./Src/bsp.o
                0x080003a0                button_init
 .text.fpu_enable
                0x080003dc       0x54 ./Src/fpu.o
                0x080003dc                fpu_enable
 .text.check_cable_connection
                0x08000430       0x4c ./Src/main.o
                0x08000430                check_cable_connection
 .text.display_phy_config
                0x0800047c       0x98 ./Src/main.o
                0x0800047c                display_phy_config
 .text.handle_error
                0x08000514       0x18 ./Src/main.o
                0x08000514                handle_error
 .text.send_sensor_data
                0x0800052c       0x64 ./Src/main.o
                0x0800052c                send_sensor_data
 .text.initialize_server_socket
                0x08000590       0x74 ./Src/main.o
                0x08000590                initialize_server_socket
 .text.check_for_exit_command
                0x08000604       0x34 ./Src/main.o
                0x08000604                check_for_exit_command
 .text.check_for_sys_on_command
                0x08000638       0x2c ./Src/main.o
                0x08000638                check_for_sys_on_command
 .text.check_for_sys_off_command
                0x08000664       0x2c ./Src/main.o
                0x08000664                check_for_sys_off_command
 .text.handle_client_data
                0x08000690       0x50 ./Src/main.o
                0x08000690                handle_client_data
 .text.send_data_to_client
                0x080006e0       0x48 ./Src/main.o
                0x080006e0                send_data_to_client
 .text.echo_back_to_client
                0x08000728       0x44 ./Src/main.o
                0x08000728                echo_back_to_client
 .text.main     0x0800076c       0xe8 ./Src/main.o
                0x0800076c                main
 .text.spi1_gpio_init
                0x08000854      0x108 ./Src/spi.o
                0x08000854                spi1_gpio_init
 .text.spi_init
                0x0800095c       0xd0 ./Src/spi.o
                0x0800095c                spi_init
 .text.spi_transmit
                0x08000a2c      0x240 ./Src/spi.o
                0x08000a2c                spi_transmit
 .text.spi_receive
                0x08000c6c      0x1da ./Src/spi.o
                0x08000c6c                spi_receive
 .text.spi_transmit_receive
                0x08000e46      0x292 ./Src/spi.o
                0x08000e46                spi_transmit_receive
 .text._read    0x080010d8       0x3a ./Src/syscalls.o
                0x080010d8                _read
 .text._write   0x08001112       0x38 ./Src/syscalls.o
                0x08001112                _write
 .text._close   0x0800114a       0x18 ./Src/syscalls.o
                0x0800114a                _close
 .text._fstat   0x08001162       0x20 ./Src/syscalls.o
                0x08001162                _fstat
 .text._isatty  0x08001182       0x16 ./Src/syscalls.o
                0x08001182                _isatty
 .text._lseek   0x08001198       0x1a ./Src/syscalls.o
                0x08001198                _lseek
 *fill*         0x080011b2        0x2 
 .text._sbrk    0x080011b4       0x6c ./Src/sysmem.o
                0x080011b4                _sbrk
 .text.delay    0x08001220       0x3c ./Src/timebase.o
                0x08001220                delay
 .text.get_tick
                0x0800125c       0x2c ./Src/timebase.o
                0x0800125c                get_tick
 .text.tick_increment
                0x08001288       0x1c ./Src/timebase.o
 .text.timebase_init
                0x080012a4       0x48 ./Src/timebase.o
                0x080012a4                timebase_init
 .text.SysTick_Handler
                0x080012ec        0xc ./Src/timebase.o
                0x080012ec                SysTick_Handler
 .text.__io_putchar
                0x080012f8       0x18 ./Src/uart.o
                0x080012f8                __io_putchar
 .text.debug_uart_init
                0x08001310       0x94 ./Src/uart.o
                0x08001310                debug_uart_init
 .text.uart_write
                0x080013a4       0x30 ./Src/uart.o
 .text.compute_uart_bd
                0x080013d4       0x26 ./Src/uart.o
 *fill*         0x080013fa        0x2 
 .text.uart_set_baudrate
                0x080013fc       0x28 ./Src/uart.o
 .text.ip_assigned_callback
                0x08001424       0x18 ./Src/w5500_driver.o
                0x08001424                ip_assigned_callback
 .text.ip_update_callback
                0x0800143c       0x18 ./Src/w5500_driver.o
                0x0800143c                ip_update_callback
 .text.ip_conflict_callback
                0x08001454       0x18 ./Src/w5500_driver.o
                0x08001454                ip_conflict_callback
 .text.wizchip_cs_pin_init
                0x0800146c       0x3c ./Src/w5500_driver.o
                0x0800146c                wizchip_cs_pin_init
 .text.wizchip_pin_cs_select
                0x080014a8       0x20 ./Src/w5500_driver.o
                0x080014a8                wizchip_pin_cs_select
 .text.wizchip_pin_cs_deselect
                0x080014c8       0x20 ./Src/w5500_driver.o
                0x080014c8                wizchip_pin_cs_deselect
 .text.wizchip_read_burst
                0x080014e8       0x28 ./Src/w5500_driver.o
                0x080014e8                wizchip_read_burst
 .text.wizchip_read_byte
                0x08001510       0x1a ./Src/w5500_driver.o
                0x08001510                wizchip_read_byte
 *fill*         0x0800152a        0x2 
 .text.wizchip_write_burst
                0x0800152c       0x28 ./Src/w5500_driver.o
                0x0800152c                wizchip_write_burst
 .text.wizchip_write_byte
                0x08001554       0x1c ./Src/w5500_driver.o
                0x08001554                wizchip_write_byte
 .text.w5500_spi_init
                0x08001570       0x58 ./Src/w5500_driver.o
                0x08001570                w5500_spi_init
 .text.w5500_init
                0x080015c8      0x180 ./Src/w5500_driver.o
                0x080015c8                w5500_init
 .text.Reset_Handler
                0x08001748       0x50 ./Startup/startup_stm32f411retx.o
                0x08001748                Reset_Handler
 .text.Default_Handler
                0x08001798        0x2 ./Startup/startup_stm32f411retx.o
                0x08001798                RTC_Alarm_IRQHandler
                0x08001798                EXTI2_IRQHandler
                0x08001798                DebugMon_Handler
                0x08001798                SPI4_IRQHandler
                0x08001798                TIM1_CC_IRQHandler
                0x08001798                DMA2_Stream5_IRQHandler
                0x08001798                HardFault_Handler
                0x08001798                DMA1_Stream5_IRQHandler
                0x08001798                PVD_IRQHandler
                0x08001798                SDIO_IRQHandler
                0x08001798                TAMP_STAMP_IRQHandler
                0x08001798                PendSV_Handler
                0x08001798                NMI_Handler
                0x08001798                EXTI3_IRQHandler
                0x08001798                TIM1_UP_TIM10_IRQHandler
                0x08001798                I2C3_ER_IRQHandler
                0x08001798                EXTI0_IRQHandler
                0x08001798                I2C2_EV_IRQHandler
                0x08001798                DMA1_Stream2_IRQHandler
                0x08001798                FPU_IRQHandler
                0x08001798                UsageFault_Handler
                0x08001798                DMA2_Stream2_IRQHandler
                0x08001798                SPI1_IRQHandler
                0x08001798                TIM1_BRK_TIM9_IRQHandler
                0x08001798                DMA2_Stream3_IRQHandler
                0x08001798                USART6_IRQHandler
                0x08001798                DMA2_Stream0_IRQHandler
                0x08001798                TIM4_IRQHandler
                0x08001798                I2C1_EV_IRQHandler
                0x08001798                DMA1_Stream6_IRQHandler
                0x08001798                DMA1_Stream1_IRQHandler
                0x08001798                TIM3_IRQHandler
                0x08001798                RCC_IRQHandler
                0x08001798                Default_Handler
                0x08001798                EXTI15_10_IRQHandler
                0x08001798                ADC_IRQHandler
                0x08001798                DMA1_Stream7_IRQHandler
                0x08001798                SPI5_IRQHandler
                0x08001798                TIM5_IRQHandler
                0x08001798                DMA2_Stream7_IRQHandler
                0x08001798                I2C3_EV_IRQHandler
                0x08001798                EXTI9_5_IRQHandler
                0x08001798                RTC_WKUP_IRQHandler
                0x08001798                SPI2_IRQHandler
                0x08001798                MemManage_Handler
                0x08001798                DMA1_Stream0_IRQHandler
                0x08001798                SVC_Handler
                0x08001798                EXTI4_IRQHandler
                0x08001798                WWDG_IRQHandler
                0x08001798                TIM2_IRQHandler
                0x08001798                OTG_FS_WKUP_IRQHandler
                0x08001798                TIM1_TRG_COM_TIM11_IRQHandler
                0x08001798                EXTI1_IRQHandler
                0x08001798                USART2_IRQHandler
                0x08001798                I2C2_ER_IRQHandler
                0x08001798                DMA2_Stream1_IRQHandler
                0x08001798                FLASH_IRQHandler
                0x08001798                DMA2_Stream4_IRQHandler
                0x08001798                BusFault_Handler
                0x08001798                USART1_IRQHandler
                0x08001798                OTG_FS_IRQHandler
                0x08001798                SPI3_IRQHandler
                0x08001798                DMA1_Stream4_IRQHandler
                0x08001798                I2C1_ER_IRQHandler
                0x08001798                DMA2_Stream6_IRQHandler
                0x08001798                DMA1_Stream3_IRQHandler
 *fill*         0x0800179a        0x2 
 .text.default_ip_assign
                0x0800179c       0x38 ./Wiznet_W5500/dhcp.o
                0x0800179c                default_ip_assign
 .text.default_ip_update
                0x080017d4       0x2c ./Wiznet_W5500/dhcp.o
                0x080017d4                default_ip_update
 .text.default_ip_conflict
                0x08001800       0x28 ./Wiznet_W5500/dhcp.o
                0x08001800                default_ip_conflict
 .text.reg_dhcp_cbfunc
                0x08001828       0x68 ./Wiznet_W5500/dhcp.o
                0x08001828                reg_dhcp_cbfunc
 .text.makeDHCPMSG
                0x08001890      0x1ec ./Wiznet_W5500/dhcp.o
                0x08001890                makeDHCPMSG
 .text.send_DHCP_DISCOVER
                0x08001a7c      0x38c ./Wiznet_W5500/dhcp.o
                0x08001a7c                send_DHCP_DISCOVER
 .text.send_DHCP_REQUEST
                0x08001e08      0x514 ./Wiznet_W5500/dhcp.o
                0x08001e08                send_DHCP_REQUEST
 .text.send_DHCP_DECLINE
                0x0800231c      0x2a4 ./Wiznet_W5500/dhcp.o
                0x0800231c                send_DHCP_DECLINE
 .text.parseDHCPMSG
                0x080025c0      0x43c ./Wiznet_W5500/dhcp.o
                0x080025c0                parseDHCPMSG
 .text.DHCP_run
                0x080029fc      0x234 ./Wiznet_W5500/dhcp.o
                0x080029fc                DHCP_run
 .text.check_DHCP_timeout
                0x08002c30       0xc0 ./Wiznet_W5500/dhcp.o
                0x08002c30                check_DHCP_timeout
 .text.check_DHCP_leasedIP
                0x08002cf0       0x7c ./Wiznet_W5500/dhcp.o
                0x08002cf0                check_DHCP_leasedIP
 .text.DHCP_init
                0x08002d6c      0x128 ./Wiznet_W5500/dhcp.o
                0x08002d6c                DHCP_init
 .text.reset_DHCP_timeout
                0x08002e94       0x2c ./Wiznet_W5500/dhcp.o
                0x08002e94                reset_DHCP_timeout
 .text.getIPfromDHCP
                0x08002ec0       0x40 ./Wiznet_W5500/dhcp.o
                0x08002ec0                getIPfromDHCP
 .text.getGWfromDHCP
                0x08002f00       0x40 ./Wiznet_W5500/dhcp.o
                0x08002f00                getGWfromDHCP
 .text.getSNfromDHCP
                0x08002f40       0x40 ./Wiznet_W5500/dhcp.o
                0x08002f40                getSNfromDHCP
 .text.NibbleToHex
                0x08002f80       0x32 ./Wiznet_W5500/dhcp.o
                0x08002f80                NibbleToHex
 *fill*         0x08002fb2        0x2 
 .text.socket   0x08002fb4      0x228 ./Wiznet_W5500/socket.o
                0x08002fb4                socket
 .text.close    0x080031dc       0xdc ./Wiznet_W5500/socket.o
                0x080031dc                close
 .text.listen   0x080032b8       0xb2 ./Wiznet_W5500/socket.o
                0x080032b8                listen
 *fill*         0x0800336a        0x2 
 .text.disconnect
                0x0800336c       0xec ./Wiznet_W5500/socket.o
                0x0800336c                disconnect
 .text.send     0x08003458      0x1f0 ./Wiznet_W5500/socket.o
                0x08003458                send
 .text.recv     0x08003648      0x168 ./Wiznet_W5500/socket.o
                0x08003648                recv
 .text.sendto   0x080037b0      0x268 ./Wiznet_W5500/socket.o
                0x080037b0                sendto
 .text.recvfrom
                0x08003a18      0x3d8 ./Wiznet_W5500/socket.o
                0x08003a18                recvfrom
 .text.ctlsocket
                0x08003df0      0x1b0 ./Wiznet_W5500/socket.o
                0x08003df0                ctlsocket
 .text.WIZCHIP_READ
                0x08003fa0       0x98 ./Wiznet_W5500/w5500.o
                0x08003fa0                WIZCHIP_READ
 .text.WIZCHIP_WRITE
                0x08004038       0x9c ./Wiznet_W5500/w5500.o
                0x08004038                WIZCHIP_WRITE
 .text.WIZCHIP_READ_BUF
                0x080040d4       0xc0 ./Wiznet_W5500/w5500.o
                0x080040d4                WIZCHIP_READ_BUF
 .text.WIZCHIP_WRITE_BUF
                0x08004194       0xc0 ./Wiznet_W5500/w5500.o
                0x08004194                WIZCHIP_WRITE_BUF
 .text.getSn_TX_FSR
                0x08004254       0x92 ./Wiznet_W5500/w5500.o
                0x08004254                getSn_TX_FSR
 .text.getSn_RX_RSR
                0x080042e6       0x92 ./Wiznet_W5500/w5500.o
                0x080042e6                getSn_RX_RSR
 .text.wiz_send_data
                0x08004378       0xb4 ./Wiznet_W5500/w5500.o
                0x08004378                wiz_send_data
 .text.wiz_recv_data
                0x0800442c       0xb4 ./Wiznet_W5500/w5500.o
                0x0800442c                wiz_recv_data
 .text.wiz_recv_ignore
                0x080044e0       0x8c ./Wiznet_W5500/w5500.o
                0x080044e0                wiz_recv_ignore
 .text.wizchip_cris_enter
                0x0800456c        0xe ./Wiznet_W5500/wizchip_conf.o
                0x0800456c                wizchip_cris_enter
 .text.wizchip_cris_exit
                0x0800457a        0xe ./Wiznet_W5500/wizchip_conf.o
                0x0800457a                wizchip_cris_exit
 .text.wizchip_cs_select
                0x08004588        0xe ./Wiznet_W5500/wizchip_conf.o
                0x08004588                wizchip_cs_select
 .text.wizchip_cs_deselect
                0x08004596        0xe ./Wiznet_W5500/wizchip_conf.o
                0x08004596                wizchip_cs_deselect
 .text.wizchip_bus_readdata
                0x080045a4       0x1a ./Wiznet_W5500/wizchip_conf.o
                0x080045a4                wizchip_bus_readdata
 .text.wizchip_bus_writedata
                0x080045be       0x1e ./Wiznet_W5500/wizchip_conf.o
                0x080045be                wizchip_bus_writedata
 .text.wizchip_spi_readbyte
                0x080045dc       0x10 ./Wiznet_W5500/wizchip_conf.o
                0x080045dc                wizchip_spi_readbyte
 .text.wizchip_spi_writebyte
                0x080045ec       0x16 ./Wiznet_W5500/wizchip_conf.o
                0x080045ec                wizchip_spi_writebyte
 .text.wizchip_spi_readburst
                0x08004602       0x18 ./Wiznet_W5500/wizchip_conf.o
                0x08004602                wizchip_spi_readburst
 .text.wizchip_spi_writeburst
                0x0800461a       0x18 ./Wiznet_W5500/wizchip_conf.o
                0x0800461a                wizchip_spi_writeburst
 *fill*         0x08004632        0x2 
 .text.reg_wizchip_cs_cbfunc
                0x08004634       0x4c ./Wiznet_W5500/wizchip_conf.o
                0x08004634                reg_wizchip_cs_cbfunc
 .text.reg_wizchip_spi_cbfunc
                0x08004680       0x58 ./Wiznet_W5500/wizchip_conf.o
                0x08004680                reg_wizchip_spi_cbfunc
 .text.reg_wizchip_spiburst_cbfunc
                0x080046d8       0x58 ./Wiznet_W5500/wizchip_conf.o
                0x080046d8                reg_wizchip_spiburst_cbfunc
 .text.ctlwizchip
                0x08004730      0x1c0 ./Wiznet_W5500/wizchip_conf.o
                0x08004730                ctlwizchip
 .text.wizchip_sw_reset
                0x080048f0       0x98 ./Wiznet_W5500/wizchip_conf.o
                0x080048f0                wizchip_sw_reset
 .text.wizchip_init
                0x08004988      0x118 ./Wiznet_W5500/wizchip_conf.o
                0x08004988                wizchip_init
 .text.wizchip_clrinterrupt
                0x08004aa0       0x68 ./Wiznet_W5500/wizchip_conf.o
                0x08004aa0                wizchip_clrinterrupt
 .text.wizchip_getinterrupt
                0x08004b08       0x4a ./Wiznet_W5500/wizchip_conf.o
                0x08004b08                wizchip_getinterrupt
 .text.wizchip_setinterruptmask
                0x08004b52       0x36 ./Wiznet_W5500/wizchip_conf.o
                0x08004b52                wizchip_setinterruptmask
 .text.wizchip_getinterruptmask
                0x08004b88       0x46 ./Wiznet_W5500/wizchip_conf.o
                0x08004b88                wizchip_getinterruptmask
 .text.wizphy_getphylink
                0x08004bce       0x2c ./Wiznet_W5500/wizchip_conf.o
                0x08004bce                wizphy_getphylink
 .text.wizphy_getphypmode
                0x08004bfa       0x32 ./Wiznet_W5500/wizchip_conf.o
                0x08004bfa                wizphy_getphypmode
 .text.wizphy_reset
                0x08004c2c       0x4e ./Wiznet_W5500/wizchip_conf.o
                0x08004c2c                wizphy_reset
 .text.wizphy_setphyconf
                0x08004c7a       0x84 ./Wiznet_W5500/wizchip_conf.o
                0x08004c7a                wizphy_setphyconf
 *fill*         0x08004cfe        0x2 
 .text.wizphy_getphyconf
                0x08004d00       0xd4 ./Wiznet_W5500/wizchip_conf.o
                0x08004d00                wizphy_getphyconf
 .text.wizphy_setphypmode
                0x08004dd4       0x94 ./Wiznet_W5500/wizchip_conf.o
                0x08004dd4                wizphy_setphypmode
 .text.wizchip_setnetinfo
                0x08004e68       0x80 ./Wiznet_W5500/wizchip_conf.o
                0x08004e68                wizchip_setnetinfo
 .text.sbrk_aligned
                0x08004ee8       0x44 C:/ST/STM32CubeIDE_1.15.1/STM32CubeIDE/plugins/com.st.stm32cube.ide.mcu.externaltools.gnu-tools-for-stm32.12.3.rel1.win32_1.0.100.202403111256/tools/bin/../lib/gcc/arm-none-eabi/12.3.1/../../../../arm-none-eabi/lib/thumb/v7e-m+fp/hard\libc_nano.a(libc_a-mallocr.o)
 .text._malloc_r
                0x08004f2c      0x100 C:/ST/STM32CubeIDE_1.15.1/STM32CubeIDE/plugins/com.st.stm32cube.ide.mcu.externaltools.gnu-tools-for-stm32.12.3.rel1.win32_1.0.100.202403111256/tools/bin/../lib/gcc/arm-none-eabi/12.3.1/../../../../arm-none-eabi/lib/thumb/v7e-m+fp/hard\libc_nano.a(libc_a-mallocr.o)
                0x08004f2c                _malloc_r
 .text.__malloc_lock
                0x0800502c        0xc C:/ST/STM32CubeIDE_1.15.1/STM32CubeIDE/plugins/com.st.stm32cube.ide.mcu.externaltools.gnu-tools-for-stm32.12.3.rel1.win32_1.0.100.202403111256/tools/bin/../lib/gcc/arm-none-eabi/12.3.1/../../../../arm-none-eabi/lib/thumb/v7e-m+fp/hard\libc_nano.a(libc_a-mlock.o)
                0x0800502c                __malloc_lock
 .text.__malloc_unlock
                0x08005038        0xc C:/ST/STM32CubeIDE_1.15.1/STM32CubeIDE/plugins/com.st.stm32cube.ide.mcu.externaltools.gnu-tools-for-stm32.12.3.rel1.win32_1.0.100.202403111256/tools/bin/../lib/gcc/arm-none-eabi/12.3.1/../../../../arm-none-eabi/lib/thumb/v7e-m+fp/hard\libc_nano.a(libc_a-mlock.o)
                0x08005038                __malloc_unlock
 .text.std      0x08005044       0x6c C:/ST/STM32CubeIDE_1.15.1/STM32CubeIDE/plugins/com.st.stm32cube.ide.mcu.externaltools.gnu-tools-for-stm32.12.3.rel1.win32_1.0.100.202403111256/tools/bin/../lib/gcc/arm-none-eabi/12.3.1/../../../../arm-none-eabi/lib/thumb/v7e-m+fp/hard\libc_nano.a(libc_a-findfp.o)
 .text.stdio_exit_handler
                0x080050b0       0x18 C:/ST/STM32CubeIDE_1.15.1/STM32CubeIDE/plugins/com.st.stm32cube.ide.mcu.externaltools.gnu-tools-for-stm32.12.3.rel1.win32_1.0.100.202403111256/tools/bin/../lib/gcc/arm-none-eabi/12.3.1/../../../../arm-none-eabi/lib/thumb/v7e-m+fp/hard\libc_nano.a(libc_a-findfp.o)
 .text.cleanup_stdio
                0x080050c8       0x40 C:/ST/STM32CubeIDE_1.15.1/STM32CubeIDE/plugins/com.st.stm32cube.ide.mcu.externaltools.gnu-tools-for-stm32.12.3.rel1.win32_1.0.100.202403111256/tools/bin/../lib/gcc/arm-none-eabi/12.3.1/../../../../arm-none-eabi/lib/thumb/v7e-m+fp/hard\libc_nano.a(libc_a-findfp.o)
 .text.global_stdio_init.part.0
                0x08005108       0x3c C:/ST/STM32CubeIDE_1.15.1/STM32CubeIDE/plugins/com.st.stm32cube.ide.mcu.externaltools.gnu-tools-for-stm32.12.3.rel1.win32_1.0.100.202403111256/tools/bin/../lib/gcc/arm-none-eabi/12.3.1/../../../../arm-none-eabi/lib/thumb/v7e-m+fp/hard\libc_nano.a(libc_a-findfp.o)
 .text.__sfp_lock_acquire
                0x08005144        0xc C:/ST/STM32CubeIDE_1.15.1/STM32CubeIDE/plugins/com.st.stm32cube.ide.mcu.externaltools.gnu-tools-for-stm32.12.3.rel1.win32_1.0.100.202403111256/tools/bin/../lib/gcc/arm-none-eabi/12.3.1/../../../../arm-none-eabi/lib/thumb/v7e-m+fp/hard\libc_nano.a(libc_a-findfp.o)
                0x08005144                __sfp_lock_acquire
 .text.__sfp_lock_release
                0x08005150        0xc C:/ST/STM32CubeIDE_1.15.1/STM32CubeIDE/plugins/com.st.stm32cube.ide.mcu.externaltools.gnu-tools-for-stm32.12.3.rel1.win32_1.0.100.202403111256/tools/bin/../lib/gcc/arm-none-eabi/12.3.1/../../../../arm-none-eabi/lib/thumb/v7e-m+fp/hard\libc_nano.a(libc_a-findfp.o)
                0x08005150                __sfp_lock_release
 .text.__sinit  0x0800515c       0x30 C:/ST/STM32CubeIDE_1.15.1/STM32CubeIDE/plugins/com.st.stm32cube.ide.mcu.externaltools.gnu-tools-for-stm32.12.3.rel1.win32_1.0.100.202403111256/tools/bin/../lib/gcc/arm-none-eabi/12.3.1/../../../../arm-none-eabi/lib/thumb/v7e-m+fp/hard\libc_nano.a(libc_a-findfp.o)
                0x0800515c                __sinit
 .text._fwalk_sglue
                0x0800518c       0x3c C:/ST/STM32CubeIDE_1.15.1/STM32CubeIDE/plugins/com.st.stm32cube.ide.mcu.externaltools.gnu-tools-for-stm32.12.3.rel1.win32_1.0.100.202403111256/tools/bin/../lib/gcc/arm-none-eabi/12.3.1/../../../../arm-none-eabi/lib/thumb/v7e-m+fp/hard\libc_nano.a(libc_a-fwalk.o)
                0x0800518c                _fwalk_sglue
 .text.printf   0x080051c8       0x24 C:/ST/STM32CubeIDE_1.15.1/STM32CubeIDE/plugins/com.st.stm32cube.ide.mcu.externaltools.gnu-tools-for-stm32.12.3.rel1.win32_1.0.100.202403111256/tools/bin/../lib/gcc/arm-none-eabi/12.3.1/../../../../arm-none-eabi/lib/thumb/v7e-m+fp/hard\libc_nano.a(libc_a-printf.o)
                0x080051c8                iprintf
                0x080051c8                printf
 .text._puts_r  0x080051ec       0xaa C:/ST/STM32CubeIDE_1.15.1/STM32CubeIDE/plugins/com.st.stm32cube.ide.mcu.externaltools.gnu-tools-for-stm32.12.3.rel1.win32_1.0.100.202403111256/tools/bin/../lib/gcc/arm-none-eabi/12.3.1/../../../../arm-none-eabi/lib/thumb/v7e-m+fp/hard\libc_nano.a(libc_a-puts.o)
                0x080051ec                _puts_r
 *fill*         0x08005296        0x2 
 .text.puts     0x08005298       0x10 C:/ST/STM32CubeIDE_1.15.1/STM32CubeIDE/plugins/com.st.stm32cube.ide.mcu.externaltools.gnu-tools-for-stm32.12.3.rel1.win32_1.0.100.202403111256/tools/bin/../lib/gcc/arm-none-eabi/12.3.1/../../../../arm-none-eabi/lib/thumb/v7e-m+fp/hard\libc_nano.a(libc_a-puts.o)
                0x08005298                puts
 .text.sprintf  0x080052a8       0x40 C:/ST/STM32CubeIDE_1.15.1/STM32CubeIDE/plugins/com.st.stm32cube.ide.mcu.externaltools.gnu-tools-for-stm32.12.3.rel1.win32_1.0.100.202403111256/tools/bin/../lib/gcc/arm-none-eabi/12.3.1/../../../../arm-none-eabi/lib/thumb/v7e-m+fp/hard\libc_nano.a(libc_a-sprintf.o)
                0x080052a8                siprintf
                0x080052a8                sprintf
 .text.__sread  0x080052e8       0x22 C:/ST/STM32CubeIDE_1.15.1/STM32CubeIDE/plugins/com.st.stm32cube.ide.mcu.externaltools.gnu-tools-for-stm32.12.3.rel1.win32_1.0.100.202403111256/tools/bin/../lib/gcc/arm-none-eabi/12.3.1/../../../../arm-none-eabi/lib/thumb/v7e-m+fp/hard\libc_nano.a(libc_a-stdio.o)
                0x080052e8                __sread
 .text.__swrite
                0x0800530a       0x38 C:/ST/STM32CubeIDE_1.15.1/STM32CubeIDE/plugins/com.st.stm32cube.ide.mcu.externaltools.gnu-tools-for-stm32.12.3.rel1.win32_1.0.100.202403111256/tools/bin/../lib/gcc/arm-none-eabi/12.3.1/../../../../arm-none-eabi/lib/thumb/v7e-m+fp/hard\libc_nano.a(libc_a-stdio.o)
                0x0800530a                __swrite
 .text.__sseek  0x08005342       0x24 C:/ST/STM32CubeIDE_1.15.1/STM32CubeIDE/plugins/com.st.stm32cube.ide.mcu.externaltools.gnu-tools-for-stm32.12.3.rel1.win32_1.0.100.202403111256/tools/bin/../lib/gcc/arm-none-eabi/12.3.1/../../../../arm-none-eabi/lib/thumb/v7e-m+fp/hard\libc_nano.a(libc_a-stdio.o)
                0x08005342                __sseek
 .text.__sclose
                0x08005366        0x8 C:/ST/STM32CubeIDE_1.15.1/STM32CubeIDE/plugins/com.st.stm32cube.ide.mcu.externaltools.gnu-tools-for-stm32.12.3.rel1.win32_1.0.100.202403111256/tools/bin/../lib/gcc/arm-none-eabi/12.3.1/../../../../arm-none-eabi/lib/thumb/v7e-m+fp/hard\libc_nano.a(libc_a-stdio.o)
                0x08005366                __sclose
 .text.__swbuf_r
                0x0800536e       0x7c C:/ST/STM32CubeIDE_1.15.1/STM32CubeIDE/plugins/com.st.stm32cube.ide.mcu.externaltools.gnu-tools-for-stm32.12.3.rel1.win32_1.0.100.202403111256/tools/bin/../lib/gcc/arm-none-eabi/12.3.1/../../../../arm-none-eabi/lib/thumb/v7e-m+fp/hard\libc_nano.a(libc_a-wbuf.o)
                0x0800536e                __swbuf_r
 *fill*         0x080053ea        0x2 
 .text.__swsetup_r
                0x080053ec       0xac C:/ST/STM32CubeIDE_1.15.1/STM32CubeIDE/plugins/com.st.stm32cube.ide.mcu.externaltools.gnu-tools-for-stm32.12.3.rel1.win32_1.0.100.202403111256/tools/bin/../lib/gcc/arm-none-eabi/12.3.1/../../../../arm-none-eabi/lib/thumb/v7e-m+fp/hard\libc_nano.a(libc_a-wsetup.o)
                0x080053ec                __swsetup_r
 .text.memset   0x08005498       0x10 C:/ST/STM32CubeIDE_1.15.1/STM32CubeIDE/plugins/com.st.stm32cube.ide.mcu.externaltools.gnu-tools-for-stm32.12.3.rel1.win32_1.0.100.202403111256/tools/bin/../lib/gcc/arm-none-eabi/12.3.1/../../../../arm-none-eabi/lib/thumb/v7e-m+fp/hard\libc_nano.a(libc_a-memset.o)
                0x08005498                memset
 .text._close_r
                0x080054a8       0x20 C:/ST/STM32CubeIDE_1.15.1/STM32CubeIDE/plugins/com.st.stm32cube.ide.mcu.externaltools.gnu-tools-for-stm32.12.3.rel1.win32_1.0.100.202403111256/tools/bin/../lib/gcc/arm-none-eabi/12.3.1/../../../../arm-none-eabi/lib/thumb/v7e-m+fp/hard\libc_nano.a(libc_a-closer.o)
                0x080054a8                _close_r
 .text._lseek_r
                0x080054c8       0x24 C:/ST/STM32CubeIDE_1.15.1/STM32CubeIDE/plugins/com.st.stm32cube.ide.mcu.externaltools.gnu-tools-for-stm32.12.3.rel1.win32_1.0.100.202403111256/tools/bin/../lib/gcc/arm-none-eabi/12.3.1/../../../../arm-none-eabi/lib/thumb/v7e-m+fp/hard\libc_nano.a(libc_a-lseekr.o)
                0x080054c8                _lseek_r
 .text._read_r  0x080054ec       0x24 C:/ST/STM32CubeIDE_1.15.1/STM32CubeIDE/plugins/com.st.stm32cube.ide.mcu.externaltools.gnu-tools-for-stm32.12.3.rel1.win32_1.0.100.202403111256/tools/bin/../lib/gcc/arm-none-eabi/12.3.1/../../../../arm-none-eabi/lib/thumb/v7e-m+fp/hard\libc_nano.a(libc_a-readr.o)
                0x080054ec                _read_r
 .text._sbrk_r  0x08005510       0x20 C:/ST/STM32CubeIDE_1.15.1/STM32CubeIDE/plugins/com.st.stm32cube.ide.mcu.externaltools.gnu-tools-for-stm32.12.3.rel1.win32_1.0.100.202403111256/tools/bin/../lib/gcc/arm-none-eabi/12.3.1/../../../../arm-none-eabi/lib/thumb/v7e-m+fp/hard\libc_nano.a(libc_a-sbrkr.o)
                0x08005510                _sbrk_r
 .text._write_r
                0x08005530       0x24 C:/ST/STM32CubeIDE_1.15.1/STM32CubeIDE/plugins/com.st.stm32cube.ide.mcu.externaltools.gnu-tools-for-stm32.12.3.rel1.win32_1.0.100.202403111256/tools/bin/../lib/gcc/arm-none-eabi/12.3.1/../../../../arm-none-eabi/lib/thumb/v7e-m+fp/hard\libc_nano.a(libc_a-writer.o)
                0x08005530                _write_r
 .text.__errno  0x08005554        0xc C:/ST/STM32CubeIDE_1.15.1/STM32CubeIDE/plugins/com.st.stm32cube.ide.mcu.externaltools.gnu-tools-for-stm32.12.3.rel1.win32_1.0.100.202403111256/tools/bin/../lib/gcc/arm-none-eabi/12.3.1/../../../../arm-none-eabi/lib/thumb/v7e-m+fp/hard\libc_nano.a(libc_a-errno.o)
                0x08005554                __errno
 .text.__libc_init_array
                0x08005560       0x48 C:/ST/STM32CubeIDE_1.15.1/STM32CubeIDE/plugins/com.st.stm32cube.ide.mcu.externaltools.gnu-tools-for-stm32.12.3.rel1.win32_1.0.100.202403111256/tools/bin/../lib/gcc/arm-none-eabi/12.3.1/../../../../arm-none-eabi/lib/thumb/v7e-m+fp/hard\libc_nano.a(libc_a-init.o)
                0x08005560                __libc_init_array
 .text.__retarget_lock_init_recursive
                0x080055a8        0x2 C:/ST/STM32CubeIDE_1.15.1/STM32CubeIDE/plugins/com.st.stm32cube.ide.mcu.externaltools.gnu-tools-for-stm32.12.3.rel1.win32_1.0.100.202403111256/tools/bin/../lib/gcc/arm-none-eabi/12.3.1/../../../../arm-none-eabi/lib/thumb/v7e-m+fp/hard\libc_nano.a(libc_a-lock.o)
                0x080055a8                __retarget_lock_init_recursive
 .text.__retarget_lock_acquire_recursive
                0x080055aa        0x2 C:/ST/STM32CubeIDE_1.15.1/STM32CubeIDE/plugins/com.st.stm32cube.ide.mcu.externaltools.gnu-tools-for-stm32.12.3.rel1.win32_1.0.100.202403111256/tools/bin/../lib/gcc/arm-none-eabi/12.3.1/../../../../arm-none-eabi/lib/thumb/v7e-m+fp/hard\libc_nano.a(libc_a-lock.o)
                0x080055aa                __retarget_lock_acquire_recursive
 .text.__retarget_lock_release_recursive
                0x080055ac        0x2 C:/ST/STM32CubeIDE_1.15.1/STM32CubeIDE/plugins/com.st.stm32cube.ide.mcu.externaltools.gnu-tools-for-stm32.12.3.rel1.win32_1.0.100.202403111256/tools/bin/../lib/gcc/arm-none-eabi/12.3.1/../../../../arm-none-eabi/lib/thumb/v7e-m+fp/hard\libc_nano.a(libc_a-lock.o)
                0x080055ac                __retarget_lock_release_recursive
 .text.memcpy   0x080055ae       0x1c C:/ST/STM32CubeIDE_1.15.1/STM32CubeIDE/plugins/com.st.stm32cube.ide.mcu.externaltools.gnu-tools-for-stm32.12.3.rel1.win32_1.0.100.202403111256/tools/bin/../lib/gcc/arm-none-eabi/12.3.1/../../../../arm-none-eabi/lib/thumb/v7e-m+fp/hard\libc_nano.a(libc_a-memcpy-stub.o)
                0x080055ae                memcpy
 *fill*         0x080055ca        0x2 
 .text._free_r  0x080055cc       0x94 C:/ST/STM32CubeIDE_1.15.1/STM32CubeIDE/plugins/com.st.stm32cube.ide.mcu.externaltools.gnu-tools-for-stm32.12.3.rel1.win32_1.0.100.202403111256/tools/bin/../lib/gcc/arm-none-eabi/12.3.1/../../../../arm-none-eabi/lib/thumb/v7e-m+fp/hard\libc_nano.a(libc_a-freer.o)
                0x080055cc                _free_r
 .text.__ssputs_r
                0x08005660       0xb6 C:/ST/STM32CubeIDE_1.15.1/STM32CubeIDE/plugins/com.st.stm32cube.ide.mcu.externaltools.gnu-tools-for-stm32.12.3.rel1.win32_1.0.100.202403111256/tools/bin/../lib/gcc/arm-none-eabi/12.3.1/../../../../arm-none-eabi/lib/thumb/v7e-m+fp/hard\libc_nano.a(libc_a-nano-svfprintf.o)
                0x08005660                __ssputs_r
 *fill*         0x08005716        0x2 
 .text._svfprintf_r
                0x08005718      0x1f8 C:/ST/STM32CubeIDE_1.15.1/STM32CubeIDE/plugins/com.st.stm32cube.ide.mcu.externaltools.gnu-tools-for-stm32.12.3.rel1.win32_1.0.100.202403111256/tools/bin/../lib/gcc/arm-none-eabi/12.3.1/../../../../arm-none-eabi/lib/thumb/v7e-m+fp/hard\libc_nano.a(libc_a-nano-svfprintf.o)
                0x08005718                _svfiprintf_r
                0x08005718                _svfprintf_r
 .text.__sfputc_r
                0x08005910       0x2e C:/ST/STM32CubeIDE_1.15.1/STM32CubeIDE/plugins/com.st.stm32cube.ide.mcu.externaltools.gnu-tools-for-stm32.12.3.rel1.win32_1.0.100.202403111256/tools/bin/../lib/gcc/arm-none-eabi/12.3.1/../../../../arm-none-eabi/lib/thumb/v7e-m+fp/hard\libc_nano.a(libc_a-nano-vfprintf.o)
 .text.__sfputs_r
                0x0800593e       0x24 C:/ST/STM32CubeIDE_1.15.1/STM32CubeIDE/plugins/com.st.stm32cube.ide.mcu.externaltools.gnu-tools-for-stm32.12.3.rel1.win32_1.0.100.202403111256/tools/bin/../lib/gcc/arm-none-eabi/12.3.1/../../../../arm-none-eabi/lib/thumb/v7e-m+fp/hard\libc_nano.a(libc_a-nano-vfprintf.o)
                0x0800593e                __sfputs_r
 *fill*         0x08005962        0x2 
 .text._vfprintf_r
                0x08005964      0x230 C:/ST/STM32CubeIDE_1.15.1/STM32CubeIDE/plugins/com.st.stm32cube.ide.mcu.externaltools.gnu-tools-for-stm32.12.3.rel1.win32_1.0.100.202403111256/tools/bin/../lib/gcc/arm-none-eabi/12.3.1/../../../../arm-none-eabi/lib/thumb/v7e-m+fp/hard\libc_nano.a(libc_a-nano-vfprintf.o)
                0x08005964                _vfprintf_r
                0x08005964                _vfiprintf_r
 .text._printf_common
                0x08005b94       0xda C:/ST/STM32CubeIDE_1.15.1/STM32CubeIDE/plugins/com.st.stm32cube.ide.mcu.externaltools.gnu-tools-for-stm32.12.3.rel1.win32_1.0.100.202403111256/tools/bin/../lib/gcc/arm-none-eabi/12.3.1/../../../../arm-none-eabi/lib/thumb/v7e-m+fp/hard\libc_nano.a(libc_a-nano-vfprintf_i.o)
                0x08005b94                _printf_common
 *fill*         0x08005c6e        0x2 
 .text._printf_i
                0x08005c70      0x240 C:/ST/STM32CubeIDE_1.15.1/STM32CubeIDE/plugins/com.st.stm32cube.ide.mcu.externaltools.gnu-tools-for-stm32.12.3.rel1.win32_1.0.100.202403111256/tools/bin/../lib/gcc/arm-none-eabi/12.3.1/../../../../arm-none-eabi/lib/thumb/v7e-m+fp/hard\libc_nano.a(libc_a-nano-vfprintf_i.o)
                0x08005c70                _printf_i
 .text.__sflush_r
                0x08005eb0      0x108 C:/ST/STM32CubeIDE_1.15.1/STM32CubeIDE/plugins/com.st.stm32cube.ide.mcu.externaltools.gnu-tools-for-stm32.12.3.rel1.win32_1.0.100.202403111256/tools/bin/../lib/gcc/arm-none-eabi/12.3.1/../../../../arm-none-eabi/lib/thumb/v7e-m+fp/hard\libc_nano.a(libc_a-fflush.o)
                0x08005eb0                __sflush_r
 .text._fflush_r
                0x08005fb8       0x50 C:/ST/STM32CubeIDE_1.15.1/STM32CubeIDE/plugins/com.st.stm32cube.ide.mcu.externaltools.gnu-tools-for-stm32.12.3.rel1.win32_1.0.100.202403111256/tools/bin/../lib/gcc/arm-none-eabi/12.3.1/../../../../arm-none-eabi/lib/thumb/v7e-m+fp/hard\libc_nano.a(libc_a-fflush.o)
                0x08005fb8                _fflush_r
 .text.__swhatbuf_r
                0x08006008       0x4c C:/ST/STM32CubeIDE_1.15.1/STM32CubeIDE/plugins/com.st.stm32cube.ide.mcu.externaltools.gnu-tools-for-stm32.12.3.rel1.win32_1.0.100.202403111256/tools/bin/../lib/gcc/arm-none-eabi/12.3.1/../../../../arm-none-eabi/lib/thumb/v7e-m+fp/hard\libc_nano.a(libc_a-makebuf.o)
                0x08006008                __swhatbuf_r
 .text.__smakebuf_r
                0x08006054       0x78 C:/ST/STM32CubeIDE_1.15.1/STM32CubeIDE/plugins/com.st.stm32cube.ide.mcu.externaltools.gnu-tools-for-stm32.12.3.rel1.win32_1.0.100.202403111256/tools/bin/../lib/gcc/arm-none-eabi/12.3.1/../../../../arm-none-eabi/lib/thumb/v7e-m+fp/hard\libc_nano.a(libc_a-makebuf.o)
                0x08006054                __smakebuf_r
 .text.memmove  0x080060cc       0x34 C:/ST/STM32CubeIDE_1.15.1/STM32CubeIDE/plugins/com.st.stm32cube.ide.mcu.externaltools.gnu-tools-for-stm32.12.3.rel1.win32_1.0.100.202403111256/tools/bin/../lib/gcc/arm-none-eabi/12.3.1/../../../../arm-none-eabi/lib/thumb/v7e-m+fp/hard\libc_nano.a(libc_a-memmove.o)
                0x080060cc                memmove
 .text._fstat_r
                0x08006100       0x24 C:/ST/STM32CubeIDE_1.15.1/STM32CubeIDE/plugins/com.st.stm32cube.ide.mcu.externaltools.gnu-tools-for-stm32.12.3.rel1.win32_1.0.100.202403111256/tools/bin/../lib/gcc/arm-none-eabi/12.3.1/../../../../arm-none-eabi/lib/thumb/v7e-m+fp/hard\libc_nano.a(libc_a-fstatr.o)
                0x08006100                _fstat_r
 .text._isatty_r
                0x08006124       0x20 C:/ST/STM32CubeIDE_1.15.1/STM32CubeIDE/plugins/com.st.stm32cube.ide.mcu.externaltools.gnu-tools-for-stm32.12.3.rel1.win32_1.0.100.202403111256/tools/bin/../lib/gcc/arm-none-eabi/12.3.1/../../../../arm-none-eabi/lib/thumb/v7e-m+fp/hard\libc_nano.a(libc_a-isattyr.o)
                0x08006124                _isatty_r
 .text._realloc_r
                0x08006144       0x5c C:/ST/STM32CubeIDE_1.15.1/STM32CubeIDE/plugins/com.st.stm32cube.ide.mcu.externaltools.gnu-tools-for-stm32.12.3.rel1.win32_1.0.100.202403111256/tools/bin/../lib/gcc/arm-none-eabi/12.3.1/../../../../arm-none-eabi/lib/thumb/v7e-m+fp/hard\libc_nano.a(libc_a-reallocr.o)
                0x08006144                _realloc_r
 .text._malloc_usable_size_r
                0x080061a0       0x10 C:/ST/STM32CubeIDE_1.15.1/STM32CubeIDE/plugins/com.st.stm32cube.ide.mcu.externaltools.gnu-tools-for-stm32.12.3.rel1.win32_1.0.100.202403111256/tools/bin/../lib/gcc/arm-none-eabi/12.3.1/../../../../arm-none-eabi/lib/thumb/v7e-m+fp/hard\libc_nano.a(libc_a-msizer.o)
                0x080061a0                _malloc_usable_size_r
 *(.glue_7)
 .glue_7        0x080061b0        0x0 linker stubs
 *(.glue_7t)
 .glue_7t       0x080061b0        0x0 linker stubs
 *(.eh_frame)
 .eh_frame      0x080061b0        0x0 C:/ST/STM32CubeIDE_1.15.1/STM32CubeIDE/plugins/com.st.stm32cube.ide.mcu.externaltools.gnu-tools-for-stm32.12.3.rel1.win32_1.0.100.202403111256/tools/bin/../lib/gcc/arm-none-eabi/12.3.1/thumb/v7e-m+fp/hard/crtbegin.o
 *(.init)
 .init          0x080061b0        0x4 C:/ST/STM32CubeIDE_1.15.1/STM32CubeIDE/plugins/com.st.stm32cube.ide.mcu.externaltools.gnu-tools-for-stm32.12.3.rel1.win32_1.0.100.202403111256/tools/bin/../lib/gcc/arm-none-eabi/12.3.1/thumb/v7e-m+fp/hard/crti.o
                0x080061b0                _init
 .init          0x080061b4        0x8 C:/ST/STM32CubeIDE_1.15.1/STM32CubeIDE/plugins/com.st.stm32cube.ide.mcu.externaltools.gnu-tools-for-stm32.12.3.rel1.win32_1.0.100.202403111256/tools/bin/../lib/gcc/arm-none-eabi/12.3.1/thumb/v7e-m+fp/hard/crtn.o
 *(.fini)
 .fini          0x080061bc        0x4 C:/ST/STM32CubeIDE_1.15.1/STM32CubeIDE/plugins/com.st.stm32cube.ide.mcu.externaltools.gnu-tools-for-stm32.12.3.rel1.win32_1.0.100.202403111256/tools/bin/../lib/gcc/arm-none-eabi/12.3.1/thumb/v7e-m+fp/hard/crti.o
                0x080061bc                _fini
 .fini          0x080061c0        0x8 C:/ST/STM32CubeIDE_1.15.1/STM32CubeIDE/plugins/com.st.stm32cube.ide.mcu.externaltools.gnu-tools-for-stm32.12.3.rel1.win32_1.0.100.202403111256/tools/bin/../lib/gcc/arm-none-eabi/12.3.1/thumb/v7e-m+fp/hard/crtn.o
                0x080061c8                        . = ALIGN (0x4)
                0x080061c8                        _etext = .

.vfp11_veneer   0x080061c8        0x0
 .vfp11_veneer  0x080061c8        0x0 linker stubs

.v4_bx          0x080061c8        0x0
 .v4_bx         0x080061c8        0x0 linker stubs

.iplt           0x080061c8        0x0
 .iplt          0x080061c8        0x0 C:/ST/STM32CubeIDE_1.15.1/STM32CubeIDE/plugins/com.st.stm32cube.ide.mcu.externaltools.gnu-tools-for-stm32.12.3.rel1.win32_1.0.100.202403111256/tools/bin/../lib/gcc/arm-none-eabi/12.3.1/thumb/v7e-m+fp/hard/crtbegin.o

.rodata         0x080061c8      0x4a4
                0x080061c8                        . = ALIGN (0x4)
 *(.rodata)
 .rodata        0x080061c8      0x3c6 ./Src/main.o
 *fill*         0x0800658e        0x2 
 .rodata        0x08006590       0x94 ./Src/w5500_driver.o
 .rodata        0x08006624       0x12 ./Wiznet_W5500/dhcp.o
 *(.rodata*)
 .rodata._svfprintf_r.str1.1
                0x08006636       0x11 C:/ST/STM32CubeIDE_1.15.1/STM32CubeIDE/plugins/com.st.stm32cube.ide.mcu.externaltools.gnu-tools-for-stm32.12.3.rel1.win32_1.0.100.202403111256/tools/bin/../lib/gcc/arm-none-eabi/12.3.1/../../../../arm-none-eabi/lib/thumb/v7e-m+fp/hard\libc_nano.a(libc_a-nano-svfprintf.o)
 .rodata._vfprintf_r.str1.1
                0x08006647       0x11 C:/ST/STM32CubeIDE_1.15.1/STM32CubeIDE/plugins/com.st.stm32cube.ide.mcu.externaltools.gnu-tools-for-stm32.12.3.rel1.win32_1.0.100.202403111256/tools/bin/../lib/gcc/arm-none-eabi/12.3.1/../../../../arm-none-eabi/lib/thumb/v7e-m+fp/hard\libc_nano.a(libc_a-nano-vfprintf.o)
 .rodata._printf_i.str1.1
                0x08006647       0x22 C:/ST/STM32CubeIDE_1.15.1/STM32CubeIDE/plugins/com.st.stm32cube.ide.mcu.externaltools.gnu-tools-for-stm32.12.3.rel1.win32_1.0.100.202403111256/tools/bin/../lib/gcc/arm-none-eabi/12.3.1/../../../../arm-none-eabi/lib/thumb/v7e-m+fp/hard\libc_nano.a(libc_a-nano-vfprintf_i.o)
                0x0800666c                        . = ALIGN (0x4)
 *fill*         0x08006669        0x3 

.ARM.extab      0x0800666c        0x0
                0x0800666c                        . = ALIGN (0x4)
 *(.ARM.extab* .gnu.linkonce.armextab.*)
                0x0800666c                        . = ALIGN (0x4)

.ARM            0x0800666c        0x8
                0x0800666c                        . = ALIGN (0x4)
                0x0800666c                        __exidx_start = .
 *(.ARM.exidx*)
 .ARM.exidx     0x0800666c        0x8 C:/ST/STM32CubeIDE_1.15.1/STM32CubeIDE/plugins/com.st.stm32cube.ide.mcu.externaltools.gnu-tools-for-stm32.12.3.rel1.win32_1.0.100.202403111256/tools/bin/../lib/gcc/arm-none-eabi/12.3.1/../../../../arm-none-eabi/lib/thumb/v7e-m+fp/hard\libc_nano.a(libc_a-strcmp.o)
 .ARM.exidx     0x08006674        0x0 C:/ST/STM32CubeIDE_1.15.1/STM32CubeIDE/plugins/com.st.stm32cube.ide.mcu.externaltools.gnu-tools-for-stm32.12.3.rel1.win32_1.0.100.202403111256/tools/bin/../lib/gcc/arm-none-eabi/12.3.1/../../../../arm-none-eabi/lib/thumb/v7e-m+fp/hard\libc_nano.a(libc_a-strlen.o)
                                  0x8 (size before relaxing)
 .ARM.exidx     0x08006674        0x0 C:/ST/STM32CubeIDE_1.15.1/STM32CubeIDE/plugins/com.st.stm32cube.ide.mcu.externaltools.gnu-tools-for-stm32.12.3.rel1.win32_1.0.100.202403111256/tools/bin/../lib/gcc/arm-none-eabi/12.3.1/../../../../arm-none-eabi/lib/thumb/v7e-m+fp/hard\libc_nano.a(libc_a-memchr.o)
                                  0x8 (size before relaxing)
                0x08006674                        __exidx_end = .
                0x08006674                        . = ALIGN (0x4)

.rel.dyn        0x08006674        0x0
 .rel.iplt      0x08006674        0x0 C:/ST/STM32CubeIDE_1.15.1/STM32CubeIDE/plugins/com.st.stm32cube.ide.mcu.externaltools.gnu-tools-for-stm32.12.3.rel1.win32_1.0.100.202403111256/tools/bin/../lib/gcc/arm-none-eabi/12.3.1/thumb/v7e-m+fp/hard/crtbegin.o

.preinit_array  0x08006674        0x0
                0x08006674                        . = ALIGN (0x4)
                0x08006674                        PROVIDE (__preinit_array_start = .)
 *(.preinit_array*)
                0x08006674                        PROVIDE (__preinit_array_end = .)
                0x08006674                        . = ALIGN (0x4)

.init_array     0x08006674        0x4
                0x08006674                        . = ALIGN (0x4)
                0x08006674                        PROVIDE (__init_array_start = .)
 *(SORT_BY_NAME(.init_array.*))
 *(.init_array*)
 .init_array    0x08006674        0x4 C:/ST/STM32CubeIDE_1.15.1/STM32CubeIDE/plugins/com.st.stm32cube.ide.mcu.externaltools.gnu-tools-for-stm32.12.3.rel1.win32_1.0.100.202403111256/tools/bin/../lib/gcc/arm-none-eabi/12.3.1/thumb/v7e-m+fp/hard/crtbegin.o
                0x08006678                        PROVIDE (__init_array_end = .)
                0x08006678                        . = ALIGN (0x4)

.fini_array     0x08006678        0x4
                0x08006678                        . = ALIGN (0x4)
                [!provide]                        PROVIDE (__fini_array_start = .)
 *(SORT_BY_NAME(.fini_array.*))
 *(.fini_array*)
 .fini_array    0x08006678        0x4 C:/ST/STM32CubeIDE_1.15.1/STM32CubeIDE/plugins/com.st.stm32cube.ide.mcu.externaltools.gnu-tools-for-stm32.12.3.rel1.win32_1.0.100.202403111256/tools/bin/../lib/gcc/arm-none-eabi/12.3.1/thumb/v7e-m+fp/hard/crtbegin.o
                [!provide]                        PROVIDE (__fini_array_end = .)
                0x0800667c                        . = ALIGN (0x4)
                0x0800667c                        _sidata = LOADADDR (.data)

.data           0x20000000       0xc0 load address 0x0800667c
                0x20000000                        . = ALIGN (0x4)
                0x20000000                        _sdata = .
 *(.data)
 *(.data*)
 .data.net_info
                0x20000000       0x17 ./Src/w5500_driver.o
                0x20000000                net_info
 *fill*         0x20000017        0x1 
 .data.dhcp_lease_time
                0x20000018        0x4 ./Wiznet_W5500/dhcp.o
                0x20000018                dhcp_lease_time
 .data.dhcp_tick_next
                0x2000001c        0x4 ./Wiznet_W5500/dhcp.o
                0x2000001c                dhcp_tick_next
 .data.HOST_NAME
                0x20000020        0x8 ./Wiznet_W5500/dhcp.o
                0x20000020                HOST_NAME
 .data.dhcp_ip_assign
                0x20000028        0x4 ./Wiznet_W5500/dhcp.o
                0x20000028                dhcp_ip_assign
 .data.dhcp_ip_update
                0x2000002c        0x4 ./Wiznet_W5500/dhcp.o
                0x2000002c                dhcp_ip_update
 .data.dhcp_ip_conflict
                0x20000030        0x4 ./Wiznet_W5500/dhcp.o
                0x20000030                dhcp_ip_conflict
 .data.sock_any_port
                0x20000034        0x2 ./Wiznet_W5500/socket.o
 *fill*         0x20000036        0x2 
 .data.WIZCHIP  0x20000038       0x2c ./Wiznet_W5500/wizchip_conf.o
                0x20000038                WIZCHIP
 .data.__sglue  0x20000064        0xc C:/ST/STM32CubeIDE_1.15.1/STM32CubeIDE/plugins/com.st.stm32cube.ide.mcu.externaltools.gnu-tools-for-stm32.12.3.rel1.win32_1.0.100.202403111256/tools/bin/../lib/gcc/arm-none-eabi/12.3.1/../../../../arm-none-eabi/lib/thumb/v7e-m+fp/hard\libc_nano.a(libc_a-findfp.o)
                0x20000064                __sglue
 .data._impure_ptr
                0x20000070        0x4 C:/ST/STM32CubeIDE_1.15.1/STM32CubeIDE/plugins/com.st.stm32cube.ide.mcu.externaltools.gnu-tools-for-stm32.12.3.rel1.win32_1.0.100.202403111256/tools/bin/../lib/gcc/arm-none-eabi/12.3.1/../../../../arm-none-eabi/lib/thumb/v7e-m+fp/hard\libc_nano.a(libc_a-impure.o)
                0x20000070                _impure_ptr
 .data._impure_data
                0x20000074       0x4c C:/ST/STM32CubeIDE_1.15.1/STM32CubeIDE/plugins/com.st.stm32cube.ide.mcu.externaltools.gnu-tools-for-stm32.12.3.rel1.win32_1.0.100.202403111256/tools/bin/../lib/gcc/arm-none-eabi/12.3.1/../../../../arm-none-eabi/lib/thumb/v7e-m+fp/hard\libc_nano.a(libc_a-impure.o)
                0x20000074                _impure_data
 *(.RamFunc)
 *(.RamFunc*)
                0x200000c0                        . = ALIGN (0x4)
                0x200000c0                        _edata = .

.igot.plt       0x200000c0        0x0 load address 0x0800673c
 .igot.plt      0x200000c0        0x0 C:/ST/STM32CubeIDE_1.15.1/STM32CubeIDE/plugins/com.st.stm32cube.ide.mcu.externaltools.gnu-tools-for-stm32.12.3.rel1.win32_1.0.100.202403111256/tools/bin/../lib/gcc/arm-none-eabi/12.3.1/thumb/v7e-m+fp/hard/crtbegin.o
                0x200000c0                        . = ALIGN (0x4)

.bss            0x200000c0      0x704 load address 0x0800673c
                0x200000c0                        _sbss = .
                0x200000c0                        __bss_start__ = _sbss
 *(.bss)
 .bss           0x200000c0       0x1c C:/ST/STM32CubeIDE_1.15.1/STM32CubeIDE/plugins/com.st.stm32cube.ide.mcu.externaltools.gnu-tools-for-stm32.12.3.rel1.win32_1.0.100.202403111256/tools/bin/../lib/gcc/arm-none-eabi/12.3.1/thumb/v7e-m+fp/hard/crtbegin.o
 *(.bss*)
 .bss.receive_buff
                0x200000dc       0x40 ./Src/main.o
                0x200000dc                receive_buff
 .bss.current_phy_conf
                0x2000011c        0x4 ./Src/main.o
                0x2000011c                current_phy_conf
 .bss.__sbrk_heap_end
                0x20000120        0x4 ./Src/sysmem.o
 .bss.g_curr_tick
                0x20000124        0x4 ./Src/timebase.o
                0x20000124                g_curr_tick
 .bss.g_curr_tick_p
                0x20000128        0x4 ./Src/timebase.o
                0x20000128                g_curr_tick_p
 .bss.hspi1     0x2000012c       0x44 ./Src/w5500_driver.o
                0x2000012c                hspi1
 .bss.temp_buffer
                0x20000170       0xaa ./Src/w5500_driver.o
                0x20000170                temp_buffer
 *fill*         0x2000021a        0x2 
 .bss.dhcp_buffer
                0x2000021c      0x400 ./Src/w5500_driver.o
                0x2000021c                dhcp_buffer
 .bss.is_ip_assigned
                0x2000061c        0x1 ./Src/w5500_driver.o
                0x2000061c                is_ip_assigned
 .bss.DHCP_SOCKET
                0x2000061d        0x1 ./Wiznet_W5500/dhcp.o
                0x2000061d                DHCP_SOCKET
 *fill*         0x2000061e        0x2 
 .bss.DHCP_SIP  0x20000620        0x4 ./Wiznet_W5500/dhcp.o
                0x20000620                DHCP_SIP
 .bss.DHCP_REAL_SIP
                0x20000624        0x4 ./Wiznet_W5500/dhcp.o
                0x20000624                DHCP_REAL_SIP
 .bss.OLD_allocated_ip
                0x20000628        0x4 ./Wiznet_W5500/dhcp.o
                0x20000628                OLD_allocated_ip
 .bss.DHCP_allocated_ip
                0x2000062c        0x4 ./Wiznet_W5500/dhcp.o
                0x2000062c                DHCP_allocated_ip
 .bss.DHCP_allocated_gw
                0x20000630        0x4 ./Wiznet_W5500/dhcp.o
                0x20000630                DHCP_allocated_gw
 .bss.DHCP_allocated_sn
                0x20000634        0x4 ./Wiznet_W5500/dhcp.o
                0x20000634                DHCP_allocated_sn
 .bss.DHCP_allocated_dns
                0x20000638        0x4 ./Wiznet_W5500/dhcp.o
                0x20000638                DHCP_allocated_dns
 .bss.dhcp_state
                0x2000063c        0x1 ./Wiznet_W5500/dhcp.o
                0x2000063c                dhcp_state
 .bss.dhcp_retry_count
                0x2000063d        0x1 ./Wiznet_W5500/dhcp.o
                0x2000063d                dhcp_retry_count
 *fill*         0x2000063e        0x2 
 .bss.dhcp_tick_1s
                0x20000640        0x4 ./Wiznet_W5500/dhcp.o
                0x20000640                dhcp_tick_1s
 .bss.DHCP_XID  0x20000644        0x4 ./Wiznet_W5500/dhcp.o
                0x20000644                DHCP_XID
 .bss.pDHCPMSG  0x20000648        0x4 ./Wiznet_W5500/dhcp.o
                0x20000648                pDHCPMSG
 .bss.DHCP_CHADDR
                0x2000064c        0x6 ./Wiznet_W5500/dhcp.o
                0x2000064c                DHCP_CHADDR
 .bss.sock_io_mode
                0x20000652        0x2 ./Wiznet_W5500/socket.o
 .bss.sock_is_sending
                0x20000654        0x2 ./Wiznet_W5500/socket.o
 *fill*         0x20000656        0x2 
 .bss.sock_remained_size
                0x20000658       0x10 ./Wiznet_W5500/socket.o
 .bss.sock_pack_info
                0x20000668        0x8 ./Wiznet_W5500/socket.o
                0x20000668                sock_pack_info
 .bss._DNS_     0x20000670        0x4 ./Wiznet_W5500/wizchip_conf.o
 .bss._DHCP_    0x20000674        0x1 ./Wiznet_W5500/wizchip_conf.o
 *fill*         0x20000675        0x3 
 .bss.__malloc_sbrk_start
                0x20000678        0x4 C:/ST/STM32CubeIDE_1.15.1/STM32CubeIDE/plugins/com.st.stm32cube.ide.mcu.externaltools.gnu-tools-for-stm32.12.3.rel1.win32_1.0.100.202403111256/tools/bin/../lib/gcc/arm-none-eabi/12.3.1/../../../../arm-none-eabi/lib/thumb/v7e-m+fp/hard\libc_nano.a(libc_a-mallocr.o)
                0x20000678                __malloc_sbrk_start
 .bss.__malloc_free_list
                0x2000067c        0x4 C:/ST/STM32CubeIDE_1.15.1/STM32CubeIDE/plugins/com.st.stm32cube.ide.mcu.externaltools.gnu-tools-for-stm32.12.3.rel1.win32_1.0.100.202403111256/tools/bin/../lib/gcc/arm-none-eabi/12.3.1/../../../../arm-none-eabi/lib/thumb/v7e-m+fp/hard\libc_nano.a(libc_a-mallocr.o)
                0x2000067c                __malloc_free_list
 .bss.__sf      0x20000680      0x138 C:/ST/STM32CubeIDE_1.15.1/STM32CubeIDE/plugins/com.st.stm32cube.ide.mcu.externaltools.gnu-tools-for-stm32.12.3.rel1.win32_1.0.100.202403111256/tools/bin/../lib/gcc/arm-none-eabi/12.3.1/../../../../arm-none-eabi/lib/thumb/v7e-m+fp/hard\libc_nano.a(libc_a-findfp.o)
                0x20000680                __sf
 .bss.__stdio_exit_handler
                0x200007b8        0x4 C:/ST/STM32CubeIDE_1.15.1/STM32CubeIDE/plugins/com.st.stm32cube.ide.mcu.externaltools.gnu-tools-for-stm32.12.3.rel1.win32_1.0.100.202403111256/tools/bin/../lib/gcc/arm-none-eabi/12.3.1/../../../../arm-none-eabi/lib/thumb/v7e-m+fp/hard\libc_nano.a(libc_a-findfp.o)
                0x200007b8                __stdio_exit_handler
 .bss.errno     0x200007bc        0x4 C:/ST/STM32CubeIDE_1.15.1/STM32CubeIDE/plugins/com.st.stm32cube.ide.mcu.externaltools.gnu-tools-for-stm32.12.3.rel1.win32_1.0.100.202403111256/tools/bin/../lib/gcc/arm-none-eabi/12.3.1/../../../../arm-none-eabi/lib/thumb/v7e-m+fp/hard\libc_nano.a(libc_a-reent.o)
                0x200007bc                errno
 .bss.__lock___malloc_recursive_mutex
                0x200007c0        0x1 C:/ST/STM32CubeIDE_1.15.1/STM32CubeIDE/plugins/com.st.stm32cube.ide.mcu.externaltools.gnu-tools-for-stm32.12.3.rel1.win32_1.0.100.202403111256/tools/bin/../lib/gcc/arm-none-eabi/12.3.1/../../../../arm-none-eabi/lib/thumb/v7e-m+fp/hard\libc_nano.a(libc_a-lock.o)
                0x200007c0                __lock___malloc_recursive_mutex
 .bss.__lock___sfp_recursive_mutex
                0x200007c1        0x1 C:/ST/STM32CubeIDE_1.15.1/STM32CubeIDE/plugins/com.st.stm32cube.ide.mcu.externaltools.gnu-tools-for-stm32.12.3.rel1.win32_1.0.100.202403111256/tools/bin/../lib/gcc/arm-none-eabi/12.3.1/../../../../arm-none-eabi/lib/thumb/v7e-m+fp/hard\libc_nano.a(libc_a-lock.o)
                0x200007c1                __lock___sfp_recursive_mutex
 *(COMMON)
                0x200007c4                        . = ALIGN (0x4)
 *fill*         0x200007c2        0x2 
                0x200007c4                        _ebss = .
                0x200007c4                        __bss_end__ = _ebss

._user_heap_stack
                0x200007c4      0x604 load address 0x0800673c
                0x200007c8                        . = ALIGN (0x8)
 *fill*         0x200007c4        0x4 
                [!provide]                        PROVIDE (end = .)
                0x200007c8                        PROVIDE (_end = .)
                0x200009c8                        . = (. + _Min_Heap_Size)
 *fill*         0x200007c8      0x200 
                0x20000dc8                        . = (. + _Min_Stack_Size)
 *fill*         0x200009c8      0x400 
                0x20000dc8                        . = ALIGN (0x8)

/DISCARD/
 libc.a(*)
 libm.a(*)
 libgcc.a(*)

.ARM.attributes
                0x00000000       0x30
 *(.ARM.attributes)
 .ARM.attributes
                0x00000000       0x22 C:/ST/STM32CubeIDE_1.15.1/STM32CubeIDE/plugins/com.st.stm32cube.ide.mcu.externaltools.gnu-tools-for-stm32.12.3.rel1.win32_1.0.100.202403111256/tools/bin/../lib/gcc/arm-none-eabi/12.3.1/thumb/v7e-m+fp/hard/crti.o
 .ARM.attributes
                0x00000022       0x34 C:/ST/STM32CubeIDE_1.15.1/STM32CubeIDE/plugins/com.st.stm32cube.ide.mcu.externaltools.gnu-tools-for-stm32.12.3.rel1.win32_1.0.100.202403111256/tools/bin/../lib/gcc/arm-none-eabi/12.3.1/thumb/v7e-m+fp/hard/crtbegin.o
 .ARM.attributes
                0x00000056       0x34 ./Src/adc.o
 .ARM.attributes
                0x0000008a       0x34 ./Src/bsp.o
 .ARM.attributes
                0x000000be       0x34 ./Src/fpu.o
 .ARM.attributes
                0x000000f2       0x34 ./Src/main.o
 .ARM.attributes
                0x00000126       0x34 ./Src/spi.o
 .ARM.attributes
                0x0000015a       0x34 ./Src/syscalls.o
 .ARM.attributes
                0x0000018e       0x34 ./Src/sysmem.o
 .ARM.attributes
                0x000001c2       0x34 ./Src/timebase.o
 .ARM.attributes
                0x000001f6       0x34 ./Src/uart.o
 .ARM.attributes
                0x0000022a       0x34 ./Src/w5500_driver.o
 .ARM.attributes
                0x0000025e       0x21 ./Startup/startup_stm32f411retx.o
 .ARM.attributes
                0x0000027f       0x34 ./Wiznet_W5500/dhcp.o
 .ARM.attributes
                0x000002b3       0x34 ./Wiznet_W5500/socket.o
 .ARM.attributes
                0x000002e7       0x34 ./Wiznet_W5500/w5500.o
 .ARM.attributes
                0x0000031b       0x34 ./Wiznet_W5500/wizchip_conf.o
 .ARM.attributes
                0x0000034f       0x34 C:/ST/STM32CubeIDE_1.15.1/STM32CubeIDE/plugins/com.st.stm32cube.ide.mcu.externaltools.gnu-tools-for-stm32.12.3.rel1.win32_1.0.100.202403111256/tools/bin/../lib/gcc/arm-none-eabi/12.3.1/../../../../arm-none-eabi/lib/thumb/v7e-m+fp/hard\libc_nano.a(libc_a-mallocr.o)
 .ARM.attributes
                0x00000383       0x34 C:/ST/STM32CubeIDE_1.15.1/STM32CubeIDE/plugins/com.st.stm32cube.ide.mcu.externaltools.gnu-tools-for-stm32.12.3.rel1.win32_1.0.100.202403111256/tools/bin/../lib/gcc/arm-none-eabi/12.3.1/../../../../arm-none-eabi/lib/thumb/v7e-m+fp/hard\libc_nano.a(libc_a-mlock.o)
 .ARM.attributes
                0x000003b7       0x34 C:/ST/STM32CubeIDE_1.15.1/STM32CubeIDE/plugins/com.st.stm32cube.ide.mcu.externaltools.gnu-tools-for-stm32.12.3.rel1.win32_1.0.100.202403111256/tools/bin/../lib/gcc/arm-none-eabi/12.3.1/../../../../arm-none-eabi/lib/thumb/v7e-m+fp/hard\libc_nano.a(libc_a-findfp.o)
 .ARM.attributes
                0x000003eb       0x34 C:/ST/STM32CubeIDE_1.15.1/STM32CubeIDE/plugins/com.st.stm32cube.ide.mcu.externaltools.gnu-tools-for-stm32.12.3.rel1.win32_1.0.100.202403111256/tools/bin/../lib/gcc/arm-none-eabi/12.3.1/../../../../arm-none-eabi/lib/thumb/v7e-m+fp/hard\libc_nano.a(libc_a-fwalk.o)
 .ARM.attributes
                0x0000041f       0x34 C:/ST/STM32CubeIDE_1.15.1/STM32CubeIDE/plugins/com.st.stm32cube.ide.mcu.externaltools.gnu-tools-for-stm32.12.3.rel1.win32_1.0.100.202403111256/tools/bin/../lib/gcc/arm-none-eabi/12.3.1/../../../../arm-none-eabi/lib/thumb/v7e-m+fp/hard\libc_nano.a(libc_a-printf.o)
 .ARM.attributes
                0x00000453       0x34 C:/ST/STM32CubeIDE_1.15.1/STM32CubeIDE/plugins/com.st.stm32cube.ide.mcu.externaltools.gnu-tools-for-stm32.12.3.rel1.win32_1.0.100.202403111256/tools/bin/../lib/gcc/arm-none-eabi/12.3.1/../../../../arm-none-eabi/lib/thumb/v7e-m+fp/hard\libc_nano.a(libc_a-puts.o)
 .ARM.attributes
                0x00000487       0x34 C:/ST/STM32CubeIDE_1.15.1/STM32CubeIDE/plugins/com.st.stm32cube.ide.mcu.externaltools.gnu-tools-for-stm32.12.3.rel1.win32_1.0.100.202403111256/tools/bin/../lib/gcc/arm-none-eabi/12.3.1/../../../../arm-none-eabi/lib/thumb/v7e-m+fp/hard\libc_nano.a(libc_a-sprintf.o)
 .ARM.attributes
                0x000004bb       0x34 C:/ST/STM32CubeIDE_1.15.1/STM32CubeIDE/plugins/com.st.stm32cube.ide.mcu.externaltools.gnu-tools-for-stm32.12.3.rel1.win32_1.0.100.202403111256/tools/bin/../lib/gcc/arm-none-eabi/12.3.1/../../../../arm-none-eabi/lib/thumb/v7e-m+fp/hard\libc_nano.a(libc_a-stdio.o)
 .ARM.attributes
                0x000004ef       0x34 C:/ST/STM32CubeIDE_1.15.1/STM32CubeIDE/plugins/com.st.stm32cube.ide.mcu.externaltools.gnu-tools-for-stm32.12.3.rel1.win32_1.0.100.202403111256/tools/bin/../lib/gcc/arm-none-eabi/12.3.1/../../../../arm-none-eabi/lib/thumb/v7e-m+fp/hard\libc_nano.a(libc_a-wbuf.o)
 .ARM.attributes
                0x00000523       0x34 C:/ST/STM32CubeIDE_1.15.1/STM32CubeIDE/plugins/com.st.stm32cube.ide.mcu.externaltools.gnu-tools-for-stm32.12.3.rel1.win32_1.0.100.202403111256/tools/bin/../lib/gcc/arm-none-eabi/12.3.1/../../../../arm-none-eabi/lib/thumb/v7e-m+fp/hard\libc_nano.a(libc_a-wsetup.o)
 .ARM.attributes
                0x00000557       0x34 C:/ST/STM32CubeIDE_1.15.1/STM32CubeIDE/plugins/com.st.stm32cube.ide.mcu.externaltools.gnu-tools-for-stm32.12.3.rel1.win32_1.0.100.202403111256/tools/bin/../lib/gcc/arm-none-eabi/12.3.1/../../../../arm-none-eabi/lib/thumb/v7e-m+fp/hard\libc_nano.a(libc_a-memset.o)
 .ARM.attributes
                0x0000058b       0x34 C:/ST/STM32CubeIDE_1.15.1/STM32CubeIDE/plugins/com.st.stm32cube.ide.mcu.externaltools.gnu-tools-for-stm32.12.3.rel1.win32_1.0.100.202403111256/tools/bin/../lib/gcc/arm-none-eabi/12.3.1/../../../../arm-none-eabi/lib/thumb/v7e-m+fp/hard\libc_nano.a(libc_a-closer.o)
 .ARM.attributes
                0x000005bf       0x34 C:/ST/STM32CubeIDE_1.15.1/STM32CubeIDE/plugins/com.st.stm32cube.ide.mcu.externaltools.gnu-tools-for-stm32.12.3.rel1.win32_1.0.100.202403111256/tools/bin/../lib/gcc/arm-none-eabi/12.3.1/../../../../arm-none-eabi/lib/thumb/v7e-m+fp/hard\libc_nano.a(libc_a-reent.o)
 .ARM.attributes
                0x000005f3       0x34 C:/ST/STM32CubeIDE_1.15.1/STM32CubeIDE/plugins/com.st.stm32cube.ide.mcu.externaltools.gnu-tools-for-stm32.12.3.rel1.win32_1.0.100.202403111256/tools/bin/../lib/gcc/arm-none-eabi/12.3.1/../../../../arm-none-eabi/lib/thumb/v7e-m+fp/hard\libc_nano.a(libc_a-impure.o)
 .ARM.attributes
                0x00000627       0x34 C:/ST/STM32CubeIDE_1.15.1/STM32CubeIDE/plugins/com.st.stm32cube.ide.mcu.externaltools.gnu-tools-for-stm32.12.3.rel1.win32_1.0.100.202403111256/tools/bin/../lib/gcc/arm-none-eabi/12.3.1/../../../../arm-none-eabi/lib/thumb/v7e-m+fp/hard\libc_nano.a(libc_a-lseekr.o)
 .ARM.attributes
                0x0000065b       0x34 C:/ST/STM32CubeIDE_1.15.1/STM32CubeIDE/plugins/com.st.stm32cube.ide.mcu.externaltools.gnu-tools-for-stm32.12.3.rel1.win32_1.0.100.202403111256/tools/bin/../lib/gcc/arm-none-eabi/12.3.1/../../../../arm-none-eabi/lib/thumb/v7e-m+fp/hard\libc_nano.a(libc_a-readr.o)
 .ARM.attributes
                0x0000068f       0x34 C:/ST/STM32CubeIDE_1.15.1/STM32CubeIDE/plugins/com.st.stm32cube.ide.mcu.externaltools.gnu-tools-for-stm32.12.3.rel1.win32_1.0.100.202403111256/tools/bin/../lib/gcc/arm-none-eabi/12.3.1/../../../../arm-none-eabi/lib/thumb/v7e-m+fp/hard\libc_nano.a(libc_a-sbrkr.o)
 .ARM.attributes
                0x000006c3       0x34 C:/ST/STM32CubeIDE_1.15.1/STM32CubeIDE/plugins/com.st.stm32cube.ide.mcu.externaltools.gnu-tools-for-stm32.12.3.rel1.win32_1.0.100.202403111256/tools/bin/../lib/gcc/arm-none-eabi/12.3.1/../../../../arm-none-eabi/lib/thumb/v7e-m+fp/hard\libc_nano.a(libc_a-writer.o)
 .ARM.attributes
                0x000006f7       0x34 C:/ST/STM32CubeIDE_1.15.1/STM32CubeIDE/plugins/com.st.stm32cube.ide.mcu.externaltools.gnu-tools-for-stm32.12.3.rel1.win32_1.0.100.202403111256/tools/bin/../lib/gcc/arm-none-eabi/12.3.1/../../../../arm-none-eabi/lib/thumb/v7e-m+fp/hard\libc_nano.a(libc_a-errno.o)
 .ARM.attributes
                0x0000072b       0x34 C:/ST/STM32CubeIDE_1.15.1/STM32CubeIDE/plugins/com.st.stm32cube.ide.mcu.externaltools.gnu-tools-for-stm32.12.3.rel1.win32_1.0.100.202403111256/tools/bin/../lib/gcc/arm-none-eabi/12.3.1/../../../../arm-none-eabi/lib/thumb/v7e-m+fp/hard\libc_nano.a(libc_a-init.o)
 .ARM.attributes
                0x0000075f       0x34 C:/ST/STM32CubeIDE_1.15.1/STM32CubeIDE/plugins/com.st.stm32cube.ide.mcu.externaltools.gnu-tools-for-stm32.12.3.rel1.win32_1.0.100.202403111256/tools/bin/../lib/gcc/arm-none-eabi/12.3.1/../../../../arm-none-eabi/lib/thumb/v7e-m+fp/hard\libc_nano.a(libc_a-lock.o)
 .ARM.attributes
                0x00000793       0x20 C:/ST/STM32CubeIDE_1.15.1/STM32CubeIDE/plugins/com.st.stm32cube.ide.mcu.externaltools.gnu-tools-for-stm32.12.3.rel1.win32_1.0.100.202403111256/tools/bin/../lib/gcc/arm-none-eabi/12.3.1/../../../../arm-none-eabi/lib/thumb/v7e-m+fp/hard\libc_nano.a(libc_a-strcmp.o)
 .ARM.attributes
                0x000007b3       0x34 C:/ST/STM32CubeIDE_1.15.1/STM32CubeIDE/plugins/com.st.stm32cube.ide.mcu.externaltools.gnu-tools-for-stm32.12.3.rel1.win32_1.0.100.202403111256/tools/bin/../lib/gcc/arm-none-eabi/12.3.1/../../../../arm-none-eabi/lib/thumb/v7e-m+fp/hard\libc_nano.a(libc_a-memcpy-stub.o)
 .ARM.attributes
                0x000007e7       0x17 C:/ST/STM32CubeIDE_1.15.1/STM32CubeIDE/plugins/com.st.stm32cube.ide.mcu.externaltools.gnu-tools-for-stm32.12.3.rel1.win32_1.0.100.202403111256/tools/bin/../lib/gcc/arm-none-eabi/12.3.1/../../../../arm-none-eabi/lib/thumb/v7e-m+fp/hard\libc_nano.a(libc_a-strlen.o)
 .ARM.attributes
                0x000007fe       0x34 C:/ST/STM32CubeIDE_1.15.1/STM32CubeIDE/plugins/com.st.stm32cube.ide.mcu.externaltools.gnu-tools-for-stm32.12.3.rel1.win32_1.0.100.202403111256/tools/bin/../lib/gcc/arm-none-eabi/12.3.1/../../../../arm-none-eabi/lib/thumb/v7e-m+fp/hard\libc_nano.a(libc_a-freer.o)
 .ARM.attributes
                0x00000832       0x34 C:/ST/STM32CubeIDE_1.15.1/STM32CubeIDE/plugins/com.st.stm32cube.ide.mcu.externaltools.gnu-tools-for-stm32.12.3.rel1.win32_1.0.100.202403111256/tools/bin/../lib/gcc/arm-none-eabi/12.3.1/../../../../arm-none-eabi/lib/thumb/v7e-m+fp/hard\libc_nano.a(libc_a-nano-svfprintf.o)
 .ARM.attributes
                0x00000866       0x34 C:/ST/STM32CubeIDE_1.15.1/STM32CubeIDE/plugins/com.st.stm32cube.ide.mcu.externaltools.gnu-tools-for-stm32.12.3.rel1.win32_1.0.100.202403111256/tools/bin/../lib/gcc/arm-none-eabi/12.3.1/../../../../arm-none-eabi/lib/thumb/v7e-m+fp/hard\libc_nano.a(libc_a-nano-vfprintf.o)
 .ARM.attributes
                0x0000089a       0x34 C:/ST/STM32CubeIDE_1.15.1/STM32CubeIDE/plugins/com.st.stm32cube.ide.mcu.externaltools.gnu-tools-for-stm32.12.3.rel1.win32_1.0.100.202403111256/tools/bin/../lib/gcc/arm-none-eabi/12.3.1/../../../../arm-none-eabi/lib/thumb/v7e-m+fp/hard\libc_nano.a(libc_a-nano-vfprintf_i.o)
 .ARM.attributes
                0x000008ce       0x34 C:/ST/STM32CubeIDE_1.15.1/STM32CubeIDE/plugins/com.st.stm32cube.ide.mcu.externaltools.gnu-tools-for-stm32.12.3.rel1.win32_1.0.100.202403111256/tools/bin/../lib/gcc/arm-none-eabi/12.3.1/../../../../arm-none-eabi/lib/thumb/v7e-m+fp/hard\libc_nano.a(libc_a-fflush.o)
 .ARM.attributes
                0x00000902       0x34 C:/ST/STM32CubeIDE_1.15.1/STM32CubeIDE/plugins/com.st.stm32cube.ide.mcu.externaltools.gnu-tools-for-stm32.12.3.rel1.win32_1.0.100.202403111256/tools/bin/../lib/gcc/arm-none-eabi/12.3.1/../../../../arm-none-eabi/lib/thumb/v7e-m+fp/hard\libc_nano.a(libc_a-makebuf.o)
 .ARM.attributes
                0x00000936       0x34 C:/ST/STM32CubeIDE_1.15.1/STM32CubeIDE/plugins/com.st.stm32cube.ide.mcu.externaltools.gnu-tools-for-stm32.12.3.rel1.win32_1.0.100.202403111256/tools/bin/../lib/gcc/arm-none-eabi/12.3.1/../../../../arm-none-eabi/lib/thumb/v7e-m+fp/hard\libc_nano.a(libc_a-memmove.o)
 .ARM.attributes
                0x0000096a       0x34 C:/ST/STM32CubeIDE_1.15.1/STM32CubeIDE/plugins/com.st.stm32cube.ide.mcu.externaltools.gnu-tools-for-stm32.12.3.rel1.win32_1.0.100.202403111256/tools/bin/../lib/gcc/arm-none-eabi/12.3.1/../../../../arm-none-eabi/lib/thumb/v7e-m+fp/hard\libc_nano.a(libc_a-fstatr.o)
 .ARM.attributes
                0x0000099e       0x34 C:/ST/STM32CubeIDE_1.15.1/STM32CubeIDE/plugins/com.st.stm32cube.ide.mcu.externaltools.gnu-tools-for-stm32.12.3.rel1.win32_1.0.100.202403111256/tools/bin/../lib/gcc/arm-none-eabi/12.3.1/../../../../arm-none-eabi/lib/thumb/v7e-m+fp/hard\libc_nano.a(libc_a-isattyr.o)
 .ARM.attributes
                0x000009d2       0x1c C:/ST/STM32CubeIDE_1.15.1/STM32CubeIDE/plugins/com.st.stm32cube.ide.mcu.externaltools.gnu-tools-for-stm32.12.3.rel1.win32_1.0.100.202403111256/tools/bin/../lib/gcc/arm-none-eabi/12.3.1/../../../../arm-none-eabi/lib/thumb/v7e-m+fp/hard\libc_nano.a(libc_a-memchr.o)
 .ARM.attributes
                0x000009ee       0x34 C:/ST/STM32CubeIDE_1.15.1/STM32CubeIDE/plugins/com.st.stm32cube.ide.mcu.externaltools.gnu-tools-for-stm32.12.3.rel1.win32_1.0.100.202403111256/tools/bin/../lib/gcc/arm-none-eabi/12.3.1/../../../../arm-none-eabi/lib/thumb/v7e-m+fp/hard\libc_nano.a(libc_a-reallocr.o)
 .ARM.attributes
                0x00000a22       0x34 C:/ST/STM32CubeIDE_1.15.1/STM32CubeIDE/plugins/com.st.stm32cube.ide.mcu.externaltools.gnu-tools-for-stm32.12.3.rel1.win32_1.0.100.202403111256/tools/bin/../lib/gcc/arm-none-eabi/12.3.1/../../../../arm-none-eabi/lib/thumb/v7e-m+fp/hard\libc_nano.a(libc_a-msizer.o)
 .ARM.attributes
                0x00000a56       0x22 C:/ST/STM32CubeIDE_1.15.1/STM32CubeIDE/plugins/com.st.stm32cube.ide.mcu.externaltools.gnu-tools-for-stm32.12.3.rel1.win32_1.0.100.202403111256/tools/bin/../lib/gcc/arm-none-eabi/12.3.1/thumb/v7e-m+fp/hard/crtn.o
OUTPUT(13_w5500_tcp_server.elf elf32-littlearm)
LOAD linker stubs
LOAD C:/ST/STM32CubeIDE_1.15.1/STM32CubeIDE/plugins/com.st.stm32cube.ide.mcu.externaltools.gnu-tools-for-stm32.12.3.rel1.win32_1.0.100.202403111256/tools/bin/../lib/gcc/arm-none-eabi/12.3.1/../../../../arm-none-eabi/lib/thumb/v7e-m+fp/hard\libc.a
LOAD C:/ST/STM32CubeIDE_1.15.1/STM32CubeIDE/plugins/com.st.stm32cube.ide.mcu.externaltools.gnu-tools-for-stm32.12.3.rel1.win32_1.0.100.202403111256/tools/bin/../lib/gcc/arm-none-eabi/12.3.1/../../../../arm-none-eabi/lib/thumb/v7e-m+fp/hard\libm.a
LOAD C:/ST/STM32CubeIDE_1.15.1/STM32CubeIDE/plugins/com.st.stm32cube.ide.mcu.externaltools.gnu-tools-for-stm32.12.3.rel1.win32_1.0.100.202403111256/tools/bin/../lib/gcc/arm-none-eabi/12.3.1/thumb/v7e-m+fp/hard\libgcc.a

.debug_info     0x00000000     0x51f5
 .debug_info    0x00000000      0x3fc ./Src/adc.o
 .debug_info    0x000003fc      0x333 ./Src/bsp.o
 .debug_info    0x0000072f      0x249 ./Src/fpu.o
 .debug_info    0x00000978      0x63a ./Src/main.o
 .debug_info    0x00000fb2      0x708 ./Src/spi.o
 .debug_info    0x000016ba      0x6a3 ./Src/syscalls.o
 .debug_info    0x00001d5d      0x168 ./Src/sysmem.o
 .debug_info    0x00001ec5      0x1d7 ./Src/timebase.o
 .debug_info    0x0000209c      0x418 ./Src/uart.o
 .debug_info    0x000024b4      0xa1d ./Src/w5500_driver.o
 .debug_info    0x00002ed1       0x30 ./Startup/startup_stm32f411retx.o
 .debug_info    0x00002f01      0xa1e ./Wiznet_W5500/dhcp.o
 .debug_info    0x0000391f      0x727 ./Wiznet_W5500/socket.o
 .debug_info    0x00004046      0x539 ./Wiznet_W5500/w5500.o
 .debug_info    0x0000457f      0xc76 ./Wiznet_W5500/wizchip_conf.o

.debug_abbrev   0x00000000     0x172a
 .debug_abbrev  0x00000000      0x107 ./Src/adc.o
 .debug_abbrev  0x00000107       0xd2 ./Src/bsp.o
 .debug_abbrev  0x000001d9       0xb8 ./Src/fpu.o
 .debug_abbrev  0x00000291      0x209 ./Src/main.o
 .debug_abbrev  0x0000049a      0x1af ./Src/spi.o
 .debug_abbrev  0x00000649      0x1b6 ./Src/syscalls.o
 .debug_abbrev  0x000007ff       0xbc ./Src/sysmem.o
 .debug_abbrev  0x000008bb      0x16e ./Src/timebase.o
 .debug_abbrev  0x00000a29      0x141 ./Src/uart.o
 .debug_abbrev  0x00000b6a      0x261 ./Src/w5500_driver.o
 .debug_abbrev  0x00000dcb       0x24 ./Startup/startup_stm32f411retx.o
 .debug_abbrev  0x00000def      0x23a ./Wiznet_W5500/dhcp.o
 .debug_abbrev  0x00001029      0x1c1 ./Wiznet_W5500/socket.o
 .debug_abbrev  0x000011ea      0x21f ./Wiznet_W5500/w5500.o
 .debug_abbrev  0x00001409      0x321 ./Wiznet_W5500/wizchip_conf.o

.debug_aranges  0x00000000      0x608
 .debug_aranges
                0x00000000       0x30 ./Src/adc.o
 .debug_aranges
                0x00000030       0x40 ./Src/bsp.o
 .debug_aranges
                0x00000070       0x20 ./Src/fpu.o
 .debug_aranges
                0x00000090       0x78 ./Src/main.o
 .debug_aranges
                0x00000108       0x40 ./Src/spi.o
 .debug_aranges
                0x00000148       0xa8 ./Src/syscalls.o
 .debug_aranges
                0x000001f0       0x20 ./Src/sysmem.o
 .debug_aranges
                0x00000210       0x40 ./Src/timebase.o
 .debug_aranges
                0x00000250       0x40 ./Src/uart.o
 .debug_aranges
                0x00000290       0x78 ./Src/w5500_driver.o
 .debug_aranges
                0x00000308       0x28 ./Startup/startup_stm32f411retx.o
 .debug_aranges
                0x00000330       0xc8 ./Wiznet_W5500/dhcp.o
 .debug_aranges
                0x000003f8       0x78 ./Wiznet_W5500/socket.o
 .debug_aranges
                0x00000470       0x60 ./Wiznet_W5500/w5500.o
 .debug_aranges
                0x000004d0      0x138 ./Wiznet_W5500/wizchip_conf.o

.debug_rnglists
                0x00000000      0x481
 .debug_rnglists
                0x00000000       0x1f ./Src/adc.o
 .debug_rnglists
                0x0000001f       0x2b ./Src/bsp.o
 .debug_rnglists
                0x0000004a       0x13 ./Src/fpu.o
 .debug_rnglists
                0x0000005d       0x63 ./Src/main.o
 .debug_rnglists
                0x000000c0       0x30 ./Src/spi.o
 .debug_rnglists
                0x000000f0       0x79 ./Src/syscalls.o
 .debug_rnglists
                0x00000169       0x13 ./Src/sysmem.o
 .debug_rnglists
                0x0000017c       0x2b ./Src/timebase.o
 .debug_rnglists
                0x000001a7       0x2c ./Src/uart.o
 .debug_rnglists
                0x000001d3       0x56 ./Src/w5500_driver.o
 .debug_rnglists
                0x00000229       0x19 ./Startup/startup_stm32f411retx.o
 .debug_rnglists
                0x00000242       0x99 ./Wiznet_W5500/dhcp.o
 .debug_rnglists
                0x000002db       0x6d ./Wiznet_W5500/socket.o
 .debug_rnglists
                0x00000348       0x4c ./Wiznet_W5500/w5500.o
 .debug_rnglists
                0x00000394       0xed ./Wiznet_W5500/wizchip_conf.o

.debug_macro    0x00000000    0x10ecb
 .debug_macro   0x00000000      0x108 ./Src/adc.o
 .debug_macro   0x00000108      0xac0 ./Src/adc.o
 .debug_macro   0x00000bc8       0x22 ./Src/adc.o
 .debug_macro   0x00000bea       0x8e ./Src/adc.o
 .debug_macro   0x00000c78       0x51 ./Src/adc.o
 .debug_macro   0x00000cc9      0x103 ./Src/adc.o
 .debug_macro   0x00000dcc       0x6a ./Src/adc.o
 .debug_macro   0x00000e36      0x1df ./Src/adc.o
 .debug_macro   0x00001015       0x28 ./Src/adc.o
 .debug_macro   0x0000103d       0x28 ./Src/adc.o
 .debug_macro   0x00001065       0x1c ./Src/adc.o
 .debug_macro   0x00001081       0x22 ./Src/adc.o
 .debug_macro   0x000010a3       0xd9 ./Src/adc.o
 .debug_macro   0x0000117c     0x102d ./Src/adc.o
 .debug_macro   0x000021a9      0x11f ./Src/adc.o
 .debug_macro   0x000022c8     0xb937 ./Src/adc.o
 .debug_macro   0x0000dbff       0x43 ./Src/adc.o
 .debug_macro   0x0000dc42      0x105 ./Src/bsp.o
 .debug_macro   0x0000dd47       0x22 ./Src/bsp.o
 .debug_macro   0x0000dd69       0xce ./Src/fpu.o
 .debug_macro   0x0000de37      0x28b ./Src/main.o
 .debug_macro   0x0000e0c2       0x5b ./Src/main.o
 .debug_macro   0x0000e11d       0x2a ./Src/main.o
 .debug_macro   0x0000e147       0x94 ./Src/main.o
 .debug_macro   0x0000e1db       0x43 ./Src/main.o
 .debug_macro   0x0000e21e       0x34 ./Src/main.o
 .debug_macro   0x0000e252       0x16 ./Src/main.o
 .debug_macro   0x0000e268       0x57 ./Src/main.o
 .debug_macro   0x0000e2bf       0x9e ./Src/main.o
 .debug_macro   0x0000e35d      0x369 ./Src/main.o
 .debug_macro   0x0000e6c6      0x10b ./Src/main.o
 .debug_macro   0x0000e7d1       0x10 ./Src/main.o
 .debug_macro   0x0000e7e1       0x16 ./Src/main.o
 .debug_macro   0x0000e7f7       0x43 ./Src/main.o
 .debug_macro   0x0000e83a       0x34 ./Src/main.o
 .debug_macro   0x0000e86e       0x10 ./Src/main.o
 .debug_macro   0x0000e87e       0x58 ./Src/main.o
 .debug_macro   0x0000e8d6       0x8e ./Src/main.o
 .debug_macro   0x0000e964       0x1c ./Src/main.o
 .debug_macro   0x0000e980      0x177 ./Src/main.o
 .debug_macro   0x0000eaf7       0x16 ./Src/main.o
 .debug_macro   0x0000eb0d       0x16 ./Src/main.o
 .debug_macro   0x0000eb23      0x146 ./Src/main.o
 .debug_macro   0x0000ec69       0x10 ./Src/main.o
 .debug_macro   0x0000ec79       0x16 ./Src/main.o
 .debug_macro   0x0000ec8f       0x35 ./Src/main.o
 .debug_macro   0x0000ecc4       0x20 ./Src/main.o
 .debug_macro   0x0000ece4       0x7c ./Src/main.o
 .debug_macro   0x0000ed60       0x6c ./Src/main.o
 .debug_macro   0x0000edcc      0x5e7 ./Src/main.o
 .debug_macro   0x0000f3b3       0x66 ./Src/main.o
 .debug_macro   0x0000f419       0xd8 ./Src/main.o
 .debug_macro   0x0000f4f1       0x2e ./Src/main.o
 .debug_macro   0x0000f51f       0x6a ./Src/main.o
 .debug_macro   0x0000f589       0xfb ./Src/spi.o
 .debug_macro   0x0000f684      0x189 ./Src/spi.o
 .debug_macro   0x0000f80d      0x274 ./Src/syscalls.o
 .debug_macro   0x0000fa81       0x10 ./Src/syscalls.o
 .debug_macro   0x0000fa91       0x10 ./Src/syscalls.o
 .debug_macro   0x0000faa1       0x10 ./Src/syscalls.o
 .debug_macro   0x0000fab1       0x10 ./Src/syscalls.o
 .debug_macro   0x0000fac1       0x1c ./Src/syscalls.o
 .debug_macro   0x0000fadd       0x52 ./Src/syscalls.o
 .debug_macro   0x0000fb2f       0x22 ./Src/syscalls.o
 .debug_macro   0x0000fb51       0x10 ./Src/syscalls.o
 .debug_macro   0x0000fb61       0x52 ./Src/syscalls.o
 .debug_macro   0x0000fbb3       0xcf ./Src/syscalls.o
 .debug_macro   0x0000fc82       0x1c ./Src/syscalls.o
 .debug_macro   0x0000fc9e       0x3d ./Src/syscalls.o
 .debug_macro   0x0000fcdb       0x35 ./Src/syscalls.o
 .debug_macro   0x0000fd10      0x12c ./Src/syscalls.o
 .debug_macro   0x0000fe3c       0x16 ./Src/syscalls.o
 .debug_macro   0x0000fe52       0x16 ./Src/syscalls.o
 .debug_macro   0x0000fe68       0x29 ./Src/syscalls.o
 .debug_macro   0x0000fe91       0x10 ./Src/syscalls.o
 .debug_macro   0x0000fea1      0x242 ./Src/syscalls.o
 .debug_macro   0x000100e3       0x1c ./Src/syscalls.o
 .debug_macro   0x000100ff       0x10 ./Src/syscalls.o
 .debug_macro   0x0001010f      0x18a ./Src/syscalls.o
 .debug_macro   0x00010299       0x16 ./Src/syscalls.o
 .debug_macro   0x000102af       0xce ./Src/syscalls.o
 .debug_macro   0x0001037d       0xff ./Src/sysmem.o
 .debug_macro   0x0001047c      0x23c ./Src/sysmem.o
 .debug_macro   0x000106b8      0x108 ./Src/timebase.o
 .debug_macro   0x000107c0      0x108 ./Src/uart.o
 .debug_macro   0x000108c8      0x243 ./Src/w5500_driver.o
 .debug_macro   0x00010b0b       0x10 ./Src/w5500_driver.o
 .debug_macro   0x00010b1b       0x1c ./Src/w5500_driver.o
 .debug_macro   0x00010b37      0x145 ./Wiznet_W5500/dhcp.o
 .debug_macro   0x00010c7c       0x66 ./Wiznet_W5500/dhcp.o
 .debug_macro   0x00010ce2       0xb8 ./Wiznet_W5500/socket.o
 .debug_macro   0x00010d9a       0x9d ./Wiznet_W5500/w5500.o
 .debug_macro   0x00010e37       0x94 ./Wiznet_W5500/wizchip_conf.o

.debug_line     0x00000000     0x8094
 .debug_line    0x00000000      0x621 ./Src/adc.o
 .debug_line    0x00000621      0x642 ./Src/bsp.o
 .debug_line    0x00000c63      0x571 ./Src/fpu.o
 .debug_line    0x000011d4      0xa81 ./Src/main.o
 .debug_line    0x00001c55      0xb3a ./Src/spi.o
 .debug_line    0x0000278f      0x8ad ./Src/syscalls.o
 .debug_line    0x0000303c      0x57e ./Src/sysmem.o
 .debug_line    0x000035ba      0x68e ./Src/timebase.o
 .debug_line    0x00003c48      0x68e ./Src/uart.o
 .debug_line    0x000042d6      0x9be ./Src/w5500_driver.o
 .debug_line    0x00004c94       0x7b ./Startup/startup_stm32f411retx.o
 .debug_line    0x00004d0f     0x1359 ./Wiznet_W5500/dhcp.o
 .debug_line    0x00006068      0xd79 ./Wiznet_W5500/socket.o
 .debug_line    0x00006de1      0x756 ./Wiznet_W5500/w5500.o
 .debug_line    0x00007537      0xb5d ./Wiznet_W5500/wizchip_conf.o

.debug_str      0x00000000    0x5a401
 .debug_str     0x00000000    0x4f71e ./Src/adc.o
                              0x4f88c (size before relaxing)
 .debug_str     0x0004f71e       0xd7 ./Src/bsp.o
                              0x4f85a (size before relaxing)
 .debug_str     0x0004f7f5       0x76 ./Src/fpu.o
                              0x4f6b5 (size before relaxing)
 .debug_str     0x0004f86b     0x7258 ./Src/main.o
                              0x56a07 (size before relaxing)
 .debug_str     0x00056ac3      0x278 ./Src/spi.o
                              0x50037 (size before relaxing)
 .debug_str     0x00056d3b     0x209b ./Src/syscalls.o
                               0x98cb (size before relaxing)
 .debug_str     0x00058dd6       0x66 ./Src/sysmem.o
                               0x60e3 (size before relaxing)
 .debug_str     0x00058e3c      0x10f ./Src/timebase.o
                              0x4f78d (size before relaxing)
 .debug_str     0x00058f4b       0xd5 ./Src/uart.o
                              0x4f898 (size before relaxing)
 .debug_str     0x00059020      0x23f ./Src/w5500_driver.o
                              0x56acd (size before relaxing)
 .debug_str     0x0005925f       0x3f ./Startup/startup_stm32f411retx.o
                                 0x85 (size before relaxing)
 .debug_str     0x0005929e      0x8cb ./Wiznet_W5500/dhcp.o
                               0x7665 (size before relaxing)
 .debug_str     0x00059b69      0x345 ./Wiznet_W5500/socket.o
                               0x70bd (size before relaxing)
 .debug_str     0x00059eae       0xea ./Wiznet_W5500/w5500.o
                               0x6a78 (size before relaxing)
 .debug_str     0x00059f98      0x469 ./Wiznet_W5500/wizchip_conf.o
                               0x736e (size before relaxing)

.comment        0x00000000       0x43
 .comment       0x00000000       0x43 ./Src/adc.o
                                 0x44 (size before relaxing)
 .comment       0x00000043       0x44 ./Src/bsp.o
 .comment       0x00000043       0x44 ./Src/fpu.o
 .comment       0x00000043       0x44 ./Src/main.o
 .comment       0x00000043       0x44 ./Src/spi.o
 .comment       0x00000043       0x44 ./Src/syscalls.o
 .comment       0x00000043       0x44 ./Src/sysmem.o
 .comment       0x00000043       0x44 ./Src/timebase.o
 .comment       0x00000043       0x44 ./Src/uart.o
 .comment       0x00000043       0x44 ./Src/w5500_driver.o
 .comment       0x00000043       0x44 ./Wiznet_W5500/dhcp.o
 .comment       0x00000043       0x44 ./Wiznet_W5500/socket.o
 .comment       0x00000043       0x44 ./Wiznet_W5500/w5500.o
 .comment       0x00000043       0x44 ./Wiznet_W5500/wizchip_conf.o

.debug_frame    0x00000000     0x1f48
 .debug_frame   0x00000000       0x70 ./Src/adc.o
 .debug_frame   0x00000070       0xb0 ./Src/bsp.o
 .debug_frame   0x00000120       0x30 ./Src/fpu.o
 .debug_frame   0x00000150      0x1b8 ./Src/main.o
 .debug_frame   0x00000308       0xcc ./Src/spi.o
 .debug_frame   0x000003d4      0x2ac ./Src/syscalls.o
 .debug_frame   0x00000680       0x34 ./Src/sysmem.o
 .debug_frame   0x000006b4       0xb0 ./Src/timebase.o
 .debug_frame   0x00000764       0xc4 ./Src/uart.o
 .debug_frame   0x00000828      0x1a8 ./Src/w5500_driver.o
 .debug_frame   0x000009d0      0x32c ./Wiznet_W5500/dhcp.o
 .debug_frame   0x00000cfc      0x1d4 ./Wiznet_W5500/socket.o
 .debug_frame   0x00000ed0      0x16c ./Wiznet_W5500/w5500.o
 .debug_frame   0x0000103c      0x534 ./Wiznet_W5500/wizchip_conf.o
 .debug_frame   0x00001570       0x50 C:/ST/STM32CubeIDE_1.15.1/STM32CubeIDE/plugins/com.st.stm32cube.ide.mcu.externaltools.gnu-tools-for-stm32.12.3.rel1.win32_1.0.100.202403111256/tools/bin/../lib/gcc/arm-none-eabi/12.3.1/../../../../arm-none-eabi/lib/thumb/v7e-m+fp/hard\libc_nano.a(libc_a-mallocr.o)
 .debug_frame   0x000015c0       0x30 C:/ST/STM32CubeIDE_1.15.1/STM32CubeIDE/plugins/com.st.stm32cube.ide.mcu.externaltools.gnu-tools-for-stm32.12.3.rel1.win32_1.0.100.202403111256/tools/bin/../lib/gcc/arm-none-eabi/12.3.1/../../../../arm-none-eabi/lib/thumb/v7e-m+fp/hard\libc_nano.a(libc_a-mlock.o)
 .debug_frame   0x000015f0      0x144 C:/ST/STM32CubeIDE_1.15.1/STM32CubeIDE/plugins/com.st.stm32cube.ide.mcu.externaltools.gnu-tools-for-stm32.12.3.rel1.win32_1.0.100.202403111256/tools/bin/../lib/gcc/arm-none-eabi/12.3.1/../../../../arm-none-eabi/lib/thumb/v7e-m+fp/hard\libc_nano.a(libc_a-findfp.o)
 .debug_frame   0x00001734       0x34 C:/ST/STM32CubeIDE_1.15.1/STM32CubeIDE/plugins/com.st.stm32cube.ide.mcu.externaltools.gnu-tools-for-stm32.12.3.rel1.win32_1.0.100.202403111256/tools/bin/../lib/gcc/arm-none-eabi/12.3.1/../../../../arm-none-eabi/lib/thumb/v7e-m+fp/hard\libc_nano.a(libc_a-fwalk.o)
 .debug_frame   0x00001768       0x6c C:/ST/STM32CubeIDE_1.15.1/STM32CubeIDE/plugins/com.st.stm32cube.ide.mcu.externaltools.gnu-tools-for-stm32.12.3.rel1.win32_1.0.100.202403111256/tools/bin/../lib/gcc/arm-none-eabi/12.3.1/../../../../arm-none-eabi/lib/thumb/v7e-m+fp/hard\libc_nano.a(libc_a-printf.o)
 .debug_frame   0x000017d4       0x3c C:/ST/STM32CubeIDE_1.15.1/STM32CubeIDE/plugins/com.st.stm32cube.ide.mcu.externaltools.gnu-tools-for-stm32.12.3.rel1.win32_1.0.100.202403111256/tools/bin/../lib/gcc/arm-none-eabi/12.3.1/../../../../arm-none-eabi/lib/thumb/v7e-m+fp/hard\libc_nano.a(libc_a-puts.o)
 .debug_frame   0x00001810       0x6c C:/ST/STM32CubeIDE_1.15.1/STM32CubeIDE/plugins/com.st.stm32cube.ide.mcu.externaltools.gnu-tools-for-stm32.12.3.rel1.win32_1.0.100.202403111256/tools/bin/../lib/gcc/arm-none-eabi/12.3.1/../../../../arm-none-eabi/lib/thumb/v7e-m+fp/hard\libc_nano.a(libc_a-sprintf.o)
 .debug_frame   0x0000187c       0x88 C:/ST/STM32CubeIDE_1.15.1/STM32CubeIDE/plugins/com.st.stm32cube.ide.mcu.externaltools.gnu-tools-for-stm32.12.3.rel1.win32_1.0.100.202403111256/tools/bin/../lib/gcc/arm-none-eabi/12.3.1/../../../../arm-none-eabi/lib/thumb/v7e-m+fp/hard\libc_nano.a(libc_a-stdio.o)
 .debug_frame   0x00001904       0x40 C:/ST/STM32CubeIDE_1.15.1/STM32CubeIDE/plugins/com.st.stm32cube.ide.mcu.externaltools.gnu-tools-for-stm32.12.3.rel1.win32_1.0.100.202403111256/tools/bin/../lib/gcc/arm-none-eabi/12.3.1/../../../../arm-none-eabi/lib/thumb/v7e-m+fp/hard\libc_nano.a(libc_a-wbuf.o)
 .debug_frame   0x00001944       0x2c C:/ST/STM32CubeIDE_1.15.1/STM32CubeIDE/plugins/com.st.stm32cube.ide.mcu.externaltools.gnu-tools-for-stm32.12.3.rel1.win32_1.0.100.202403111256/tools/bin/../lib/gcc/arm-none-eabi/12.3.1/../../../../arm-none-eabi/lib/thumb/v7e-m+fp/hard\libc_nano.a(libc_a-wsetup.o)
 .debug_frame   0x00001970       0x20 C:/ST/STM32CubeIDE_1.15.1/STM32CubeIDE/plugins/com.st.stm32cube.ide.mcu.externaltools.gnu-tools-for-stm32.12.3.rel1.win32_1.0.100.202403111256/tools/bin/../lib/gcc/arm-none-eabi/12.3.1/../../../../arm-none-eabi/lib/thumb/v7e-m+fp/hard\libc_nano.a(libc_a-memset.o)
 .debug_frame   0x00001990       0x2c C:/ST/STM32CubeIDE_1.15.1/STM32CubeIDE/plugins/com.st.stm32cube.ide.mcu.externaltools.gnu-tools-for-stm32.12.3.rel1.win32_1.0.100.202403111256/tools/bin/../lib/gcc/arm-none-eabi/12.3.1/../../../../arm-none-eabi/lib/thumb/v7e-m+fp/hard\libc_nano.a(libc_a-closer.o)